Info: Starting: Create block symbol file (.bsf)
Info: qsys-generate D:\Dropbox\Develop\Projects\UA3REO\FPGA\debug1.qsys --block-symbol-file --output-directory=D:\Dropbox\Develop\Projects\UA3REO\FPGA\debug1 --family="Cyclone IV E" --part=EP4CE22E22C8
Progress: Loading FPGA/debug1.qsys
Progress: Reading input file
Progress: Adding in_system_sources_probes_0 [altera_in_system_sources_probes 17.1]
Progress: Parameterizing module in_system_sources_probes_0
Progress: Building connections
Progress: Parameterizing connections
Progress: Validating
Progress: Done reading input file
Info: qsys-generate succeeded.
Info: Finished: Create block symbol file (.bsf)
Info: 
Info: Starting: Create HDL design files for synthesis
Info: qsys-generate D:\Dropbox\Develop\Projects\UA3REO\FPGA\debug1.qsys --synthesis=VERILOG --output-directory=D:\Dropbox\Develop\Projects\UA3REO\FPGA\debug1\synthesis --family="Cyclone IV E" --part=EP4CE22E22C8
Progress: Loading FPGA/debug1.qsys
Progress: Reading input file
Progress: Adding in_system_sources_probes_0 [altera_in_system_sources_probes 17.1]
Progress: Parameterizing module in_system_sources_probes_0
Progress: Building connections
Progress: Parameterizing connections
Progress: Validating
Progress: Done reading input file
Info: debug1: Generating debug1 "debug1" for QUARTUS_SYNTH
Info: in_system_sources_probes_0: "debug1" instantiated altera_in_system_sources_probes "in_system_sources_probes_0"
Info: debug1: Done "debug1" with 2 modules, 2 files
Info: qsys-generate succeeded.
Info: Finished: Create HDL design files for synthesis
