<html>
<body>
<pre>
<h1>µVision Build Log</h1>
<h2>Tool Versions:</h2>
IDE-Version: µVision V5.26.2.0
Copyright (C) 2018 ARM Ltd and ARM Germany GmbH. All rights reserved.
License Information: Dmitry Panin, Home, LIC=MGXGK-ZZ8KV-QI75M-X3K3N-23WTG-7AM7L
 
Tool Versions:
Toolchain:       MDK-ARM Professional  Version: 5.26.2.0
Toolchain Path:  C:\Keil_v5\ARM\ARMCLANG\Bin
C Compiler:      ArmClang.exe V6.10.1
Assembler:       Armasm.exe V6.10.1
Linker/Locator:  ArmLink.exe V6.10.1
Library Manager: ArmAr.exe V6.10.1
Hex Converter:   FromElf.exe V6.10.1
CPU DLL:         SARMCM3.DLL V5.26.2.0
Dialog DLL:      DCM.DLL V1.17.2.0
Target DLL:      STLink\ST-LINKIII-KEIL_SWO.dll V3.0.5.0
Dialog DLL:      TCM.DLL V1.36.1.0
 
<h2>Project:</h2>
D:\Dropbox\Develop\Projects\UA3REO\STM32\MDK-ARM\UA3REO.uvprojx
Project File Date:  10/23/2018

<h2>Output:</h2>
*** Using Compiler 'V6.10.1', folder: 'C:\Keil_v5\ARM\ARMCLANG\Bin'
Build target 'UA3REO'
assembling startup_stm32f407xx.s...
compiling bootloader.c...
compiling functions.c...
compiling trx_manager.c...
compiling fft.c...
compiling encoder.c...
compiling fpga.c...
compiling wm8731.c...
compiling lcd.c...
compiling notch_filter.c...
compiling audio_processor.c...
compiling audio_filters.c...
compiling agc.c...
compiling wire.c...
compiling settings.c...
compiling main.c...
compiling stm32f4xx_it.c...
compiling stm32f4xx_ll_fsmc.c...
compiling stm32f4xx_hal_msp.c...
compiling stm32f4xx_hal_sram.c...
compiling stm32f4xx_hal_i2s.c...
compiling stm32f4xx_hal_i2s_ex.c...
compiling stm32f4xx_hal_spi.c...
compiling stm32f4xx_hal_tim_ex.c...
compiling stm32f4xx_hal_rcc_ex.c...
compiling stm32f4xx_hal_rcc.c...
compiling stm32f4xx_hal_flash.c...
compiling stm32f4xx_hal_flash_ex.c...
compiling stm32f4xx_hal_uart.c...
compiling stm32f4xx_hal_flash_ramfunc.c...
compiling stm32f4xx_hal_tim.c...
compiling stm32f4xx_hal_gpio.c...
compiling stm32f4xx_hal_pwr.c...
compiling stm32f4xx_hal_dma_ex.c...
compiling stm32f4xx_hal_dma.c...
compiling stm32f4xx_hal_pwr_ex.c...
compiling stm32f4xx_hal_cortex.c...
compiling stm32f4xx_hal.c...
compiling system_stm32f4xx.c...
compiling MA_ILI9341.c...
compiling xpt2046_spi.c...
linking...
Program Size: Code=44048 RO-data=8136 RW-data=92 ZI-data=40836  
FromELF: creating hex file...
"UA3REO\UA3REO.axf" - 0 Error(s), 0 Warning(s).

<h2>Software Packages used:</h2>

Package Vendor: ARM
                http://www.keil.com/pack/ARM.CMSIS.5.4.0.pack
                ARM.CMSIS.5.4.0
                CMSIS (Cortex Microcontroller Software Interface Standard)
   * Component: CORE Version: 5.1.2
   * Component: DSP Version: 1.5.2

Package Vendor: Keil
                http://www.keil.com/pack/Keil.STM32F4xx_DFP.2.13.0.pack
                Keil.STM32F4xx_DFP.2.13.0
                STMicroelectronics STM32F4 Series Device Support, Drivers and Examples

<h2>Collection of Component include folders:</h2>
  .\RTE\_UA3REO
  C:\Keil_v5\ARM\PACK\ARM\CMSIS\5.4.0\CMSIS\Core\Include
  C:\Keil_v5\ARM\PACK\ARM\CMSIS\5.4.0\CMSIS\DSP\Include
  C:\Keil_v5\ARM\PACK\Keil\STM32F4xx_DFP\2.13.0\Drivers\CMSIS\Device\ST\STM32F4xx\Include

<h2>Collection of Component Files used:</h2>

   * Component: ARM::CMSIS:CORE:5.1.2

   * Component: ARM::CMSIS:DSP:1.5.2
      Include file:  CMSIS\DSP\Include\arm_math.h
      Library file:  CMSIS\Lib\ARM\arm_cortexM4lf_math.lib
Build Time Elapsed:  00:00:06
</pre>
</body>
</html>
