Component: ARM Compiler 5.06 update 6 (build 750) Tool: armlink [4d35ed]

==============================================================================

Section Cross References

    startup_stm32f407xx.o(RESET) refers to startup_stm32f407xx.o(STACK) for __initial_sp
    startup_stm32f407xx.o(RESET) refers to startup_stm32f407xx.o(.text) for Reset_Handler
    startup_stm32f407xx.o(RESET) refers to stm32f4xx_it.o(i.NMI_Handler) for NMI_Handler
    startup_stm32f407xx.o(RESET) refers to stm32f4xx_it.o(i.HardFault_Handler) for HardFault_Handler
    startup_stm32f407xx.o(RESET) refers to stm32f4xx_it.o(i.MemManage_Handler) for MemManage_Handler
    startup_stm32f407xx.o(RESET) refers to stm32f4xx_it.o(i.BusFault_Handler) for BusFault_Handler
    startup_stm32f407xx.o(RESET) refers to stm32f4xx_it.o(i.UsageFault_Handler) for UsageFault_Handler
    startup_stm32f407xx.o(RESET) refers to stm32f4xx_it.o(i.SVC_Handler) for SVC_Handler
    startup_stm32f407xx.o(RESET) refers to stm32f4xx_it.o(i.DebugMon_Handler) for DebugMon_Handler
    startup_stm32f407xx.o(RESET) refers to stm32f4xx_it.o(i.PendSV_Handler) for PendSV_Handler
    startup_stm32f407xx.o(RESET) refers to stm32f4xx_it.o(i.SysTick_Handler) for SysTick_Handler
    startup_stm32f407xx.o(RESET) refers to stm32f4xx_it.o(i.EXTI2_IRQHandler) for EXTI2_IRQHandler
    startup_stm32f407xx.o(RESET) refers to stm32f4xx_it.o(i.EXTI4_IRQHandler) for EXTI4_IRQHandler
    startup_stm32f407xx.o(RESET) refers to stm32f4xx_it.o(i.DMA1_Stream0_IRQHandler) for DMA1_Stream0_IRQHandler
    startup_stm32f407xx.o(RESET) refers to stm32f4xx_it.o(i.DMA1_Stream5_IRQHandler) for DMA1_Stream5_IRQHandler
    startup_stm32f407xx.o(RESET) refers to stm32f4xx_it.o(i.EXTI9_5_IRQHandler) for EXTI9_5_IRQHandler
    startup_stm32f407xx.o(RESET) refers to stm32f4xx_it.o(i.TIM5_IRQHandler) for TIM5_IRQHandler
    startup_stm32f407xx.o(RESET) refers to stm32f4xx_it.o(i.TIM6_DAC_IRQHandler) for TIM6_DAC_IRQHandler
    startup_stm32f407xx.o(RESET) refers to stm32f4xx_it.o(i.TIM7_IRQHandler) for TIM7_IRQHandler
    startup_stm32f407xx.o(.text) refers to system_stm32f4xx_1.o(i.SystemInit) for SystemInit
    startup_stm32f407xx.o(.text) refers to entry.o(.ARM.Collect$$$$00000000) for __main
    bootloader.o(i.JumpToBootloader) refers to stm32f4xx_hal_rcc_ex.o(i.HAL_RCC_DeInit) for HAL_RCC_DeInit
    bootloader.o(i.checkBootloaderButton) refers to stm32f4xx_hal_gpio.o(i.HAL_GPIO_Init) for HAL_GPIO_Init
    bootloader.o(i.checkBootloaderButton) refers to stm32f4xx_hal_gpio.o(i.HAL_GPIO_ReadPin) for HAL_GPIO_ReadPin
    bootloader.o(i.checkBootloaderButton) refers to bootloader.o(i.JumpToBootloader) for JumpToBootloader
    encoder.o(i.ENCODER_Init) refers to stm32f4xx_hal_gpio.o(i.HAL_GPIO_ReadPin) for HAL_GPIO_ReadPin
    encoder.o(i.ENCODER_Init) refers to encoder.o(.data) for .data
    encoder.o(i.ENCODER_Rotated) refers to trx_manager.o(i.TRX_getFrequency) for TRX_getFrequency
    encoder.o(i.ENCODER_Rotated) refers to trx_manager.o(i.TRX_setFrequency) for TRX_setFrequency
    encoder.o(i.ENCODER_Rotated) refers to lcd.o(i.LCD_displayFreqInfo) for LCD_displayFreqInfo
    encoder.o(i.ENCODER_Rotated) refers to lcd.o(i.LCD_redraw) for LCD_redraw
    encoder.o(i.ENCODER_Rotated) refers to agc.o(i.SetupAgcWdsp) for SetupAgcWdsp
    encoder.o(i.ENCODER_Rotated) refers to lcd.o(.data) for LCD_mainMenuOpened
    encoder.o(i.ENCODER_Rotated) refers to settings.o(.bss) for TRX
    encoder.o(i.ENCODER_Rotated) refers to settings.o(.data) for NeedSaveSettings
    encoder.o(i.ENCODER_checkRotate) refers to stm32f4xx_hal_gpio.o(i.HAL_GPIO_ReadPin) for HAL_GPIO_ReadPin
    encoder.o(i.ENCODER_checkRotate) refers to encoder.o(i.ENCODER_Rotated) for ENCODER_Rotated
    encoder.o(i.ENCODER_checkRotate) refers to encoder.o(.data) for .data
    fft.o(i.FFT_doFFT) refers to arm_cfft_f32.o(.text) for arm_cfft_f32
    fft.o(i.FFT_doFFT) refers to arm_cmplx_mag_f32.o(.text) for arm_cmplx_mag_f32
    fft.o(i.FFT_doFFT) refers to fft.o(.data) for .data
    fft.o(i.FFT_doFFT) refers to fft.o(.bss) for .bss
    fft.o(i.FFT_printFFT) refers to arm_max_f32.o(.text) for arm_max_f32
    fft.o(i.FFT_printFFT) refers to ma_ili9341.o(i.ILI9341_Fill_RectWH) for ILI9341_Fill_RectWH
    fft.o(i.FFT_printFFT) refers to ma_ili9341.o(i.ILI9341_drawFastVLine) for ILI9341_drawFastVLine
    fft.o(i.FFT_printFFT) refers to memcpya.o(.text) for __aeabi_memcpy
    fft.o(i.FFT_printFFT) refers to fft.o(i.getFFTColor) for getFFTColor
    fft.o(i.FFT_printFFT) refers to ma_ili9341.o(i.ILI9341_DrawPixel) for ILI9341_DrawPixel
    fft.o(i.FFT_printFFT) refers to lcd.o(.data) for LCD_busy
    fft.o(i.FFT_printFFT) refers to fft.o(.data) for .data
    fft.o(i.FFT_printFFT) refers to fft.o(.bss) for .bss
    fft.o(i.getFFTColor) refers to ma_ili9341.o(i.rgb888torgb565) for rgb888torgb565
    fft.o(.data) refers to arm_const_structs.o(.constdata) for arm_cfft_sR_f32_len256
    fpga.o(i.FPGA_Init) refers to fpga.o(i.FPGA_testbus) for FPGA_testbus
[...]
    FMC_IRQHandler                           0x08000277   Thumb Code     0  startup_stm32f407xx.o(.text)
    FPU_IRQHandler                           0x08000277   Thumb Code     0  startup_stm32f407xx.o(.text)
    HASH_RNG_IRQHandler                      0x08000277   Thumb Code     0  startup_stm32f407xx.o(.text)
    I2C1_ER_IRQHandler                       0x08000277   Thumb Code     0  startup_stm32f407xx.o(.text)
    I2C1_EV_IRQHandler                       0x08000277   Thumb Code     0  startup_stm32f407xx.o(.text)
    I2C2_ER_IRQHandler                       0x08000277   Thumb Code     0  startup_stm32f407xx.o(.text)
    I2C2_EV_IRQHandler                       0x08000277   Thumb Code     0  startup_stm32f407xx.o(.text)
    I2C3_ER_IRQHandler                       0x08000277   Thumb Code     0  startup_stm32f407xx.o(.text)
    I2C3_EV_IRQHandler                       0x08000277   Thumb Code     0  startup_stm32f407xx.o(.text)
    OTG_FS_IRQHandler                        0x08000277   Thumb Code     0  startup_stm32f407xx.o(.text)
    OTG_FS_WKUP_IRQHandler                   0x08000277   Thumb Code     0  startup_stm32f407xx.o(.text)
    OTG_HS_EP1_IN_IRQHandler                 0x08000277   Thumb Code     0  startup_stm32f407xx.o(.text)
    OTG_HS_EP1_OUT_IRQHandler                0x08000277   Thumb Code     0  startup_stm32f407xx.o(.text)
    OTG_HS_IRQHandler                        0x08000277   Thumb Code     0  startup_stm32f407xx.o(.text)
    OTG_HS_WKUP_IRQHandler                   0x08000277   Thumb Code     0  startup_stm32f407xx.o(.text)
    PVD_IRQHandler                           0x08000277   Thumb Code     0  startup_stm32f407xx.o(.text)
    RCC_IRQHandler                           0x08000277   Thumb Code     0  startup_stm32f407xx.o(.text)
    RTC_Alarm_IRQHandler                     0x08000277   Thumb Code     0  startup_stm32f407xx.o(.text)
    RTC_WKUP_IRQHandler                      0x08000277   Thumb Code     0  startup_stm32f407xx.o(.text)
    SDIO_IRQHandler                          0x08000277   Thumb Code     0  startup_stm32f407xx.o(.text)
    SPI1_IRQHandler                          0x08000277   Thumb Code     0  startup_stm32f407xx.o(.text)
    SPI2_IRQHandler                          0x08000277   Thumb Code     0  startup_stm32f407xx.o(.text)
    SPI3_IRQHandler                          0x08000277   Thumb Code     0  startup_stm32f407xx.o(.text)
    TAMP_STAMP_IRQHandler                    0x08000277   Thumb Code     0  startup_stm32f407xx.o(.text)
    TIM1_BRK_TIM9_IRQHandler                 0x08000277   Thumb Code     0  startup_stm32f407xx.o(.text)
    TIM1_CC_IRQHandler                       0x08000277   Thumb Code     0  startup_stm32f407xx.o(.text)
    TIM1_TRG_COM_TIM11_IRQHandler            0x08000277   Thumb Code     0  startup_stm32f407xx.o(.text)
    TIM1_UP_TIM10_IRQHandler                 0x08000277   Thumb Code     0  startup_stm32f407xx.o(.text)
    TIM2_IRQHandler                          0x08000277   Thumb Code     0  startup_stm32f407xx.o(.text)
    TIM3_IRQHandler                          0x08000277   Thumb Code     0  startup_stm32f407xx.o(.text)
    TIM4_IRQHandler                          0x08000277   Thumb Code     0  startup_stm32f407xx.o(.text)
    TIM8_BRK_TIM12_IRQHandler                0x08000277   Thumb Code     0  startup_stm32f407xx.o(.text)
    TIM8_CC_IRQHandler                       0x08000277   Thumb Code     0  startup_stm32f407xx.o(.text)
    TIM8_TRG_COM_TIM14_IRQHandler            0x08000277   Thumb Code     0  startup_stm32f407xx.o(.text)
    TIM8_UP_TIM13_IRQHandler                 0x08000277   Thumb Code     0  startup_stm32f407xx.o(.text)
    UART4_IRQHandler                         0x08000277   Thumb Code     0  startup_stm32f407xx.o(.text)
    UART5_IRQHandler                         0x08000277   Thumb Code     0  startup_stm32f407xx.o(.text)
    USART1_IRQHandler                        0x08000277   Thumb Code     0  startup_stm32f407xx.o(.text)
    USART2_IRQHandler                        0x08000277   Thumb Code     0  startup_stm32f407xx.o(.text)
    USART3_IRQHandler                        0x08000277   Thumb Code     0  startup_stm32f407xx.o(.text)
    USART6_IRQHandler                        0x08000277   Thumb Code     0  startup_stm32f407xx.o(.text)
    WWDG_IRQHandler                          0x08000277   Thumb Code     0  startup_stm32f407xx.o(.text)
    arm_add_f32                              0x08000281   Thumb Code   210  arm_add_f32.o(.text)
    arm_scale_f32                            0x08000355   Thumb Code   152  arm_scale_f32.o(.text)
    arm_sub_f32                              0x080003ed   Thumb Code   210  arm_sub_f32.o(.text)
    arm_cmplx_mag_f32                        0x080004c1   Thumb Code   246  arm_cmplx_mag_f32.o(.text)
    arm_fir_f32                              0x080005bd   Thumb Code  1330  arm_fir_f32.o(.text)
    arm_fir_init_f32                         0x08000aef   Thumb Code    28  arm_fir_init_f32.o(.text)
    arm_cfft_radix8by2_f32                   0x08000b0d   Thumb Code   398  arm_cfft_f32.o(.text)
    arm_cfft_radix8by4_f32                   0x08000c9b   Thumb Code  1098  arm_cfft_f32.o(.text)
    arm_cfft_f32                             0x080010e5   Thumb Code   330  arm_cfft_f32.o(.text)
    arm_max_f32                              0x08001231   Thumb Code   216  arm_max_f32.o(.text)
    arm_radix8_butterfly_f32                 0x08001309   Thumb Code  1244  arm_cfft_radix8_f32.o(.text)
    __aeabi_uldivmod                         0x080017e5   Thumb Code    98  uldiv.o(.text)
    __aeabi_memcpy                           0x08001847   Thumb Code    36  memcpya.o(.text)
    __aeabi_memcpy4                          0x08001847   Thumb Code     0  memcpya.o(.text)
    __aeabi_memcpy8                          0x08001847   Thumb Code     0  memcpya.o(.text)
    __aeabi_memset                           0x0800186b   Thumb Code    14  memseta.o(.text)
    __aeabi_memset4                          0x0800186b   Thumb Code     0  memseta.o(.text)
    __aeabi_memset8                          0x0800186b   Thumb Code     0  memseta.o(.text)
    __aeabi_memclr                           0x08001879   Thumb Code     4  memseta.o(.text)
    __aeabi_memclr4                          0x08001879   Thumb Code     0  memseta.o(.text)
    __aeabi_memclr8                          0x08001879   Thumb Code     0  memseta.o(.text)
    _memset$wrapper                          0x0800187d   Thumb Code    18  memseta.o(.text)
    strcat                                   0x0800188f   Thumb Code    24  strcat.o(.text)
    strlen                                   0x080018a7   Thumb Code    14  strlen.o(.text)
    strcpy                                   0x080018b5   Thumb Code    18  strcpy.o(.text)
    __aeabi_dmul                             0x080018c7   Thumb Code   228  dmul.o(.text)
    __aeabi_ddiv                             0x080019ab   Thumb Code   222  ddiv.o(.text)
    __aeabi_ui2d                             0x08001a89   Thumb Code    26  dfltui.o(.text)
    __aeabi_d2iz                             0x08001aa3   Thumb Code    62  dfixi.o(.text)
    __aeabi_d2uiz                            0x08001ae1   Thumb Code    50  dfixui.o(.text)
    __aeabi_f2d                              0x08001b13   Thumb Code    38  f2d.o(.text)
    __aeabi_d2f                              0x08001b39   Thumb Code    56  d2f.o(.text)
    __aeabi_uidiv                            0x08001b71   Thumb Code     0  uidiv.o(.text)
    __aeabi_uidivmod                         0x08001b71   Thumb Code    44  uidiv.o(.text)
    __aeabi_llsl                             0x08001b9d   Thumb Code    30  llshl.o(.text)
    _ll_shift_l                              0x08001b9d   Thumb Code     0  llshl.o(.text)
    __aeabi_llsr                             0x08001bbb   Thumb Code    32  llushr.o(.text)
    _ll_ushift_r                             0x08001bbb   Thumb Code     0  llushr.o(.text)
    __I$use$fp                               0x08001bdb   Thumb Code     0  iusefp.o(.text)
    _float_round                             0x08001bdb   Thumb Code    18  fepilogue.o(.text)
    _float_epilogue                          0x08001bed   Thumb Code    92  fepilogue.o(.text)
    _double_round                            0x08001c49   Thumb Code    30  depilogue.o(.text)
    _double_epilogue                         0x08001c67   Thumb Code   156  depilogue.o(.text)
    __aeabi_dadd                             0x08001d03   Thumb Code   322  dadd.o(.text)
    __aeabi_dsub                             0x08001e45   Thumb Code     6  dadd.o(.text)
    __aeabi_drsub                            0x08001e4b   Thumb Code     6  dadd.o(.text)
    _drnd                                    0x08001e51   Thumb Code   132  drnd.o(.text)
    __aeabi_d2ulz                            0x08001ed9   Thumb Code    48  dfixul.o(.text)
    __aeabi_cdcmpeq                          0x08001f09   Thumb Code     0  cdcmple.o(.text)
    __aeabi_cdcmple                          0x08001f09   Thumb Code    48  cdcmple.o(.text)
    __aeabi_cdrcmple                         0x08001f39   Thumb Code    48  cdrcmple.o(.text)
    __fp_status                              0x08001f69   Thumb Code     4  fpstat.o(.text)
    __ieee_status                            0x08001f69   Thumb Code     0  fpstat.o(.text)
    __scatterload                            0x08001f6d   Thumb Code    28  init.o(.text)
    __scatterload_rt2                        0x08001f6d   Thumb Code     0  init.o(.text)
    __aeabi_lasr                             0x08001f91   Thumb Code    36  llsshr.o(.text)
    _ll_sshift_r                             0x08001f91   Thumb Code     0  llsshr.o(.text)
    BusFault_Handler                         0x08001fb5   Thumb Code     2  stm32f4xx_it.o(i.BusFault_Handler)
    DMA1_Stream0_IRQHandler                  0x08001fb9   Thumb Code     6  stm32f4xx_it.o(i.DMA1_Stream0_IRQHandler)
    DMA1_Stream5_IRQHandler                  0x08001fc5   Thumb Code     6  stm32f4xx_it.o(i.DMA1_Stream5_IRQHandler)
    DebugMon_Handler                         0x08002075   Thumb Code     2  stm32f4xx_it.o(i.DebugMon_Handler)
    ENCODER_Init                             0x08002079   Thumb Code    16  encoder.o(i.ENCODER_Init)
    ENCODER_Rotated                          0x08002091   Thumb Code   226  encoder.o(i.ENCODER_Rotated)
    ENCODER_checkRotate                      0x08002189   Thumb Code    74  encoder.o(i.ENCODER_checkRotate)
    EXTI2_IRQHandler                         0x080021dd   Thumb Code    26  stm32f4xx_it.o(i.EXTI2_IRQHandler)
    EXTI4_IRQHandler                         0x080021fd   Thumb Code    26  stm32f4xx_it.o(i.EXTI4_IRQHandler)
    EXTI9_5_IRQHandler                       0x0800221d   Thumb Code    16  stm32f4xx_it.o(i.EXTI9_5_IRQHandler)
    FFT_doFFT                                0x0800222d   Thumb Code    60  fft.o(i.FFT_doFFT)
    FFT_printFFT                             0x08002279   Thumb Code   420  fft.o(i.FFT_printFFT)
    FPGA_Init                                0x08002445   Thumb Code    14  fpga.o(i.FPGA_Init)
    FPGA_fpgadata_clock                      0x08002455   Thumb Code   112  fpga.o(i.FPGA_fpgadata_clock)
    FPGA_fpgadata_getiq                      0x080024d1   Thumb Code   332  fpga.o(i.FPGA_fpgadata_getiq)
    FPGA_fpgadata_getparam                   0x0800263d   Thumb Code    32  fpga.o(i.FPGA_fpgadata_getparam)
    FPGA_fpgadata_sendiq                     0x08002669   Thumb Code   220  fpga.o(i.FPGA_fpgadata_sendiq)
    FPGA_fpgadata_sendparam                  0x0800275d   Thumb Code   214  fpga.o(i.FPGA_fpgadata_sendparam)
    FPGA_readPacket                          0x08002849   Thumb Code    40  fpga.o(i.FPGA_readPacket)
    FPGA_start_audio_clock                   0x08002875   Thumb Code    44  fpga.o(i.FPGA_start_audio_clock)
    FPGA_stop_audio_clock                    0x080028a9   Thumb Code    44  fpga.o(i.FPGA_stop_audio_clock)
    FPGA_testbus                             0x080028dd   Thumb Code   206  fpga.o(i.FPGA_testbus)
    FPGA_writePacket                         0x08002a0d   Thumb Code    44  fpga.o(i.FPGA_writePacket)
    FSMC_NORSRAM_Extended_Timing_Init        0x08002a3d   Thumb Code    60  stm32f4xx_ll_fsmc.o(i.FSMC_NORSRAM_Extended_Timing_Init)
    FSMC_NORSRAM_Init                        0x08002a7d   Thumb Code    80  stm32f4xx_ll_fsmc.o(i.FSMC_NORSRAM_Init)
    FSMC_NORSRAM_Timing_Init                 0x08002ad1   Thumb Code    64  stm32f4xx_ll_fsmc.o(i.FSMC_NORSRAM_Timing_Init)
    Flash_Read_Data                          0x08002b15   Thumb Code    70  settings.o(i.Flash_Read_Data)
    Flash_Sector_Erase                       0x08002b6d   Thumb Code    92  settings.o(i.Flash_Sector_Erase)
    Flash_Write_Data                         0x08002bd5   Thumb Code   104  settings.o(i.Flash_Write_Data)
    Get_Touch                                0x08002c4d   Thumb Code    32  xpt2046_spi.o(i.Get_Touch)
    Get_Touch_XY                             0x08002c6d   Thumb Code   190  xpt2046_spi.o(i.Get_Touch_XY)
    HAL_DMA_Abort                            0x08002d31   Thumb Code   142  stm32f4xx_hal_dma.o(i.HAL_DMA_Abort)
    HAL_DMA_DeInit                           0x08002dbf   Thumb Code    86  stm32f4xx_hal_dma.o(i.HAL_DMA_DeInit)
    HAL_DMA_IRQHandler                       0x08002e15   Thumb Code   412  stm32f4xx_hal_dma.o(i.HAL_DMA_IRQHandler)
    HAL_DMA_Init                             0x08002fb5   Thumb Code   206  stm32f4xx_hal_dma.o(i.HAL_DMA_Init)
    HAL_DMA_PollForTransfer                  0x08003089   Thumb Code   292  stm32f4xx_hal_dma.o(i.HAL_DMA_PollForTransfer)
    HAL_DMA_Start                            0x080031ad   Thumb Code    70  stm32f4xx_hal_dma.o(i.HAL_DMA_Start)
    HAL_DMA_Start_IT                         0x080031f3   Thumb Code   120  stm32f4xx_hal_dma.o(i.HAL_DMA_Start_IT)
    HAL_Delay                                0x0800326d   Thumb Code    32  stm32f4xx_hal.o(i.HAL_Delay)
    HAL_GPIO_DeInit                          0x080032f9   Thumb Code   288  stm32f4xx_hal_gpio.o(i.HAL_GPIO_DeInit)
    HAL_GPIO_EXTI_Callback                   0x08003441   Thumb Code     2  stm32f4xx_hal_gpio.o(i.HAL_GPIO_EXTI_Callback)
    HAL_GPIO_EXTI_IRQHandler                 0x08003445   Thumb Code    18  stm32f4xx_hal_gpio.o(i.HAL_GPIO_EXTI_IRQHandler)
    HAL_GPIO_Init                            0x0800345d   Thumb Code   388  stm32f4xx_hal_gpio.o(i.HAL_GPIO_Init)
    HAL_GPIO_ReadPin                         0x0800360d   Thumb Code    10  stm32f4xx_hal_gpio.o(i.HAL_GPIO_ReadPin)
    HAL_GPIO_WritePin                        0x08003617   Thumb Code    10  stm32f4xx_hal_gpio.o(i.HAL_GPIO_WritePin)
    HAL_GetTick                              0x08003621   Thumb Code     6  stm32f4xx_hal.o(i.HAL_GetTick)
    HAL_I2SEx_FullDuplex_IRQHandler          0x0800362d   Thumb Code   476  stm32f4xx_hal_i2s_ex.o(i.HAL_I2SEx_FullDuplex_IRQHandler)
    HAL_I2SEx_TransmitReceive_DMA            0x08003811   Thumb Code   390  stm32f4xx_hal_i2s_ex.o(i.HAL_I2SEx_TransmitReceive_DMA)
    HAL_I2SEx_TxRxCpltCallback               0x080039ad   Thumb Code     2  stm32f4xx_hal_i2s_ex.o(i.HAL_I2SEx_TxRxCpltCallback)
    HAL_I2SEx_TxRxHalfCpltCallback           0x080039af   Thumb Code     2  stm32f4xx_hal_i2s_ex.o(i.HAL_I2SEx_TxRxHalfCpltCallback)
    HAL_I2S_DMAStop                          0x080039b1   Thumb Code   196  stm32f4xx_hal_i2s.o(i.HAL_I2S_DMAStop)
    HAL_I2S_DeInit                           0x08003a7d   Thumb Code    36  stm32f4xx_hal_i2s.o(i.HAL_I2S_DeInit)
    HAL_I2S_ErrorCallback                    0x08003aa1   Thumb Code     2  stm32f4xx_hal_i2s.o(i.HAL_I2S_ErrorCallback)
    HAL_I2S_GetState                         0x08003aa3   Thumb Code     6  stm32f4xx_hal_i2s.o(i.HAL_I2S_GetState)
    HAL_I2S_Init                             0x08003aa9   Thumb Code   366  stm32f4xx_hal_i2s.o(i.HAL_I2S_Init)
    HAL_I2S_MspDeInit                        0x08003c29   Thumb Code    60  stm32f4xx_hal_msp.o(i.HAL_I2S_MspDeInit)
    HAL_I2S_MspInit                          0x08003c75   Thumb Code   260  stm32f4xx_hal_msp.o(i.HAL_I2S_MspInit)
    HAL_I2S_RxCpltCallback                   0x08003db5   Thumb Code     2  stm32f4xx_hal_i2s.o(i.HAL_I2S_RxCpltCallback)
    HAL_I2S_Transmit_DMA                     0x08003db9   Thumb Code   156  stm32f4xx_hal_i2s.o(i.HAL_I2S_Transmit_DMA)
    HAL_I2S_TxCpltCallback                   0x08003e61   Thumb Code    26  wm8731.o(i.HAL_I2S_TxCpltCallback)
    HAL_I2S_TxHalfCpltCallback               0x08003e89   Thumb Code    28  wm8731.o(i.HAL_I2S_TxHalfCpltCallback)
    HAL_IncTick                              0x08003eb1   Thumb Code    12  stm32f4xx_hal.o(i.HAL_IncTick)
    HAL_Init                                 0x08003ec1   Thumb Code    48  stm32f4xx_hal.o(i.HAL_Init)
    HAL_InitTick                             0x08003ef5   Thumb Code    54  stm32f4xx_hal.o(i.HAL_InitTick)
    HAL_MspInit                              0x08003f35   Thumb Code   126  stm32f4xx_hal_msp.o(i.HAL_MspInit)
    HAL_NVIC_EnableIRQ                       0x08003fb9   Thumb Code    22  stm32f4xx_hal_cortex.o(i.HAL_NVIC_EnableIRQ)
    HAL_NVIC_SetPriority                     0x08003fd1   Thumb Code    60  stm32f4xx_hal_cortex.o(i.HAL_NVIC_SetPriority)
    HAL_NVIC_SetPriorityGrouping             0x08004011   Thumb Code    26  stm32f4xx_hal_cortex.o(i.HAL_NVIC_SetPriorityGrouping)
    HAL_RCCEx_GetPeriphCLKFreq               0x08004035   Thumb Code    76  stm32f4xx_hal_rcc_ex.o(i.HAL_RCCEx_GetPeriphCLKFreq)
    HAL_RCC_ClockConfig                      0x08004091   Thumb Code   286  stm32f4xx_hal_rcc.o(i.HAL_RCC_ClockConfig)
    HAL_RCC_DeInit                           0x080041c1   Thumb Code   282  stm32f4xx_hal_rcc_ex.o(i.HAL_RCC_DeInit)
    HAL_RCC_GetHCLKFreq                      0x080042f1   Thumb Code     6  stm32f4xx_hal_rcc.o(i.HAL_RCC_GetHCLKFreq)
    HAL_RCC_GetPCLK1Freq                     0x080042fd   Thumb Code    20  stm32f4xx_hal_rcc.o(i.HAL_RCC_GetPCLK1Freq)
    HAL_RCC_GetPCLK2Freq                     0x0800431d   Thumb Code    20  stm32f4xx_hal_rcc.o(i.HAL_RCC_GetPCLK2Freq)
    HAL_RCC_GetSysClockFreq                  0x0800433d   Thumb Code    88  stm32f4xx_hal_rcc.o(i.HAL_RCC_GetSysClockFreq)
    HAL_RCC_OscConfig                        0x0800439d   Thumb Code   770  stm32f4xx_hal_rcc.o(i.HAL_RCC_OscConfig)
    HAL_SPI_Init                             0x080046b9   Thumb Code   128  stm32f4xx_hal_spi.o(i.HAL_SPI_Init)
    HAL_SPI_MspInit                          0x08004739   Thumb Code    88  stm32f4xx_hal_msp.o(i.HAL_SPI_MspInit)
    HAL_SPI_Receive                          0x080047a1   Thumb Code   336  stm32f4xx_hal_spi.o(i.HAL_SPI_Receive)
    HAL_SPI_Transmit                         0x080048f1   Thumb Code   360  stm32f4xx_hal_spi.o(i.HAL_SPI_Transmit)
    HAL_SPI_TransmitReceive                  0x08004a59   Thumb Code   472  stm32f4xx_hal_spi.o(i.HAL_SPI_TransmitReceive)
    HAL_SRAM_Init                            0x08004c31   Thumb Code    86  stm32f4xx_hal_sram.o(i.HAL_SRAM_Init)
    HAL_SRAM_MspInit                         0x08004c87   Thumb Code     4  stm32f4xx_hal_msp.o(i.HAL_SRAM_MspInit)
    HAL_SYSTICK_CLKSourceConfig              0x08004c8b   Thumb Code    24  stm32f4xx_hal_cortex.o(i.HAL_SYSTICK_CLKSourceConfig)
    HAL_SYSTICK_Callback                     0x08004ca3   Thumb Code     2  stm32f4xx_hal_cortex.o(i.HAL_SYSTICK_Callback)
    HAL_SYSTICK_Config                       0x08004ca5   Thumb Code    40  stm32f4xx_hal_cortex.o(i.HAL_SYSTICK_Config)
    HAL_SYSTICK_IRQHandler                   0x08004ccd   Thumb Code     8  stm32f4xx_hal_cortex.o(i.HAL_SYSTICK_IRQHandler)
    HAL_TIMEx_BreakCallback                  0x08004cd5   Thumb Code     2  stm32f4xx_hal_tim_ex.o(i.HAL_TIMEx_BreakCallback)
    HAL_TIMEx_CommutationCallback            0x08004cd7   Thumb Code     2  stm32f4xx_hal_tim_ex.o(i.HAL_TIMEx_CommutationCallback)
    HAL_TIMEx_MasterConfigSynchronization    0x08004cd9   Thumb Code    80  stm32f4xx_hal_tim_ex.o(i.HAL_TIMEx_MasterConfigSynchronization)
    HAL_TIM_Base_Init                        0x08004d29   Thumb Code    54  stm32f4xx_hal_tim.o(i.HAL_TIM_Base_Init)
    HAL_TIM_Base_MspInit                     0x08004d61   Thumb Code   122  stm32f4xx_hal_msp.o(i.HAL_TIM_Base_MspInit)
    HAL_TIM_Base_Start                       0x08004ded   Thumb Code    26  stm32f4xx_hal_tim.o(i.HAL_TIM_Base_Start)
    HAL_TIM_Base_Start_IT                    0x08004e07   Thumb Code    24  stm32f4xx_hal_tim.o(i.HAL_TIM_Base_Start_IT)
    HAL_TIM_ConfigClockSource                0x08004e1f   Thumb Code   242  stm32f4xx_hal_tim.o(i.HAL_TIM_ConfigClockSource)
    HAL_TIM_IC_CaptureCallback               0x08004f11   Thumb Code     2  stm32f4xx_hal_tim.o(i.HAL_TIM_IC_CaptureCallback)
    HAL_TIM_IRQHandler                       0x08004f13   Thumb Code   358  stm32f4xx_hal_tim.o(i.HAL_TIM_IRQHandler)
    HAL_TIM_OC_DelayElapsedCallback          0x08005079   Thumb Code     2  stm32f4xx_hal_tim.o(i.HAL_TIM_OC_DelayElapsedCallback)
    HAL_TIM_PWM_PulseFinishedCallback        0x0800507b   Thumb Code     2  stm32f4xx_hal_tim.o(i.HAL_TIM_PWM_PulseFinishedCallback)
    HAL_TIM_PeriodElapsedCallback            0x0800507d   Thumb Code     2  stm32f4xx_hal_tim.o(i.HAL_TIM_PeriodElapsedCallback)
    HAL_TIM_TriggerCallback                  0x0800507f   Thumb Code     2  stm32f4xx_hal_tim.o(i.HAL_TIM_TriggerCallback)
    HAL_UART_Init                            0x08005081   Thumb Code    98  stm32f4xx_hal_uart.o(i.HAL_UART_Init)
    HAL_UART_MspInit                         0x080050e5   Thumb Code    64  stm32f4xx_hal_msp.o(i.HAL_UART_MspInit)
    HAL_UART_Transmit                        0x08005131   Thumb Code   186  stm32f4xx_hal_uart.o(i.HAL_UART_Transmit)
    HardFault_Handler                        0x080051eb   Thumb Code     2  stm32f4xx_it.o(i.HardFault_Handler)
    ILI9341_DrawPixel                        0x0800556d   Thumb Code    14  ma_ili9341.o(i.ILI9341_DrawPixel)
    ILI9341_Fill                             0x08005581   Thumb Code    60  ma_ili9341.o(i.ILI9341_Fill)
    ILI9341_Fill_RectWH                      0x080055c5   Thumb Code    16  ma_ili9341.o(i.ILI9341_Fill_RectWH)
    ILI9341_Fill_RectXY                      0x080055d5   Thumb Code    50  ma_ili9341.o(i.ILI9341_Fill_RectXY)
    ILI9341_GetCurrentXOffset                0x0800560d   Thumb Code    18  ma_ili9341.o(i.ILI9341_GetCurrentXOffset)
    ILI9341_Init                             0x08005625   Thumb Code   186  ma_ili9341.o(i.ILI9341_Init)
    ILI9341_SetCursorAreaPosition            0x080056e5   Thumb Code    58  ma_ili9341.o(i.ILI9341_SetCursorAreaPosition)
    ILI9341_SetCursorPosition                0x08005729   Thumb Code    54  ma_ili9341.o(i.ILI9341_SetCursorPosition)
    ILI9341_drawChar                         0x08005769   Thumb Code   212  ma_ili9341.o(i.ILI9341_drawChar)
    ILI9341_drawFastHLine                    0x08005845   Thumb Code    30  ma_ili9341.o(i.ILI9341_drawFastHLine)
    ILI9341_drawFastVLine                    0x08005863   Thumb Code    32  ma_ili9341.o(i.ILI9341_drawFastVLine)
    ILI9341_drawRectXY                       0x08005883   Thumb Code    84  ma_ili9341.o(i.ILI9341_drawRectXY)
    ILI9341_printText                        0x080058d9   Thumb Code    64  ma_ili9341.o(i.ILI9341_printText)
    ILI9341_setRotation                      0x08005919   Thumb Code    76  ma_ili9341.o(i.ILI9341_setRotation)
    Init_XPT2046                             0x0800596d   Thumb Code    32  xpt2046_spi.o(i.Init_XPT2046)
    JumpToBootloader                         0x0800598d   Thumb Code    48  bootloader.o(i.JumpToBootloader)
    LCD_Init                                 0x080059c5   Thumb Code    42  lcd.o(i.LCD_Init)
    LCD_checkTouchPad                        0x080059f5   Thumb Code   928  lcd.o(i.LCD_checkTouchPad)
    LCD_displayFreqInfo                      0x08005de9   Thumb Code   446  lcd.o(i.LCD_displayFreqInfo)
    LCD_displayMainMenu                      0x08005fc9   Thumb Code   436  lcd.o(i.LCD_displayMainMenu)
    LCD_displayStatusInfoBar                 0x080061c9   Thumb Code   224  lcd.o(i.LCD_displayStatusInfoBar)
    LCD_displayStatusInfoGUI                 0x080062d1   Thumb Code   206  lcd.o(i.LCD_displayStatusInfoGUI)
    LCD_displayTopButtons                    0x080063d1   Thumb Code   874  lcd.o(i.LCD_displayTopButtons)
    LCD_doEvents                             0x080067ad   Thumb Code    38  lcd.o(i.LCD_doEvents)
    LCD_redraw                               0x080067d9   Thumb Code    52  lcd.o(i.LCD_redraw)
    LoadSettings                             0x08006811   Thumb Code    50  settings.o(i.LoadSettings)
    MemManage_Handler                        0x08006c8d   Thumb Code     2  stm32f4xx_it.o(i.MemManage_Handler)
    NMI_Handler                              0x08006c8f   Thumb Code     2  stm32f4xx_it.o(i.NMI_Handler)
    PendSV_Handler                           0x08006cb1   Thumb Code     2  stm32f4xx_it.o(i.PendSV_Handler)
    RxAgcWdsp                                0x08006cb5   Thumb Code   940  agc.o(i.RxAgcWdsp)
    SVC_Handler                              0x0800712f   Thumb Code     2  stm32f4xx_it.o(i.SVC_Handler)
    SaveSettings                             0x08007131   Thumb Code    32  settings.o(i.SaveSettings)
    SetupAgcWdsp                             0x08007159   Thumb Code   886  agc.o(i.SetupAgcWdsp)
    Spi_Master_Transmit                      0x08007519   Thumb Code    34  xpt2046_spi.o(i.Spi_Master_Transmit)
    SysTick_Handler                          0x08007541   Thumb Code    14  stm32f4xx_it.o(i.SysTick_Handler)
    SystemClock_Config                       0x08007551   Thumb Code   152  main_1.o(i.SystemClock_Config)
    SystemInit                               0x080075f1   Thumb Code    66  system_stm32f4xx_1.o(i.SystemInit)
    TIM5_IRQHandler                          0x08007645   Thumb Code    58  stm32f4xx_it.o(i.TIM5_IRQHandler)
    TIM6_DAC_IRQHandler                      0x08007695   Thumb Code   110  stm32f4xx_it.o(i.TIM6_DAC_IRQHandler)
    TIM7_IRQHandler                          0x08007731   Thumb Code    26  stm32f4xx_it.o(i.TIM7_IRQHandler)
    TIM_Base_SetConfig                       0x08007755   Thumb Code   148  stm32f4xx_hal_tim.o(i.TIM_Base_SetConfig)
    TRX_Init                                 0x08007881   Thumb Code    24  trx_manager.o(i.TRX_Init)
    TRX_SetLoopbackMode                      0x080078a1   Thumb Code     8  trx_manager.o(i.TRX_SetLoopbackMode)
    TRX_getFrequency                         0x080078ad   Thumb Code     6  trx_manager.o(i.TRX_getFrequency)
    TRX_getMode                              0x080078b9   Thumb Code     6  trx_manager.o(i.TRX_getMode)
    TRX_ptt_change                           0x080078c5   Thumb Code    54  trx_manager.o(i.TRX_ptt_change)
    TRX_setFrequency                         0x08007909   Thumb Code    28  trx_manager.o(i.TRX_setFrequency)
    TRX_setMode                              0x08007931   Thumb Code    12  trx_manager.o(i.TRX_setMode)
    Touch_Set_Coef                           0x08007945   Thumb Code    88  xpt2046_spi.o(i.Touch_Set_Coef)
    UsageFault_Handler                       0x08007cf1   Thumb Code     2  stm32f4xx_it.o(i.UsageFault_Handler)
    WM8731_Init                              0x08007cf5   Thumb Code    74  wm8731.o(i.WM8731_Init)
    WM8731_RX_mode                           0x08007d55   Thumb Code    54  wm8731.o(i.WM8731_RX_mode)
    WM8731_SendI2CCommand                    0x08007d8b   Thumb Code    60  wm8731.o(i.WM8731_SendI2CCommand)
    WM8731_TXRX_mode                         0x08007dc7   Thumb Code    54  wm8731.o(i.WM8731_TXRX_mode)
    WM8731_TX_mode                           0x08007dfd   Thumb Code    54  wm8731.o(i.WM8731_TX_mode)
    _Error_Handler                           0x08007e33   Thumb Code     2  main_1.o(i._Error_Handler)
    __0sprintf                               0x08007e35   Thumb Code    34  printfa.o(i.__0sprintf)
    __1sprintf                               0x08007e35   Thumb Code     0  printfa.o(i.__0sprintf)
    __2sprintf                               0x08007e35   Thumb Code     0  printfa.o(i.__0sprintf)
    __c89sprintf                             0x08007e35   Thumb Code     0  printfa.o(i.__0sprintf)
    sprintf                                  0x08007e35   Thumb Code     0  printfa.o(i.__0sprintf)
    __ARM_fpclassifyf                        0x08007e5d   Thumb Code    38  fpclassifyf.o(i.__ARM_fpclassifyf)
    __hardfp_ceil                            0x08007e89   Thumb Code   252  ceil.o(i.__hardfp_ceil)
    __hardfp_expf                            0x08007fa1   Thumb Code   426  expf.o(i.__hardfp_expf)
    __mathlib_expf                           0x08007fa1   Thumb Code     0  expf.o(i.__hardfp_expf)
    __hardfp_frexpf                          0x08008189   Thumb Code    80  frexpf.o(i.__hardfp_frexpf)
    __hardfp_log10f                          0x080081dd   Thumb Code   332  log10f.o(i.__hardfp_log10f)
    __hardfp_powf                            0x0800835d   Thumb Code  1606  powf.o(i.__hardfp_powf)
    __mathlib_powf                           0x0800835d   Thumb Code     0  powf.o(i.__hardfp_powf)
    __hardfp_round                           0x080089c1   Thumb Code   194  round.o(i.__hardfp_round)
    __mathlib_flt_divzero                    0x08008aa1   Thumb Code    14  funder.o(i.__mathlib_flt_divzero)
    __mathlib_flt_infnan                     0x08008ab5   Thumb Code     6  funder.o(i.__mathlib_flt_infnan)
    __mathlib_flt_infnan2                    0x08008abb   Thumb Code     6  funder.o(i.__mathlib_flt_infnan2)
    __mathlib_flt_invalid                    0x08008ac1   Thumb Code    10  funder.o(i.__mathlib_flt_invalid)
    __mathlib_flt_overflow                   0x08008ad1   Thumb Code    10  funder.o(i.__mathlib_flt_overflow)
    __mathlib_flt_underflow                  0x08008ae1   Thumb Code    10  funder.o(i.__mathlib_flt_underflow)
    __scatterload_copy                       0x08008af1   Thumb Code    14  handlers.o(i.__scatterload_copy)
    __scatterload_null                       0x08008aff   Thumb Code     2  handlers.o(i.__scatterload_null)
    __scatterload_zeroinit                   0x08008b01   Thumb Code    14  handlers.o(i.__scatterload_zeroinit)
    __set_errno                              0x08008b11   Thumb Code     6  errno.o(i.__set_errno)
    addSymbols                               0x080093d9   Thumb Code    96  functions.o(i.addSymbols)
    checkBootloaderButton                    0x08009439   Thumb Code    74  bootloader.o(i.checkBootloaderButton)
    delay_us                                 0x0800948d   Thumb Code    52  functions.o(i.delay_us)
    getFFTColor                              0x080094d1   Thumb Code    76  fft.o(i.getFFTColor)
    getPhraseFromFrequency                   0x0800951d   Thumb Code    50  functions.o(i.getPhraseFromFrequency)
    i2c_begin                                0x08009561   Thumb Code    54  wire.o(i.i2c_begin)
    i2c_beginTransmission_u8                 0x0800959d   Thumb Code    16  wire.o(i.i2c_beginTransmission_u8)
    i2c_endTransmission                      0x080095b1   Thumb Code   106  wire.o(i.i2c_endTransmission)
    i2c_get_ack                              0x08009625   Thumb Code   208  wire.o(i.i2c_get_ack)
    i2c_shift_out                            0x080096f9   Thumb Code   156  wire.o(i.i2c_shift_out)
    i2c_start                                0x08009799   Thumb Code    78  wire.o(i.i2c_start)
    i2c_stop                                 0x080097ed   Thumb Code   136  wire.o(i.i2c_stop)
    i2c_writeOneByte                         0x08009879   Thumb Code    20  wire.o(i.i2c_writeOneByte)
    i2c_write_u8                             0x0800988d   Thumb Code    24  wire.o(i.i2c_write_u8)
    initAudioProcessor                       0x080098ad   Thumb Code    82  audio_processor.o(i.initAudioProcessor)
    isTouch                                  0x0800993d   Thumb Code    20  xpt2046_spi.o(i.isTouch)
    log10f_fast                              0x08009955   Thumb Code    74  functions.o(i.log10f_fast)
    logToUART1_num                           0x080099b5   Thumb Code    34  functions.o(i.logToUART1_num)
    logToUART1_str                           0x080099e1   Thumb Code    26  functions.o(i.logToUART1_str)
    main                                     0x08009a01   Thumb Code   298  main_1.o(i.main)
    processRxAudio                           0x08009b61   Thumb Code   782  audio_processor.o(i.processRxAudio)
    processTxAudio                           0x08009eb9   Thumb Code   384  audio_processor.o(i.processTxAudio)
    readHalfFromCircleBuffer32               0x0800a079   Thumb Code    64  functions.o(i.readHalfFromCircleBuffer32)
    readHalfFromCircleBufferU32              0x0800a0b9   Thumb Code    64  functions.o(i.readHalfFromCircleBufferU32)
    rgb888torgb565                           0x0800a0f9   Thumb Code    16  ma_ili9341.o(i.rgb888torgb565)
    start_i2s_dma                            0x0800a109   Thumb Code    24  wm8731.o(i.start_i2s_dma)
    start_i2s_rx_dma                         0x0800a129   Thumb Code    42  wm8731.o(i.start_i2s_rx_dma)
    start_i2s_tx_dma                         0x0800a169   Thumb Code    46  wm8731.o(i.start_i2s_tx_dma)
    start_loopback_dma                       0x0800a1ad   Thumb Code    44  wm8731.o(i.start_loopback_dma)
    stop_i2s_dma                             0x0800a1ed   Thumb Code    66  wm8731.o(i.stop_i2s_dma)
    i_rx_3k6_coeffs                          0x0800a244   Data         356  audio_filters.o(.constdata)
    q_rx_3k6_coeffs                          0x0800a3a8   Data         356  audio_filters.o(.constdata)
    i_tx_coeffs                              0x0800a50c   Data         804  audio_filters.o(.constdata)
    q_tx_coeffs                              0x0800a830   Data         804  audio_filters.o(.constdata)
    FIR_RX_SSB_LPF_2k7_coeffs                0x0800ab54   Data         356  audio_filters.o(.constdata)
    AHBPrescTable                            0x0800acc0   Data          16  system_stm32f4xx_1.o(.constdata)
    APBPrescTable                            0x0800acd0   Data           8  system_stm32f4xx_1.o(.constdata)
    arm_cfft_sR_f32_len256                   0x0800b1d8   Data          16  arm_const_structs.o(.constdata)
    twiddleCoef_256                          0x0800b1e8   Data        2048  arm_common_tables.o(.constdata)
    armBitRevIndexTable256                   0x0800b9e8   Data         880  arm_common_tables.o(.constdata)
    Region$$Table$$Base                      0x0800bf08   Number         0  anon$$obj.o(Region$$Table)
    Region$$Table$$Limit                     0x0800bf28   Number         0  anon$$obj.o(Region$$Table)
    ENCODER_ALast                            0x20000000   Data           4  encoder.o(.data)
    ENCODER_AVal                             0x20000004   Data           4  encoder.o(.data)
    ENCODER_slowler                          0x20000008   Data           4  encoder.o(.data)
    FFT_buff_index                           0x2000000c   Data           4  fft.o(.data)
    FFTInputBufferInProgress                 0x20000010   Data           1  fft.o(.data)
    FFT_need_fft                             0x20000011   Data           1  fft.o(.data)
    height                                   0x20000012   Data           2  fft.o(.data)
    maxValueErrors                           0x20000014   Data           2  fft.o(.data)
    tmp                                      0x20000016   Data           2  fft.o(.data)
    maxIndex                                 0x2000001c   Data           4  fft.o(.data)
    maxValue                                 0x20000020   Data           4  fft.o(.data)
    FPGA_fpgadata_in_tmp8                    0x20000024   Data           1  fpga.o(.data)
    FPGA_fpgadata_out_tmp8                   0x20000025   Data           1  fpga.o(.data)
    FPGA_busy                                0x20000026   Data           1  fpga.o(.data)
    FPGA_Audio_Buffer_State                  0x20000027   Data           1  fpga.o(.data)
    FPGA_NeedSendParams                      0x20000028   Data           1  fpga.o(.data)
    FPGA_NeedGetParams                       0x20000029   Data           1  fpga.o(.data)
    FPGA_fpgadata_in_tmp16                   0x2000002a   Data           2  fpga.o(.data)
    FPGA_fpgadata_out_tmp16                  0x2000002c   Data           2  fpga.o(.data)
    FPGA_fpgadata_in_inttmp16                0x2000002e   Data           2  fpga.o(.data)
    FPGA_Audio_Buffer_Index                  0x20000030   Data           2  fpga.o(.data)
    FPGA_samples                             0x20000034   Data           4  fpga.o(.data)
    LCD_bandMenuOpened                       0x20000038   Data           1  lcd.o(.data)
    LCD_mainMenuOpened                       0x20000039   Data           1  lcd.o(.data)
    LCD_menu_main_index                      0x2000003a   Data           1  lcd.o(.data)
    LCD_needRedrawMainMenu                   0x2000003b   Data           1  lcd.o(.data)
    LCD_busy                                 0x2000003c   Data           1  lcd.o(.data)
    LCD_pressed                              0x2000003d   Data           1  lcd.o(.data)
    LCD_last_showed_freq                     0x20000040   Data           4  lcd.o(.data)
    LCD_last_s_meter                         0x20000044   Data           4  lcd.o(.data)
    LCD_freq_string_hz                       0x20000048   Data           6  lcd.o(.data)
    LCD_freq_string_khz                      0x2000004e   Data           6  lcd.o(.data)
    LCD_freq_string_mhz                      0x20000054   Data           6  lcd.o(.data)
    TRX_ptt                                  0x2000005c   Data           1  trx_manager.o(.data)
    TRX_tune                                 0x2000005d   Data           1  trx_manager.o(.data)
    TRX_freq_phrase                          0x20000060   Data           4  trx_manager.o(.data)
    TRX_inited                               0x20000064   Data           1  trx_manager.o(.data)
    TRX_s_meter                              0x20000068   Data           4  trx_manager.o(.data)
    TRX_agc_wdsp_action                      0x2000006c   Data           1  trx_manager.o(.data)
    TRX_ADC_OTR                              0x2000006d   Data           1  trx_manager.o(.data)
    WM8731_SampleMode                        0x2000006e   Data           1  wm8731.o(.data)
    WM8731_DMA_state                         0x20000070   Data           1  wm8731.o(.data)
    WM8731_DMA_samples                       0x20000074   Data           4  wm8731.o(.data)
    i2c_rx_buf_idx                           0x20000078   Data           1  wire.o(.data)
    i2c_rx_buf_len                           0x20000079   Data           1  wire.o(.data)
    i2c_tx_addr                              0x2000007a   Data           1  wire.o(.data)
    i2c_tx_buf_idx                           0x2000007b   Data           1  wire.o(.data)
    i2c_tx_buf_overflow                      0x2000007c   Data           1  wire.o(.data)
    Processor_AudioBuffer_ReadyBuffer        0x20000080   Data           1  audio_processor.o(.data)
    Processor_NeedBuffer                     0x20000081   Data           1  audio_processor.o(.data)
    block                                    0x20000082   Data           2  audio_processor.o(.data)
    AUDIOPROC_samples                        0x20000084   Data           4  audio_processor.o(.data)
    AUDIOPROC_TXA_samples                    0x20000088   Data           4  audio_processor.o(.data)
    AUDIOPROC_TXB_samples                    0x2000008c   Data           4  audio_processor.o(.data)
    Processor_AVG_amplitude                  0x20000090   Data           4  audio_processor.o(.data)
    ampl_val_i                               0x20000094   Data           4  audio_processor.o(.data)
    ampl_val_q                               0x20000098   Data           4  audio_processor.o(.data)
    agc_initialised                          0x2000009c   Data           1  agc.o(.data)
    agc_wdsp_tau_decay                       0x2000009e   Data          12  agc.o(.data)
    Write_Enable                             0x200000aa   Data           1  settings.o(.data)
    Erase_Chip                               0x200000ab   Data           1  settings.o(.data)
    Sector_Erase                             0x200000ac   Data           1  settings.o(.data)
    Page_Program                             0x200000ad   Data           1  settings.o(.data)
    Read_Data                                0x200000ae   Data           1  settings.o(.data)
    NeedSaveSettings                         0x200000af   Data           1  settings.o(.data)
    Address                                  0x200000b0   Data           3  settings.o(.data)
    ms100_counter                            0x200000b4   Data           4  stm32f4xx_it.o(.data)
    uwTickFreq                               0x200000c0   Data           1  stm32f4xx_hal.o(.data)
    uwTickPrio                               0x200000c4   Data           4  stm32f4xx_hal.o(.data)
    uwTick                                   0x200000c8   Data           4  stm32f4xx_hal.o(.data)
    SystemCoreClock                          0x200000cc   Data           4  system_stm32f4xx_1.o(.data)
    bx                                       0x200000d4   Data           2  xpt2046_spi.o(.data)
    by                                       0x200000d6   Data           2  xpt2046_spi.o(.data)
    ax                                       0x200000d8   Data           4  xpt2046_spi.o(.data)
    ay                                       0x200000dc   Data           4  xpt2046_spi.o(.data)
    FFTInput_A                               0x200000fc   Data        2048  fft.o(.bss)
    FFTInput_B                               0x200008fc   Data        2048  fft.o(.bss)
    wtf_buffer                               0x200010fc   Data       25600  fft.o(.bss)
    FFTOutput                                0x200074fc   Data        1024  fft.o(.bss)
    FPGA_Audio_Buffer_Q                      0x200078fc   Data         256  fpga.o(.bss)
    FPGA_Audio_Buffer_I                      0x200079fc   Data         256  fpga.o(.bss)
    CODEC_Audio_Buffer                       0x20007afc   Data         512  wm8731.o(.bss)
    CODEC_Audio_Buffer_TX                    0x20007cfc   Data         512  wm8731.o(.bss)
    i2c_rx_buf                               0x20007efc   Data         101  wire.o(.bss)
    i2c_tx_buf                               0x20007f61   Data         101  wire.o(.bss)
    Processor_AudioBuffer_A                  0x20007fc8   Data         256  audio_processor.o(.bss)
    Processor_AudioBuffer_B                  0x200080c8   Data         256  audio_processor.o(.bss)
    FPGA_Audio_Buffer_Q_tmp                  0x200081c8   Data         128  audio_processor.o(.bss)
    FPGA_Audio_Buffer_I_tmp                  0x20008248   Data         128  audio_processor.o(.bss)
    FIR_RX_Hilbert_I                         0x200082c8   Data          12  audio_filters.o(.bss)
    FIR_RX_Hilbert_Q                         0x200082d4   Data          12  audio_filters.o(.bss)
    FIR_TX_Hilbert_I                         0x200082e0   Data          12  audio_filters.o(.bss)
    FIR_TX_Hilbert_Q                         0x200082ec   Data          12  audio_filters.o(.bss)
    FIR_RX_SSB_LPF                           0x200082f8   Data          12  audio_filters.o(.bss)
    Fir_Rx_Hilbert_State_I                   0x20008304   Data         484  audio_filters.o(.bss)
    Fir_Rx_Hilbert_State_Q                   0x200084e8   Data         484  audio_filters.o(.bss)
    Fir_Tx_Hilbert_State_I                   0x200086cc   Data         932  audio_filters.o(.bss)
    Fir_Tx_Hilbert_State_Q                   0x20008a70   Data         932  audio_filters.o(.bss)
    FIR_RX_SSB_LPF_State                     0x20008e14   Data         612  audio_filters.o(.bss)
    agc_wdsp                                 0x20009078   Data        4788  agc.o(.bss)
    TRX                                      0x2000a32c   Data          16  settings.o(.bss)
    hi2s3                                    0x2000a33c   Data          72  main_1.o(.bss)
    hspi1                                    0x2000a384   Data          88  main_1.o(.bss)
    hspi2                                    0x2000a3dc   Data          88  main_1.o(.bss)
    htim5                                    0x2000a434   Data          60  main_1.o(.bss)
    htim6                                    0x2000a470   Data          60  main_1.o(.bss)
    htim7                                    0x2000a4ac   Data          60  main_1.o(.bss)
    huart1                                   0x2000a4e8   Data          64  main_1.o(.bss)
    hdma_memtomem_dma2_stream0               0x2000a528   Data          96  main_1.o(.bss)
    hdma_memtomem_dma2_stream1               0x2000a588   Data          96  main_1.o(.bss)
    hsram1                                   0x2000a5e8   Data          80  main_1.o(.bss)
    hdma_i2s3_ext_rx                         0x2000a638   Data          96  main_1.o(.bss)
    hdma_spi3_tx                             0x2000a698   Data          96  main_1.o(.bss)
    __initial_sp                             0x2000aef8   Data           0  startup_stm32f407xx.o(STACK)



==============================================================================

Memory Map of the image

  Image Entry point : 0x08000249

  Load Region LR_IROM1 (Base: 0x08000000, Size: 0x0000c024, Max: 0x00080000, ABSOLUTE)

    Execution Region ER_IROM1 (Exec base: 0x08000000, Load base: 0x08000000, Size: 0x0000bf28, Max: 0x00080000, ABSOLUTE)

    Exec Addr    Load Addr    Size         Type   Attr      Idx    E Section Name        Object

    0x08000000   0x08000000   0x00000188   Data   RO            3    RESET               startup_stm32f407xx.o
    0x08000188   0x08000188   0x000000c0   Code   RO         5240    . text              arm_cortexM4lf_math.lib(arm_bitreversal2.o)
    0x08000248   0x08000248   0x00000000   Code   RO         5384  * .ARM.Collect$$$$00000000  mc_w.l(entry.o)
    0x08000248   0x08000248   0x00000004   Code   RO         5694    .ARM.Collect$$$$00000001  mc_w.l(entry2.o)
    0x0800024c   0x0800024c   0x00000004   Code   RO         5697    .ARM.Collect$$$$00000004  mc_w.l(entry5.o)
    0x08000250   0x08000250   0x00000000   Code   RO         5699    .ARM.Collect$$$$00000008  mc_w.l(entry7b.o)
    0x08000250   0x08000250   0x00000000   Code   RO         5701    .ARM.Collect$$$$0000000A  mc_w.l(entry8b.o)
    0x08000250   0x08000250   0x00000008   Code   RO         5702    .ARM.Collect$$$$0000000B  mc_w.l(entry9a.o)
    0x08000258   0x08000258   0x00000000   Code   RO         5704    .ARM.Collect$$$$0000000D  mc_w.l(entry10a.o)
    0x08000258   0x08000258   0x00000000   Code   RO         5706    .ARM.Collect$$$$0000000F  mc_w.l(entry11a.o)
    0x08000258   0x08000258   0x00000004   Code   RO         5695    .ARM.Collect$$$$00002712  mc_w.l(entry2.o)
    0x0800025c   0x0800025c   0x00000024   Code   RO            4    .text               startup_stm32f407xx.o
    0x08000280   0x08000280   0x000000d2   Code   RO         4863    .text               arm_cortexM4lf_math.lib(arm_add_f32.o)
    0x08000352   0x08000352   0x00000002   PAD
    0x08000354   0x08000354   0x00000098   Code   RO         4909    .text               arm_cortexM4lf_math.lib(arm_scale_f32.o)
    0x080003ec   0x080003ec   0x000000d2   Code   RO         4933    .text               arm_cortexM4lf_math.lib(arm_sub_f32.o)
    0x080004be   0x080004be   0x00000002   PAD
    0x080004c0   0x080004c0   0x000000fc   Code   RO         4957    .text               arm_cortexM4lf_math.lib(arm_cmplx_mag_f32.o)
    0x080005bc   0x080005bc   0x00000532   Code   RO         4984    .text               arm_cortexM4lf_math.lib(arm_fir_f32.o)
    0x08000aee   0x08000aee   0x0000001c   Code   RO         5008    .text               arm_cortexM4lf_math.lib(arm_fir_init_f32.o)
    0x08000b0a   0x08000b0a   0x00000002   PAD
    0x08000b0c   0x08000b0c   0x00000722   Code   RO         5032    .text               arm_cortexM4lf_math.lib(arm_cfft_f32.o)
    0x0800122e   0x0800122e   0x00000002   PAD
    0x08001230   0x08001230   0x000000d8   Code   RO         5060    .text               arm_cortexM4lf_math.lib(arm_max_f32.o)
    0x08001308   0x08001308   0x000004dc   Code   RO         5219    .text               arm_cortexM4lf_math.lib(arm_cfft_radix8_f32.o)
    0x080017e4   0x080017e4   0x00000062   Code   RO         5387    .text               mc_w.l(uldiv.o)
    0x08001846   0x08001846   0x00000024   Code   RO         5389    .text               mc_w.l(memcpya.o)
    0x0800186a   0x0800186a   0x00000024   Code   RO         5391    .text               mc_w.l(memseta.o)
    0x0800188e   0x0800188e   0x00000018   Code   RO         5393    .text               mc_w.l(strcat.o)
    0x080018a6   0x080018a6   0x0000000e   Code   RO         5395    .text               mc_w.l(strlen.o)
    0x080018b4   0x080018b4   0x00000012   Code   RO         5397    .text               mc_w.l(strcpy.o)
    0x080018c6   0x080018c6   0x000000e4   Code   RO         5664    .text               mf_w.l(dmul.o)
    0x080019aa   0x080019aa   0x000000de   Code   RO         5666    .text               mf_w.l(ddiv.o)
    0x08001a88   0x08001a88   0x0000001a   Code   RO         5668    .text               mf_w.l(dfltui.o)
    0x08001aa2   0x08001aa2   0x0000003e   Code   RO         5670    .text               mf_w.l(dfixi.o)
    0x08001ae0   0x08001ae0   0x00000032   Code   RO         5672    .text               mf_w.l(dfixui.o)
    0x08001b12   0x08001b12   0x00000026   Code   RO         5674    .text               mf_w.l(f2d.o)
    0x08001b38   0x08001b38   0x00000038   Code   RO         5676    .text               mf_w.l(d2f.o)
    0x08001b70   0x08001b70   0x0000002c   Code   RO         5711    .text               mc_w.l(uidiv.o)
    0x08001b9c   0x08001b9c   0x0000001e   Code   RO         5713    .text               mc_w.l(llshl.o)
    0x08001bba   0x08001bba   0x00000020   Code   RO         5715    .text               mc_w.l(llushr.o)
    0x08001bda   0x08001bda   0x00000000   Code   RO         5754    .text               mc_w.l(iusefp.o)
    0x08001bda   0x08001bda   0x0000006e   Code   RO         5755    .text               mf_w.l(fepilogue.o)
    0x08001c48   0x08001c48   0x000000ba   Code   RO         5757    .text               mf_w.l(depilogue.o)
    0x08001d02   0x08001d02   0x0000014e   Code   RO         5759    .text               mf_w.l(dadd.o)
    0x08001e50   0x08001e50   0x00000088   Code   RO         5761    .text               mf_w.l(drnd.o)
    0x08001ed8   0x08001ed8   0x00000030   Code   RO         5763    .text               mf_w.l(dfixul.o)
    0x08001f08   0x08001f08   0x00000030   Code   RO         5765    .text               mf_w.l(cdcmple.o)
    0x08001f38   0x08001f38   0x00000030   Code   RO         5767    .text               mf_w.l(cdrcmple.o)
    0x08001f68   0x08001f68   0x00000004   Code   RO         5769    .text               mf_w.l(fpstat.o)
    0x08001f6c   0x08001f6c   0x00000024   Code   RO         5771    .text               mc_w.l(init.o)
    0x08001f90   0x08001f90   0x00000024   Code   RO         5774    .text               mc_w.l(llsshr.o)
    0x08001fb4   0x08001fb4   0x00000002   Code   RO         1245    i.BusFault_Handler  stm32f4xx_it.o
    0x08001fb6   0x08001fb6   0x00000002   PAD
    0x08001fb8   0x08001fb8   0x0000000c   Code   RO         1246    i.DMA1_Stream0_IRQHandler  stm32f4xx_it.o
    0x08001fc4   0x08001fc4   0x0000000c   Code   RO         1247    i.DMA1_Stream5_IRQHandler  stm32f4xx_it.o
    0x08001fd0   0x08001fd0   0x00000028   Code   RO         3969    i.DMA_CalcBaseAndBitshift  stm32f4xx_hal_dma.o
    0x08001ff8   0x08001ff8   0x00000054   Code   RO         3970    i.DMA_CheckFifoParam  stm32f4xx_hal_dma.o
    0x0800204c   0x0800204c   0x00000028   Code   RO         3971    i.DMA_SetConfig     stm32f4xx_hal_dma.o
    0x08002074   0x08002074   0x00000002   Code   RO         1248    i.DebugMon_Handler  stm32f4xx_it.o
    0x08002076   0x08002076   0x00000002   PAD
    0x08002078   0x08002078   0x00000018   Code   RO          155    i.ENCODER_Init      encoder.o
    0x08002090   0x08002090   0x000000f8   Code   RO          156    i.ENCODER_Rotated   encoder.o
    0x08002188   0x08002188   0x00000054   Code   RO          157    i.ENCODER_checkRotate  encoder.o
    0x080021dc   0x080021dc   0x00000020   Code   RO         1249    i.EXTI2_IRQHandler  stm32f4xx_it.o
    0x080021fc   0x080021fc   0x00000020   Code   RO         1250    i.EXTI4_IRQHandler  stm32f4xx_it.o
    0x0800221c   0x0800221c   0x00000010   Code   RO         1251    i.EXTI9_5_IRQHandler  stm32f4xx_it.o
    0x0800222c   0x0800222c   0x0000004c   Code   RO          239    i.FFT_doFFT         fft.o
    0x08002278   0x08002278   0x000001cc   Code   RO          240    i.FFT_printFFT      fft.o
    0x08002444   0x08002444   0x0000000e   Code   RO          296    i.FPGA_Init         fpga.o
    0x08002452   0x08002452   0x00000002   PAD
    0x08002454   0x08002454   0x0000007c   Code   RO          297    i.FPGA_fpgadata_clock  fpga.o
    0x080024d0   0x080024d0   0x0000016c   Code   RO          298    i.FPGA_fpgadata_getiq  fpga.o
    0x0800263c   0x0800263c   0x0000002c   Code   RO          299    i.FPGA_fpgadata_getparam  fpga.o
    0x08002668   0x08002668   0x000000f4   Code   RO          300    i.FPGA_fpgadata_sendiq  fpga.o
    0x0800275c   0x0800275c   0x000000ec   Code   RO          301    i.FPGA_fpgadata_sendparam  fpga.o
    0x08002848   0x08002848   0x0000002c   Code   RO          371    i.FPGA_readPacket   fpga.o
    0x08002874   0x08002874   0x00000034   Code   RO          302    i.FPGA_start_audio_clock  fpga.o
    0x080028a8   0x080028a8   0x00000034   Code   RO          303    i.FPGA_stop_audio_clock  fpga.o
    0x080028dc   0x080028dc   0x00000130   Code   RO          304    i.FPGA_testbus      fpga.o
    0x08002a0c   0x08002a0c   0x00000030   Code   RO          366    i.FPGA_writePacket  fpga.o
    0x08002a3c   0x08002a3c   0x00000040   Code   RO         1496    i.FSMC_NORSRAM_Extended_Timing_Init  stm32f4xx_ll_fsmc.o
    0x08002a7c   0x08002a7c   0x00000054   Code   RO         1497    i.FSMC_NORSRAM_Init  stm32f4xx_ll_fsmc.o
    0x08002ad0   0x08002ad0   0x00000044   Code   RO         1498    i.FSMC_NORSRAM_Timing_Init  stm32f4xx_ll_fsmc.o
    0x08002b14   0x08002b14   0x00000058   Code   RO         1060    i.Flash_Read_Data   settings.o
    0x08002b6c   0x08002b6c   0x00000068   Code   RO         1061    i.Flash_Sector_Erase  settings.o
    0x08002bd4   0x08002bd4   0x00000078   Code   RO         1062    i.Flash_Write_Data  settings.o
    0x08002c4c   0x08002c4c   0x00000020   Code   RO         4792    i.Get_Touch         xpt2046_spi.o
    0x08002c6c   0x08002c6c   0x000000c4   Code   RO         4793    i.Get_Touch_XY      xpt2046_spi.o
    0x08002d30   0x08002d30   0x0000008e   Code   RO         3972    i.HAL_DMA_Abort     stm32f4xx_hal_dma.o
    0x08002dbe   0x08002dbe   0x00000056   Code   RO         3974    i.HAL_DMA_DeInit    stm32f4xx_hal_dma.o
    0x08002e14   0x08002e14   0x000001a0   Code   RO         3977    i.HAL_DMA_IRQHandler  stm32f4xx_hal_dma.o
    0x08002fb4   0x08002fb4   0x000000d4   Code   RO         3978    i.HAL_DMA_Init      stm32f4xx_hal_dma.o
    0x08003088   0x08003088   0x00000124   Code   RO         3979    i.HAL_DMA_PollForTransfer  stm32f4xx_hal_dma.o
    0x080031ac   0x080031ac   0x00000046   Code   RO         3981    i.HAL_DMA_Start     stm32f4xx_hal_dma.o
    0x080031f2   0x080031f2   0x00000078   Code   RO         3982    i.HAL_DMA_Start_IT  stm32f4xx_hal_dma.o
    0x0800326a   0x0800326a   0x00000002   PAD
    0x0800326c   0x0800326c   0x00000024   Code   RO         4391    i.HAL_Delay         stm32f4xx_hal.o
    0x08003290   0x08003290   0x00000068   Code   RO         1396    i.HAL_FSMC_MspInit  stm32f4xx_hal_msp.o
    0x080032f8   0x080032f8   0x00000148   Code   RO         3862    i.HAL_GPIO_DeInit   stm32f4xx_hal_gpio.o
    0x08003440   0x08003440   0x00000002   Code   RO         3863    i.HAL_GPIO_EXTI_Callback  stm32f4xx_hal_gpio.o
    0x08003442   0x08003442   0x00000002   PAD
    0x08003444   0x08003444   0x00000018   Code   RO         3864    i.HAL_GPIO_EXTI_IRQHandler  stm32f4xx_hal_gpio.o
    0x0800345c   0x0800345c   0x000001b0   Code   RO         3865    i.HAL_GPIO_Init     stm32f4xx_hal_gpio.o
    0x0800360c   0x0800360c   0x0000000a   Code   RO         3867    i.HAL_GPIO_ReadPin  stm32f4xx_hal_gpio.o
    0x08003616   0x08003616   0x0000000a   Code   RO         3869    i.HAL_GPIO_WritePin  stm32f4xx_hal_gpio.o
    0x08003620   0x08003620   0x0000000c   Code   RO         4397    i.HAL_GetTick       stm32f4xx_hal.o
    0x0800362c   0x0800362c   0x000001e4   Code   RO         1913    i.HAL_I2SEx_FullDuplex_IRQHandler  stm32f4xx_hal_i2s_ex.o
    0x08003810   0x08003810   0x0000019c   Code   RO         1915    i.HAL_I2SEx_TransmitReceive_DMA  stm32f4xx_hal_i2s_ex.o
    0x080039ac   0x080039ac   0x00000002   Code   RO         1917    i.HAL_I2SEx_TxRxCpltCallback  stm32f4xx_hal_i2s_ex.o
    0x080039ae   0x080039ae   0x00000002   Code   RO         1918    i.HAL_I2SEx_TxRxHalfCpltCallback  stm32f4xx_hal_i2s_ex.o
    0x080039b0   0x080039b0   0x000000cc   Code   RO         1736    i.HAL_I2S_DMAStop   stm32f4xx_hal_i2s.o
    0x08003a7c   0x08003a7c   0x00000024   Code   RO         1737    i.HAL_I2S_DeInit    stm32f4xx_hal_i2s.o
    0x08003aa0   0x08003aa0   0x00000002   Code   RO         1738    i.HAL_I2S_ErrorCallback  stm32f4xx_hal_i2s.o
    0x08003aa2   0x08003aa2   0x00000006   Code   RO         1740    i.HAL_I2S_GetState  stm32f4xx_hal_i2s.o
    0x08003aa8   0x08003aa8   0x00000180   Code   RO         1742    i.HAL_I2S_Init      stm32f4xx_hal_i2s.o
    0x08003c28   0x08003c28   0x0000004c   Code   RO         1397    i.HAL_I2S_MspDeInit  stm32f4xx_hal_msp.o
    0x08003c74   0x08003c74   0x00000140   Code   RO         1398    i.HAL_I2S_MspInit   stm32f4xx_hal_msp.o
    0x08003db4   0x08003db4   0x00000002   Code   RO         1748    i.HAL_I2S_RxCpltCallback  stm32f4xx_hal_i2s.o
    0x08003db6   0x08003db6   0x00000002   PAD
    0x08003db8   0x08003db8   0x000000a8   Code   RO         1751    i.HAL_I2S_Transmit_DMA  stm32f4xx_hal_i2s.o
    0x08003e60   0x08003e60   0x00000028   Code   RO          684    i.HAL_I2S_TxCpltCallback  wm8731.o
    0x08003e88   0x08003e88   0x00000028   Code   RO          685    i.HAL_I2S_TxHalfCpltCallback  wm8731.o
    0x08003eb0   0x08003eb0   0x00000010   Code   RO         4401    i.HAL_IncTick       stm32f4xx_hal.o
    0x08003ec0   0x08003ec0   0x00000034   Code   RO         4402    i.HAL_Init          stm32f4xx_hal.o
    0x08003ef4   0x08003ef4   0x00000040   Code   RO         4403    i.HAL_InitTick      stm32f4xx_hal.o
    0x08003f34   0x08003f34   0x00000084   Code   RO         1399    i.HAL_MspInit       stm32f4xx_hal_msp.o
    0x08003fb8   0x08003fb8   0x00000016   Code   RO         4254    i.HAL_NVIC_EnableIRQ  stm32f4xx_hal_cortex.o
    0x08003fce   0x08003fce   0x00000002   PAD
    0x08003fd0   0x08003fd0   0x00000040   Code   RO         4260    i.HAL_NVIC_SetPriority  stm32f4xx_hal_cortex.o
    0x08004010   0x08004010   0x00000024   Code   RO         4261    i.HAL_NVIC_SetPriorityGrouping  stm32f4xx_hal_cortex.o
    0x08004034   0x08004034   0x0000005c   Code   RO         3615    i.HAL_RCCEx_GetPeriphCLKFreq  stm32f4xx_hal_rcc_ex.o
    0x08004090   0x08004090   0x00000130   Code   RO         3511    i.HAL_RCC_ClockConfig  stm32f4xx_hal_rcc.o
    0x080041c0   0x080041c0   0x00000130   Code   RO         3617    i.HAL_RCC_DeInit    stm32f4xx_hal_rcc_ex.o
    0x080042f0   0x080042f0   0x0000000c   Code   RO         3516    i.HAL_RCC_GetHCLKFreq  stm32f4xx_hal_rcc.o
    0x080042fc   0x080042fc   0x00000020   Code   RO         3518    i.HAL_RCC_GetPCLK1Freq  stm32f4xx_hal_rcc.o
    0x0800431c   0x0800431c   0x00000020   Code   RO         3519    i.HAL_RCC_GetPCLK2Freq  stm32f4xx_hal_rcc.o
    0x0800433c   0x0800433c   0x00000060   Code   RO         3520    i.HAL_RCC_GetSysClockFreq  stm32f4xx_hal_rcc.o
    0x0800439c   0x0800439c   0x0000031c   Code   RO         3523    i.HAL_RCC_OscConfig  stm32f4xx_hal_rcc.o
    0x080046b8   0x080046b8   0x00000080   Code   RO         2008    i.HAL_SPI_Init      stm32f4xx_hal_spi.o
    0x08004738   0x08004738   0x00000068   Code   RO         1401    i.HAL_SPI_MspInit   stm32f4xx_hal_msp.o
    0x080047a0   0x080047a0   0x00000150   Code   RO         2011    i.HAL_SPI_Receive   stm32f4xx_hal_spi.o
    0x080048f0   0x080048f0   0x00000168   Code   RO         2016    i.HAL_SPI_Transmit  stm32f4xx_hal_spi.o
    0x08004a58   0x08004a58   0x000001d8   Code   RO         2017    i.HAL_SPI_TransmitReceive  stm32f4xx_hal_spi.o
    0x08004c30   0x08004c30   0x00000056   Code   RO         1618    i.HAL_SRAM_Init     stm32f4xx_hal_sram.o
    0x08004c86   0x08004c86   0x00000004   Code   RO         1403    i.HAL_SRAM_MspInit  stm32f4xx_hal_msp.o
    0x08004c8a   0x08004c8a   0x00000018   Code   RO         4263    i.HAL_SYSTICK_CLKSourceConfig  stm32f4xx_hal_cortex.o
    0x08004ca2   0x08004ca2   0x00000002   Code   RO         4264    i.HAL_SYSTICK_Callback  stm32f4xx_hal_cortex.o
    0x08004ca4   0x08004ca4   0x00000028   Code   RO         4265    i.HAL_SYSTICK_Config  stm32f4xx_hal_cortex.o
    0x08004ccc   0x08004ccc   0x00000008   Code   RO         4266    i.HAL_SYSTICK_IRQHandler  stm32f4xx_hal_cortex.o
    0x08004cd4   0x08004cd4   0x00000002   Code   RO         2945    i.HAL_TIMEx_BreakCallback  stm32f4xx_hal_tim_ex.o
    0x08004cd6   0x08004cd6   0x00000002   Code   RO         2946    i.HAL_TIMEx_CommutationCallback  stm32f4xx_hal_tim_ex.o
    0x08004cd8   0x08004cd8   0x00000050   Code   RO         2962    i.HAL_TIMEx_MasterConfigSynchronization  stm32f4xx_hal_tim_ex.o
    0x08004d28   0x08004d28   0x00000036   Code   RO         2316    i.HAL_TIM_Base_Init  stm32f4xx_hal_tim.o
    0x08004d5e   0x08004d5e   0x00000002   PAD
    0x08004d60   0x08004d60   0x0000008c   Code   RO         1405    i.HAL_TIM_Base_MspInit  stm32f4xx_hal_msp.o
    0x08004dec   0x08004dec   0x0000001a   Code   RO         2319    i.HAL_TIM_Base_Start  stm32f4xx_hal_tim.o
    0x08004e06   0x08004e06   0x00000018   Code   RO         2321    i.HAL_TIM_Base_Start_IT  stm32f4xx_hal_tim.o
    0x08004e1e   0x08004e1e   0x000000f2   Code   RO         2325    i.HAL_TIM_ConfigClockSource  stm32f4xx_hal_tim.o
    0x08004f10   0x08004f10   0x00000002   Code   RO         2345    i.HAL_TIM_IC_CaptureCallback  stm32f4xx_hal_tim.o
    0x08004f12   0x08004f12   0x00000166   Code   RO         2358    i.HAL_TIM_IRQHandler  stm32f4xx_hal_tim.o
    0x08005078   0x08005078   0x00000002   Code   RO         2361    i.HAL_TIM_OC_DelayElapsedCallback  stm32f4xx_hal_tim.o
    0x0800507a   0x0800507a   0x00000002   Code   RO         2388    i.HAL_TIM_PWM_PulseFinishedCallback  stm32f4xx_hal_tim.o
    0x0800507c   0x0800507c   0x00000002   Code   RO         2395    i.HAL_TIM_PeriodElapsedCallback  stm32f4xx_hal_tim.o
    0x0800507e   0x0800507e   0x00000002   Code   RO         2399    i.HAL_TIM_TriggerCallback  stm32f4xx_hal_tim.o
    0x08005080   0x08005080   0x00000062   Code   RO         3209    i.HAL_UART_Init     stm32f4xx_hal_uart.o
    0x080050e2   0x080050e2   0x00000002   PAD
    0x080050e4   0x080050e4   0x0000004c   Code   RO         1407    i.HAL_UART_MspInit  stm32f4xx_hal_msp.o
    0x08005130   0x08005130   0x000000ba   Code   RO         3217    i.HAL_UART_Transmit  stm32f4xx_hal_uart.o
    0x080051ea   0x080051ea   0x00000002   Code   RO         1252    i.HardFault_Handler  stm32f4xx_it.o
    0x080051ec   0x080051ec   0x00000088   Code   RO         1919    i.I2SEx_FullDuplexRx_IT  stm32f4xx_hal_i2s_ex.o
    0x08005274   0x08005274   0x00000084   Code   RO         1920    i.I2SEx_FullDuplexTx_IT  stm32f4xx_hal_i2s_ex.o
    0x080052f8   0x080052f8   0x000000cc   Code   RO         1922    i.I2SEx_TxRxDMACplt  stm32f4xx_hal_i2s_ex.o
    0x080053c4   0x080053c4   0x00000054   Code   RO         1923    i.I2SEx_TxRxDMAError  stm32f4xx_hal_i2s_ex.o
    0x08005418   0x08005418   0x0000000a   Code   RO         1924    i.I2SEx_TxRxDMAHalfCplt  stm32f4xx_hal_i2s_ex.o
    0x08005422   0x08005422   0x00000028   Code   RO         1755    i.I2S_DMAError      stm32f4xx_hal_i2s.o
    0x0800544a   0x0800544a   0x00000028   Code   RO         1758    i.I2S_DMATxCplt     stm32f4xx_hal_i2s.o
    0x08005472   0x08005472   0x0000000a   Code   RO         1759    i.I2S_DMATxHalfCplt  stm32f4xx_hal_i2s.o
    0x0800547c   0x0800547c   0x000000f0   Code   RO         1760    i.I2S_IRQHandler    stm32f4xx_hal_i2s.o
    0x0800556c   0x0800556c   0x00000014   Code   RO         4593    i.ILI9341_DrawPixel  ma_ili9341.o
    0x08005580   0x08005580   0x00000044   Code   RO         4594    i.ILI9341_Fill      ma_ili9341.o
    0x080055c4   0x080055c4   0x00000010   Code   RO         4595    i.ILI9341_Fill_RectWH  ma_ili9341.o
    0x080055d4   0x080055d4   0x00000038   Code   RO         4596    i.ILI9341_Fill_RectXY  ma_ili9341.o
    0x0800560c   0x0800560c   0x00000018   Code   RO         4597    i.ILI9341_GetCurrentXOffset  ma_ili9341.o
    0x08005624   0x08005624   0x000000c0   Code   RO         4598    i.ILI9341_Init      ma_ili9341.o
    0x080056e4   0x080056e4   0x00000044   Code   RO         4604    i.ILI9341_SetCursorAreaPosition  ma_ili9341.o
    0x08005728   0x08005728   0x00000040   Code   RO         4605    i.ILI9341_SetCursorPosition  ma_ili9341.o
    0x08005768   0x08005768   0x000000dc   Code   RO         4606    i.ILI9341_drawChar  ma_ili9341.o
    0x08005844   0x08005844   0x0000001e   Code   RO         4608    i.ILI9341_drawFastHLine  ma_ili9341.o
    0x08005862   0x08005862   0x00000020   Code   RO         4609    i.ILI9341_drawFastVLine  ma_ili9341.o
    0x08005882   0x08005882   0x00000054   Code   RO         4611    i.ILI9341_drawRectXY  ma_ili9341.o
    0x080058d6   0x080058d6   0x00000002   PAD
    0x080058d8   0x080058d8   0x00000040   Code   RO         4616    i.ILI9341_printText  ma_ili9341.o
    0x08005918   0x08005918   0x00000054   Code   RO         4617    i.ILI9341_setRotation  ma_ili9341.o
    0x0800596c   0x0800596c   0x00000020   Code   RO         4794    i.Init_XPT2046      xpt2046_spi.o
    0x0800598c   0x0800598c   0x00000038   Code   RO           13    i.JumpToBootloader  bootloader.o
    0x080059c4   0x080059c4   0x00000030   Code   RO          536    i.LCD_Init          lcd.o
    0x080059f4   0x080059f4   0x000003f4   Code   RO          537    i.LCD_checkTouchPad  lcd.o
    0x08005de8   0x08005de8   0x000001e0   Code   RO          538    i.LCD_displayFreqInfo  lcd.o
    0x08005fc8   0x08005fc8   0x00000200   Code   RO          539    i.LCD_displayMainMenu  lcd.o
    0x080061c8   0x080061c8   0x00000108   Code   RO          540    i.LCD_displayStatusInfoBar  lcd.o
    0x080062d0   0x080062d0   0x00000100   Code   RO          541    i.LCD_displayStatusInfoGUI  lcd.o
    0x080063d0   0x080063d0   0x000003dc   Code   RO          542    i.LCD_displayTopButtons  lcd.o
    0x080067ac   0x080067ac   0x0000002c   Code   RO          543    i.LCD_doEvents      lcd.o
    0x080067d8   0x080067d8   0x00000038   Code   RO          544    i.LCD_redraw        lcd.o
    0x08006810   0x08006810   0x0000003c   Code   RO         1063    i.LoadSettings      settings.o
    0x0800684c   0x0800684c   0x000000bc   Code   RO         1121    i.MX_DMA_Init       main_1.o
    0x08006908   0x08006908   0x00000078   Code   RO         1122    i.MX_FSMC_Init      main_1.o
    0x08006980   0x08006980   0x00000200   Code   RO         1123    i.MX_GPIO_Init      main_1.o
    0x08006b80   0x08006b80   0x00000038   Code   RO         1124    i.MX_I2S3_Init      main_1.o
    0x08006bb8   0x08006bb8   0x00000040   Code   RO         1125    i.MX_SPI1_Init      main_1.o
    0x08006bf8   0x08006bf8   0x00000040   Code   RO         1126    i.MX_SPI2_Init      main_1.o
    0x08006c38   0x08006c38   0x00000054   Code   RO         1127    i.MX_TIM5_Init      main_1.o
    0x08006c8c   0x08006c8c   0x00000002   Code   RO         1253    i.MemManage_Handler  stm32f4xx_it.o
    0x08006c8e   0x08006c8e   0x00000002   Code   RO         1254    i.NMI_Handler       stm32f4xx_it.o
    0x08006c90   0x08006c90   0x00000020   Code   RO         4267    i.NVIC_SetPriority  stm32f4xx_hal_cortex.o
    0x08006cb0   0x08006cb0   0x00000002   Code   RO         1255    i.PendSV_Handler    stm32f4xx_it.o
    0x08006cb2   0x08006cb2   0x00000002   PAD
    0x08006cb4   0x08006cb4   0x000003c4   Code   RO         1022    i.RxAgcWdsp         agc.o
    0x08007078   0x08007078   0x00000020   Code   RO         2032    i.SPI_CheckFlag_BSY  stm32f4xx_hal_spi.o
    0x08007098   0x08007098   0x00000096   Code   RO         2050    i.SPI_WaitFlagStateUntilTimeout  stm32f4xx_hal_spi.o
    0x0800712e   0x0800712e   0x00000002   Code   RO         1256    i.SVC_Handler       stm32f4xx_it.o
    0x08007130   0x08007130   0x00000028   Code   RO         1064    i.SaveSettings      settings.o
    0x08007158   0x08007158   0x000003c0   Code   RO         1023    i.SetupAgcWdsp      agc.o
    0x08007518   0x08007518   0x00000028   Code   RO         4795    i.Spi_Master_Transmit  xpt2046_spi.o
    0x08007540   0x08007540   0x0000000e   Code   RO         1257    i.SysTick_Handler   stm32f4xx_it.o
    0x0800754e   0x0800754e   0x00000002   PAD
    0x08007550   0x08007550   0x000000a0   Code   RO         1128    i.SystemClock_Config  main_1.o
    0x080075f0   0x080075f0   0x00000054   Code   RO         4556    i.SystemInit        system_stm32f4xx_1.o
    0x08007644   0x08007644   0x00000050   Code   RO         1258    i.TIM5_IRQHandler   stm32f4xx_it.o
    0x08007694   0x08007694   0x0000009c   Code   RO         1259    i.TIM6_DAC_IRQHandler  stm32f4xx_it.o
    0x08007730   0x08007730   0x00000024   Code   RO         1260    i.TIM7_IRQHandler   stm32f4xx_it.o
    0x08007754   0x08007754   0x000000c0   Code   RO         2400    i.TIM_Base_SetConfig  stm32f4xx_hal_tim.o
    0x08007814   0x08007814   0x00000014   Code   RO         2407    i.TIM_ETR_SetConfig  stm32f4xx_hal_tim.o
    0x08007828   0x08007828   0x00000010   Code   RO         2408    i.TIM_ITRx_SetConfig  stm32f4xx_hal_tim.o
    0x08007838   0x08007838   0x00000022   Code   RO         2414    i.TIM_TI1_ConfigInputStage  stm32f4xx_hal_tim.o
    0x0800785a   0x0800785a   0x00000024   Code   RO         2416    i.TIM_TI2_ConfigInputStage  stm32f4xx_hal_tim.o
    0x0800787e   0x0800787e   0x00000002   PAD
    0x08007880   0x08007880   0x00000020   Code   RO          614    i.TRX_Init          trx_manager.o
    0x080078a0   0x080078a0   0x0000000c   Code   RO          615    i.TRX_SetLoopbackMode  trx_manager.o
    0x080078ac   0x080078ac   0x0000000c   Code   RO          616    i.TRX_getFrequency  trx_manager.o
    0x080078b8   0x080078b8   0x0000000c   Code   RO          617    i.TRX_getMode       trx_manager.o
    0x080078c4   0x080078c4   0x00000044   Code   RO          618    i.TRX_ptt_change    trx_manager.o
    0x08007908   0x08007908   0x00000028   Code   RO          619    i.TRX_setFrequency  trx_manager.o
    0x08007930   0x08007930   0x00000014   Code   RO          620    i.TRX_setMode       trx_manager.o
    0x08007944   0x08007944   0x0000009c   Code   RO         4797    i.Touch_Set_Coef    xpt2046_spi.o
    0x080079e0   0x080079e0   0x000002ac   Code   RO         3235    i.UART_SetConfig    stm32f4xx_hal_uart.o
    0x08007c8c   0x08007c8c   0x00000064   Code   RO         3237    i.UART_WaitOnFlagUntilTimeout  stm32f4xx_hal_uart.o
    0x08007cf0   0x08007cf0   0x00000002   Code   RO         1261    i.UsageFault_Handler  stm32f4xx_it.o
    0x08007cf2   0x08007cf2   0x00000002   PAD
    0x08007cf4   0x08007cf4   0x00000060   Code   RO          686    i.WM8731_Init       wm8731.o
    0x08007d54   0x08007d54   0x00000036   Code   RO          687    i.WM8731_RX_mode    wm8731.o
    0x08007d8a   0x08007d8a   0x0000003c   Code   RO          688    i.WM8731_SendI2CCommand  wm8731.o
    0x08007dc6   0x08007dc6   0x00000036   Code   RO          689    i.WM8731_TXRX_mode  wm8731.o
    0x08007dfc   0x08007dfc   0x00000036   Code   RO          690    i.WM8731_TX_mode    wm8731.o
    0x08007e32   0x08007e32   0x00000002   Code   RO         1129    i._Error_Handler    main_1.o
    0x08007e34   0x08007e34   0x00000028   Code   RO         5636    i.__0sprintf        mc_w.l(printfa.o)
    0x08007e5c   0x08007e5c   0x00000026   Code   RO         5678    i.__ARM_fpclassifyf  m_wm.l(fpclassifyf.o)
    0x08007e82   0x08007e82   0x00000006   PAD
    0x08007e88   0x08007e88   0x00000118   Code   RO         5326    i.__hardfp_ceil     m_wm.l(ceil.o)
    0x08007fa0   0x08007fa0   0x000001e8   Code   RO         5332    i.__hardfp_expf     m_wm.l(expf.o)
    0x08008188   0x08008188   0x00000054   Code   RO         5346    i.__hardfp_frexpf   m_wm.l(frexpf.o)
    0x080081dc   0x080081dc   0x00000180   Code   RO         5352    i.__hardfp_log10f   m_wm.l(log10f.o)
    0x0800835c   0x0800835c   0x00000664   Code   RO         5366    i.__hardfp_powf     m_wm.l(powf.o)
    0x080089c0   0x080089c0   0x000000e0   Code   RO         5380    i.__hardfp_round    m_wm.l(round.o)
    0x08008aa0   0x08008aa0   0x00000014   Code   RO         5680    i.__mathlib_flt_divzero  m_wm.l(funder.o)
    0x08008ab4   0x08008ab4   0x00000006   Code   RO         5681    i.__mathlib_flt_infnan  m_wm.l(funder.o)
    0x08008aba   0x08008aba   0x00000006   Code   RO         5682    i.__mathlib_flt_infnan2  m_wm.l(funder.o)
    0x08008ac0   0x08008ac0   0x00000010   Code   RO         5683    i.__mathlib_flt_invalid  m_wm.l(funder.o)
    0x08008ad0   0x08008ad0   0x00000010   Code   RO         5684    i.__mathlib_flt_overflow  m_wm.l(funder.o)
    0x08008ae0   0x08008ae0   0x00000010   Code   RO         5686    i.__mathlib_flt_underflow  m_wm.l(funder.o)
    0x08008af0   0x08008af0   0x0000000e   Code   RO         5781    i.__scatterload_copy  mc_w.l(handlers.o)
    0x08008afe   0x08008afe   0x00000002   Code   RO         5782    i.__scatterload_null  mc_w.l(handlers.o)
    0x08008b00   0x08008b00   0x0000000e   Code   RO         5783    i.__scatterload_zeroinit  mc_w.l(handlers.o)
    0x08008b0e   0x08008b0e   0x00000002   PAD
    0x08008b10   0x08008b10   0x0000000c   Code   RO         5747    i.__set_errno       mc_w.l(errno.o)
    0x08008b1c   0x08008b1c   0x00000184   Code   RO         5641    i._fp_digits        mc_w.l(printfa.o)
    0x08008ca0   0x08008ca0   0x000006dc   Code   RO         5642    i._printf_core      mc_w.l(printfa.o)
    0x0800937c   0x0800937c   0x00000024   Code   RO         5643    i._printf_post_padding  mc_w.l(printfa.o)
    0x080093a0   0x080093a0   0x0000002e   Code   RO         5644    i._printf_pre_padding  mc_w.l(printfa.o)
    0x080093ce   0x080093ce   0x0000000a   Code   RO         5646    i._sputc            mc_w.l(printfa.o)
    0x080093d8   0x080093d8   0x00000060   Code   RO          405    i.addSymbols        functions.o
    0x08009438   0x08009438   0x00000054   Code   RO           14    i.checkBootloaderButton  bootloader.o
    0x0800948c   0x0800948c   0x00000044   Code   RO          406    i.delay_us          functions.o
    0x080094d0   0x080094d0   0x0000004c   Code   RO          241    i.getFFTColor       fft.o
    0x0800951c   0x0800951c   0x00000044   Code   RO          408    i.getPhraseFromFrequency  functions.o
    0x08009560   0x08009560   0x0000003c   Code   RO          784    i.i2c_begin         wire.o
    0x0800959c   0x0800959c   0x00000014   Code   RO          786    i.i2c_beginTransmission_u8  wire.o
    0x080095b0   0x080095b0   0x00000074   Code   RO          787    i.i2c_endTransmission  wire.o
    0x08009624   0x08009624   0x000000d4   Code   RO          788    i.i2c_get_ack       wire.o
    0x080096f8   0x080096f8   0x000000a0   Code   RO          796    i.i2c_shift_out     wire.o
    0x08009798   0x08009798   0x00000054   Code   RO          797    i.i2c_start         wire.o
    0x080097ec   0x080097ec   0x0000008c   Code   RO          798    i.i2c_stop          wire.o
    0x08009878   0x08009878   0x00000014   Code   RO          799    i.i2c_writeOneByte  wire.o
    0x0800988c   0x0800988c   0x00000020   Code   RO          803    i.i2c_write_u8      wire.o
    0x080098ac   0x080098ac   0x00000090   Code   RO          935    i.initAudioProcessor  audio_processor.o
    0x0800993c   0x0800993c   0x00000018   Code   RO         4798    i.isTouch           xpt2046_spi.o
    0x08009954   0x08009954   0x00000060   Code   RO          410    i.log10f_fast       functions.o
    0x080099b4   0x080099b4   0x0000002c   Code   RO          414    i.logToUART1_num    functions.o
    0x080099e0   0x080099e0   0x00000020   Code   RO          418    i.logToUART1_str    functions.o
    0x08009a00   0x08009a00   0x00000160   Code   RO         1130    i.main              main_1.o
    0x08009b60   0x08009b60   0x00000358   Code   RO          936    i.processRxAudio    audio_processor.o
    0x08009eb8   0x08009eb8   0x000001c0   Code   RO          937    i.processTxAudio    audio_processor.o
    0x0800a078   0x0800a078   0x00000040   Code   RO          419    i.readHalfFromCircleBuffer32  functions.o
    0x0800a0b8   0x0800a0b8   0x00000040   Code   RO          421    i.readHalfFromCircleBufferU32  functions.o
    0x0800a0f8   0x0800a0f8   0x00000010   Code   RO         4621    i.rgb888torgb565    ma_ili9341.o
    0x0800a108   0x0800a108   0x00000020   Code   RO          691    i.start_i2s_dma     wm8731.o
    0x0800a128   0x0800a128   0x00000040   Code   RO          692    i.start_i2s_rx_dma  wm8731.o
    0x0800a168   0x0800a168   0x00000044   Code   RO          693    i.start_i2s_tx_dma  wm8731.o
    0x0800a1ac   0x0800a1ac   0x00000040   Code   RO          694    i.start_loopback_dma  wm8731.o
    0x0800a1ec   0x0800a1ec   0x00000058   Code   RO          695    i.stop_i2s_dma      wm8731.o
    0x0800a244   0x0800a244   0x00000164   Data   RO          994    .constdata          audio_filters.o
    0x0800a3a8   0x0800a3a8   0x00000164   Data   RO          995    .constdata          audio_filters.o
    0x0800a50c   0x0800a50c   0x00000324   Data   RO          996    .constdata          audio_filters.o
    0x0800a830   0x0800a830   0x00000324   Data   RO          997    .constdata          audio_filters.o
    0x0800ab54   0x0800ab54   0x00000164   Data   RO          998    .constdata          audio_filters.o
    0x0800acb8   0x0800acb8   0x00000008   Data   RO         3984    .constdata          stm32f4xx_hal_dma.o
    0x0800acc0   0x0800acc0   0x00000010   Data   RO         4557    .constdata          system_stm32f4xx_1.o
    0x0800acd0   0x0800acd0   0x00000008   Data   RO         4558    .constdata          system_stm32f4xx_1.o
    0x0800acd8   0x0800acd8   0x00000500   Data   RO         4622    .constdata          ma_ili9341.o
    0x0800b1d8   0x0800b1d8   0x00000010   Data   RO         5088    .constdata          arm_cortexM4lf_math.lib(arm_const_structs.o)
    0x0800b1e8   0x0800b1e8   0x00000800   Data   RO         5252    .constdata          arm_cortexM4lf_math.lib(arm_common_tables.o)
    0x0800b9e8   0x0800b9e8   0x00000370   Data   RO         5281    .constdata          arm_cortexM4lf_math.lib(arm_common_tables.o)
    0x0800bd58   0x0800bd58   0x00000030   Data   RO         5335    .constdata          m_wm.l(expf.o)
    0x0800bd88   0x0800bd88   0x00000040   Data   RO         5355    .constdata          m_wm.l(log10f.o)
    0x0800bdc8   0x0800bdc8   0x00000140   Data   RO         5369    .constdata          m_wm.l(powf.o)
    0x0800bf08   0x0800bf08   0x00000020   Data   RO         5779    Region$$Table       anon$$obj.o


    Execution Region RW_IRAM1 (Exec base: 0x20000000, Load base: 0x0800bf28, Size: 0x0000aef8, Max: 0x00020000, ABSOLUTE)

    Exec Addr    Load Addr    Size         Type   Attr      Idx    E Section Name        Object

    0x20000000   0x0800bf28   0x0000000c   Data   RW          158    .data               encoder.o
    0x2000000c   0x0800bf34   0x00000004   Data   RW          243    .data               fft.o
    0x20000010   0x0800bf38   0x00000014   Data   RW          244    .data               fft.o
    0x20000024   0x0800bf4c   0x00000014   Data   RW          307    .data               fpga.o
    0x20000038   0x0800bf60   0x00000022   Data   RW          545    .data               lcd.o
    0x2000005a   0x0800bf82   0x00000002   PAD
    0x2000005c   0x0800bf84   0x00000008   Data   RW          621    .data               trx_manager.o
    0x20000064   0x0800bf8c   0x00000001   Data   RW          622    .data               trx_manager.o
    0x20000065   0x0800bf8d   0x00000003   PAD
    0x20000068   0x0800bf90   0x00000004   Data   RW          623    .data               trx_manager.o
    0x2000006c   0x0800bf94   0x00000001   Data   RW          624    .data               trx_manager.o
    0x2000006d   0x0800bf95   0x00000001   Data   RW          625    .data               trx_manager.o
    0x2000006e   0x0800bf96   0x00000001   Data   RW          697    .data               wm8731.o
    0x2000006f   0x0800bf97   0x00000001   PAD
    0x20000070   0x0800bf98   0x00000008   Data   RW          698    .data               wm8731.o
    0x20000078   0x0800bfa0   0x00000005   Data   RW          806    .data               wire.o
    0x2000007d   0x0800bfa5   0x00000003   PAD
    0x20000080   0x0800bfa8   0x0000001c   Data   RW          940    .data               audio_processor.o
    0x2000009c   0x0800bfc4   0x0000000e   Data   RW         1025    .data               agc.o
    0x200000aa   0x0800bfd2   0x00000009   Data   RW         1066    .data               settings.o
    0x200000b3   0x0800bfdb   0x00000001   PAD
    0x200000b4   0x0800bfdc   0x00000004   Data   RW         1262    .data               stm32f4xx_it.o
    0x200000b8   0x0800bfe0   0x00000008   Data   RW         1408    .data               stm32f4xx_hal_msp.o
    0x200000c0   0x0800bfe8   0x0000000c   Data   RW         4409    .data               stm32f4xx_hal.o
    0x200000cc   0x0800bff4   0x00000004   Data   RW         4559    .data               system_stm32f4xx_1.o
    0x200000d0   0x0800bff8   0x00000004   Data   RW         4623    .data               ma_ili9341.o
    0x200000d4   0x0800bffc   0x00000024   Data   RW         4802    .data               xpt2046_spi.o
    0x200000f8   0x0800c020   0x00000004   Data   RW         5748    .data               mc_w.l(errno.o)
    0x200000fc        -       0x00007800   Zero   RW          242    .bss                fft.o
    0x200078fc        -       0x00000200   Zero   RW          305    .bss                fpga.o
    0x20007afc        -       0x00000400   Zero   RW          696    .bss                wm8731.o
    0x20007efc        -       0x000000ca   Zero   RW          805    .bss                wire.o
    0x20007fc6   0x0800c024   0x00000002   PAD
    0x20007fc8        -       0x00000300   Zero   RW          938    .bss                audio_processor.o
    0x200082c8        -       0x0000000c   Zero   RW          984    .bss                audio_filters.o
    0x200082d4        -       0x0000000c   Zero   RW          985    .bss                audio_filters.o
    0x200082e0        -       0x0000000c   Zero   RW          986    .bss                audio_filters.o
    0x200082ec        -       0x0000000c   Zero   RW          987    .bss                audio_filters.o
    0x200082f8        -       0x0000000c   Zero   RW          988    .bss                audio_filters.o
    0x20008304        -       0x000001e4   Zero   RW          989    .bss                audio_filters.o
    0x200084e8        -       0x000001e4   Zero   RW          990    .bss                audio_filters.o
    0x200086cc        -       0x000003a4   Zero   RW          991    .bss                audio_filters.o
    0x20008a70        -       0x000003a4   Zero   RW          992    .bss                audio_filters.o
    0x20008e14        -       0x00000264   Zero   RW          993    .bss                audio_filters.o
    0x20009078        -       0x000012b4   Zero   RW         1024    .bss                agc.o
    0x2000a32c        -       0x00000010   Zero   RW         1065    .bss                settings.o
    0x2000a33c        -       0x000002fc   Zero   RW         1131    .bss                main_1.o
    0x2000a638        -       0x00000060   Zero   RW         1132    .bss                main_1.o
    0x2000a698        -       0x00000060   Zero   RW         1133    .bss                main_1.o
    0x2000a6f8        -       0x00000800   Zero   RW            1    STACK               startup_stm32f407xx.o


==============================================================================

Image component sizes


      Code (inc. data)   RO Data    RW Data    ZI Data      Debug   Object Name

      1924        110          0         14       4788       5405   agc.o
         0          0       2676          0       3504       1588   audio_filters.o
      1448        200          0         28        768       4324   audio_processor.o
       140         18          0          0          0     709107   bootloader.o
       356         40          0         12          0      15380   encoder.o
       612         56          0         24      30720       3390   fft.o
      1526        224          0         20        512       7902   fpga.o
       532         72          0          0          0       5948   functions.o
      3660        414          0         34          0       8146   lcd.o
      1038         68       1280          4          0      15782   ma_ili9341.o
      1602        154          0          0        956       8005   main_1.o
       412         64          0          9         16       4431   settings.o
        36          8        392          0       2048        840   startup_stm32f407xx.o
       180         28          0         12          0       4605   stm32f4xx_hal.o
       228         14          0          0          0      32181   stm32f4xx_hal_cortex.o
      1502         16          8          0          0       9734   stm32f4xx_hal_dma.o
       806         90          0          0          0       5225   stm32f4xx_hal_gpio.o
      1132         38          0          0          0       8457   stm32f4xx_hal_i2s.o
      1466         66          0          0          0       7552   stm32f4xx_hal_i2s_ex.o
       956        144          0          8          0       6027   stm32f4xx_hal_msp.o
      1272         82          0          0          0       5652   stm32f4xx_hal_rcc.o
       396         38          0          0          0       1758   stm32f4xx_hal_rcc_ex.o
      1478          0          0          0          0       6946   stm32f4xx_hal_spi.o
        86          0          0          0          0       1220   stm32f4xx_hal_sram.o
      1012         44          0          0          0      11096   stm32f4xx_hal_tim.o
        84          0          0          0          0       2430   stm32f4xx_hal_tim_ex.o
      1068          8          0          0          0       4156   stm32f4xx_hal_uart.o
       406        102          0          4          0       8663   stm32f4xx_it.o
       216         12          0          0          0       2719   stm32f4xx_ll_fsmc.o
        84         18         24          4          0       1167   system_stm32f4xx_1.o
       196         58          0         15          0       4494   trx_manager.o
       844         46          0          5        202       7381   wire.o
       714        142          0          9       1024       7244   wm8731.o
       480         84          0         36          0       4877   xpt2046_spi.o

    ----------------------------------------------------------------------
     27920       2458       4412        248      44540     933832   Object Totals
         0          0         32          0          0          0   (incl. Generated)
        28          0          0         10          2          0   (incl. Padding)

    ----------------------------------------------------------------------

      Code (inc. data)   RO Data    RW Data    ZI Data      Debug   Library Member Name

       210          0          0          0          0      17566   arm_add_f32.o
       192          0          0          0          0        572   arm_bitreversal2.o
      1826          0          0          0          0       4025   arm_cfft_f32.o
      1244          4          0          0          0       3123   arm_cfft_radix8_f32.o
       252          6          0          0          0      14588   arm_cmplx_mag_f32.o
         0          0       2928          0          0       4704   arm_common_tables.o
         0          0         16          0          0       4212   arm_const_structs.o
      1330          6          0          0          0       3678   arm_fir_f32.o
        28          0          0          0          0       1107   arm_fir_init_f32.o
       216          0          0          0          0       1742   arm_max_f32.o
       152          0          0          0          0       1084   arm_scale_f32.o
       210          0          0          0          0       1142   arm_sub_f32.o
       280         28          0          0          0        156   ceil.o
       488         62         48          0          0        236   expf.o
        38          0          0          0          0        116   fpclassifyf.o
        84          4          0          0          0        116   frexpf.o
        80         24          0          0          0        696   funder.o
       384         52         64          0          0        140   log10f.o
      1636        110        320          0          0        372   powf.o
       224         30          0          0          0        172   round.o
         0          0          0          0          0          0   entry.o
         0          0          0          0          0          0   entry10a.o
         0          0          0          0          0          0   entry11a.o
         8          4          0          0          0          0   entry2.o
         4          0          0          0          0          0   entry5.o
         0          0          0          0          0          0   entry7b.o
         0          0          0          0          0          0   entry8b.o
         8          4          0          0          0          0   entry9a.o
        12          6          0          4          0         68   errno.o
        30          0          0          0          0          0   handlers.o
        36          8          0          0          0         68   init.o
         0          0          0          0          0          0   iusefp.o
        30          0          0          0          0         68   llshl.o
        36          0          0          0          0         68   llsshr.o
        32          0          0          0          0         68   llushr.o
        36          0          0          0          0         68   memcpya.o
        36          0          0          0          0        108   memseta.o
      2276         86          0          0          0        520   printfa.o
        24          0          0          0          0         68   strcat.o
        18          0          0          0          0         68   strcpy.o
        14          0          0          0          0         68   strlen.o
        44          0          0          0          0         80   uidiv.o
        98          0          0          0          0         92   uldiv.o
        48          0          0          0          0         68   cdcmple.o
        48          0          0          0          0         68   cdrcmple.o
        56          0          0          0          0         88   d2f.o
       334          0          0          0          0        148   dadd.o
       222          0          0          0          0        100   ddiv.o
       186          0          0          0          0        176   depilogue.o
        62          0          0          0          0         80   dfixi.o
        50          0          0          0          0         76   dfixui.o
        48          0          0          0          0         68   dfixul.o
        26          0          0          0          0         76   dfltui.o
       228          0          0          0          0         96   dmul.o
       136          4          0          0          0         92   drnd.o
        38          0          0          0          0         68   f2d.o
       110          0          0          0          0        168   fepilogue.o
         4          0          0          0          0         68   fpstat.o

    ----------------------------------------------------------------------
     13228        438       3376          4          0      62399   Library Totals
        16          0          0          0          0          0   (incl. Padding)

    ----------------------------------------------------------------------

      Code (inc. data)   RO Data    RW Data    ZI Data      Debug   Library Name

      5660         16       2944          0          0      57543   arm_cortexM4lf_math.lib
      3214        310        432          0          0       2004   m_wm.l
      2742        108          0          4          0       1412   mc_w.l
      1596          4          0          0          0       1440   mf_w.l

    ----------------------------------------------------------------------
     13228        438       3376          4          0      62399   Library Totals

    ----------------------------------------------------------------------

==============================================================================


      Code (inc. data)   RO Data    RW Data    ZI Data      Debug   

     41148       2896       7788        252      44540     971575   Grand Totals
     41148       2896       7788        252      44540     971575   ELF Image Totals
     41148       2896       7788        252          0          0   ROM Totals

==============================================================================

    Total RO  Size (Code + RO Data)                48936 (  47.79kB)
    Total RW  Size (RW Data + ZI Data)             44792 (  43.74kB)
    Total ROM Size (Code + RO Data + RW Data)      49188 (  48.04kB)

==============================================================================

