Component: ARM Compiler 5.06 update 6 (build 750) Tool: armlink [4d35ed]

==============================================================================

Section Cross References

    startup_stm32f407xx.o(RESET) refers to startup_stm32f407xx.o(STACK) for __initial_sp
    startup_stm32f407xx.o(RESET) refers to startup_stm32f407xx.o(.text) for Reset_Handler
    startup_stm32f407xx.o(RESET) refers to stm32f4xx_it.o(i.NMI_Handler) for NMI_Handler
    startup_stm32f407xx.o(RESET) refers to stm32f4xx_it.o(i.HardFault_Handler) for HardFault_Handler
    startup_stm32f407xx.o(RESET) refers to stm32f4xx_it.o(i.MemManage_Handler) for MemManage_Handler
    startup_stm32f407xx.o(RESET) refers to stm32f4xx_it.o(i.BusFault_Handler) for BusFault_Handler
    startup_stm32f407xx.o(RESET) refers to stm32f4xx_it.o(i.UsageFault_Handler) for UsageFault_Handler
    startup_stm32f407xx.o(RESET) refers to stm32f4xx_it.o(i.SVC_Handler) for SVC_Handler
    startup_stm32f407xx.o(RESET) refers to stm32f4xx_it.o(i.DebugMon_Handler) for DebugMon_Handler
    startup_stm32f407xx.o(RESET) refers to stm32f4xx_it.o(i.PendSV_Handler) for PendSV_Handler
    startup_stm32f407xx.o(RESET) refers to stm32f4xx_it.o(i.SysTick_Handler) for SysTick_Handler
    startup_stm32f407xx.o(RESET) refers to stm32f4xx_it.o(i.EXTI2_IRQHandler) for EXTI2_IRQHandler
    startup_stm32f407xx.o(RESET) refers to stm32f4xx_it.o(i.EXTI4_IRQHandler) for EXTI4_IRQHandler
    startup_stm32f407xx.o(RESET) refers to stm32f4xx_it.o(i.DMA1_Stream0_IRQHandler) for DMA1_Stream0_IRQHandler
    startup_stm32f407xx.o(RESET) refers to stm32f4xx_it.o(i.DMA1_Stream5_IRQHandler) for DMA1_Stream5_IRQHandler
    startup_stm32f407xx.o(RESET) refers to stm32f4xx_it.o(i.EXTI9_5_IRQHandler) for EXTI9_5_IRQHandler
    startup_stm32f407xx.o(RESET) refers to stm32f4xx_it.o(i.TIM4_IRQHandler) for TIM4_IRQHandler
    startup_stm32f407xx.o(RESET) refers to stm32f4xx_it.o(i.TIM5_IRQHandler) for TIM5_IRQHandler
    startup_stm32f407xx.o(RESET) refers to stm32f4xx_it.o(i.TIM6_DAC_IRQHandler) for TIM6_DAC_IRQHandler
    startup_stm32f407xx.o(RESET) refers to stm32f4xx_it.o(i.TIM7_IRQHandler) for TIM7_IRQHandler
    startup_stm32f407xx.o(.text) refers to system_stm32f4xx_1.o(i.SystemInit) for SystemInit
    startup_stm32f407xx.o(.text) refers to entry.o(.ARM.Collect$$$$00000000) for __main
    bootloader.o(i.JumpToBootloader) refers to stm32f4xx_hal_rcc_ex.o(i.HAL_RCC_DeInit) for HAL_RCC_DeInit
    bootloader.o(i.checkBootloaderButton) refers to stm32f4xx_hal_gpio.o(i.HAL_GPIO_Init) for HAL_GPIO_Init
    bootloader.o(i.checkBootloaderButton) refers to stm32f4xx_hal_gpio.o(i.HAL_GPIO_ReadPin) for HAL_GPIO_ReadPin
    bootloader.o(i.checkBootloaderButton) refers to bootloader.o(i.JumpToBootloader) for JumpToBootloader
    encoder.o(i.ENCODER_Init) refers to stm32f4xx_hal_gpio.o(i.HAL_GPIO_ReadPin) for HAL_GPIO_ReadPin
    encoder.o(i.ENCODER_Init) refers to encoder.o(.data) for .data
    encoder.o(i.ENCODER_Rotated) refers to trx_manager.o(i.TRX_getFrequency) for TRX_getFrequency
    encoder.o(i.ENCODER_Rotated) refers to trx_manager.o(i.TRX_setFrequency) for TRX_setFrequency
    encoder.o(i.ENCODER_Rotated) refers to lcd.o(i.LCD_displayFreqInfo) for LCD_displayFreqInfo
    encoder.o(i.ENCODER_Rotated) refers to lcd.o(i.LCD_redraw) for LCD_redraw
    encoder.o(i.ENCODER_Rotated) refers to agc.o(i.SetupAgcWdsp) for SetupAgcWdsp
    encoder.o(i.ENCODER_Rotated) refers to lcd.o(.data) for LCD_mainMenuOpened
    encoder.o(i.ENCODER_Rotated) refers to settings.o(.bss) for TRX
    encoder.o(i.ENCODER_Rotated) refers to settings.o(.data) for NeedSaveSettings
    encoder.o(i.ENCODER_checkRotate) refers to stm32f4xx_hal_gpio.o(i.HAL_GPIO_ReadPin) for HAL_GPIO_ReadPin
    encoder.o(i.ENCODER_checkRotate) refers to encoder.o(i.ENCODER_Rotated) for ENCODER_Rotated
    encoder.o(i.ENCODER_checkRotate) refers to encoder.o(.data) for .data
    fft.o(i.FFT_doFFT) refers to arm_cos_f32.o(.text) for arm_cos_f32
    fft.o(i.FFT_doFFT) refers to f2d.o(.text) for __aeabi_f2d
    fft.o(i.FFT_doFFT) refers to dmul.o(.text) for __aeabi_dmul
    fft.o(i.FFT_doFFT) refers to d2f.o(.text) for __aeabi_d2f
    fft.o(i.FFT_doFFT) refers to arm_cfft_f32.o(.text) for arm_cfft_f32
    fft.o(i.FFT_doFFT) refers to arm_cmplx_mag_squared_f32.o(.text) for arm_cmplx_mag_squared_f32
    fft.o(i.FFT_doFFT) refers to fft.o(.data) for .data
    fft.o(i.FFT_doFFT) refers to fft.o(.bss) for .bss
    fft.o(i.FFT_printFFT) refers to arm_max_f32.o(.text) for arm_max_f32
    fft.o(i.FFT_printFFT) refers to ma_ili9341.o(i.ILI9341_Fill_RectWH) for ILI9341_Fill_RectWH
    fft.o(i.FFT_printFFT) refers to ma_ili9341.o(i.ILI9341_drawFastVLine) for ILI9341_drawFastVLine
    fft.o(i.FFT_printFFT) refers to memcpya.o(.text) for __aeabi_memcpy
    fft.o(i.FFT_printFFT) refers to fft.o(i.getFFTColor) for getFFTColor
    fft.o(i.FFT_printFFT) refers to ma_ili9341.o(i.ILI9341_DrawPixel) for ILI9341_DrawPixel
[...]
    HASH_RNG_IRQHandler                      0x08000277   Thumb Code     0  startup_stm32f407xx.o(.text)
    I2C1_ER_IRQHandler                       0x08000277   Thumb Code     0  startup_stm32f407xx.o(.text)
    I2C1_EV_IRQHandler                       0x08000277   Thumb Code     0  startup_stm32f407xx.o(.text)
    I2C2_ER_IRQHandler                       0x08000277   Thumb Code     0  startup_stm32f407xx.o(.text)
    I2C2_EV_IRQHandler                       0x08000277   Thumb Code     0  startup_stm32f407xx.o(.text)
    I2C3_ER_IRQHandler                       0x08000277   Thumb Code     0  startup_stm32f407xx.o(.text)
    I2C3_EV_IRQHandler                       0x08000277   Thumb Code     0  startup_stm32f407xx.o(.text)
    OTG_FS_IRQHandler                        0x08000277   Thumb Code     0  startup_stm32f407xx.o(.text)
    OTG_FS_WKUP_IRQHandler                   0x08000277   Thumb Code     0  startup_stm32f407xx.o(.text)
    OTG_HS_EP1_IN_IRQHandler                 0x08000277   Thumb Code     0  startup_stm32f407xx.o(.text)
    OTG_HS_EP1_OUT_IRQHandler                0x08000277   Thumb Code     0  startup_stm32f407xx.o(.text)
    OTG_HS_IRQHandler                        0x08000277   Thumb Code     0  startup_stm32f407xx.o(.text)
    OTG_HS_WKUP_IRQHandler                   0x08000277   Thumb Code     0  startup_stm32f407xx.o(.text)
    PVD_IRQHandler                           0x08000277   Thumb Code     0  startup_stm32f407xx.o(.text)
    RCC_IRQHandler                           0x08000277   Thumb Code     0  startup_stm32f407xx.o(.text)
    RTC_Alarm_IRQHandler                     0x08000277   Thumb Code     0  startup_stm32f407xx.o(.text)
    RTC_WKUP_IRQHandler                      0x08000277   Thumb Code     0  startup_stm32f407xx.o(.text)
    SDIO_IRQHandler                          0x08000277   Thumb Code     0  startup_stm32f407xx.o(.text)
    SPI1_IRQHandler                          0x08000277   Thumb Code     0  startup_stm32f407xx.o(.text)
    SPI2_IRQHandler                          0x08000277   Thumb Code     0  startup_stm32f407xx.o(.text)
    SPI3_IRQHandler                          0x08000277   Thumb Code     0  startup_stm32f407xx.o(.text)
    TAMP_STAMP_IRQHandler                    0x08000277   Thumb Code     0  startup_stm32f407xx.o(.text)
    TIM1_BRK_TIM9_IRQHandler                 0x08000277   Thumb Code     0  startup_stm32f407xx.o(.text)
    TIM1_CC_IRQHandler                       0x08000277   Thumb Code     0  startup_stm32f407xx.o(.text)
    TIM1_TRG_COM_TIM11_IRQHandler            0x08000277   Thumb Code     0  startup_stm32f407xx.o(.text)
    TIM1_UP_TIM10_IRQHandler                 0x08000277   Thumb Code     0  startup_stm32f407xx.o(.text)
    TIM2_IRQHandler                          0x08000277   Thumb Code     0  startup_stm32f407xx.o(.text)
    TIM3_IRQHandler                          0x08000277   Thumb Code     0  startup_stm32f407xx.o(.text)
    TIM8_BRK_TIM12_IRQHandler                0x08000277   Thumb Code     0  startup_stm32f407xx.o(.text)
    TIM8_CC_IRQHandler                       0x08000277   Thumb Code     0  startup_stm32f407xx.o(.text)
    TIM8_TRG_COM_TIM14_IRQHandler            0x08000277   Thumb Code     0  startup_stm32f407xx.o(.text)
    TIM8_UP_TIM13_IRQHandler                 0x08000277   Thumb Code     0  startup_stm32f407xx.o(.text)
    UART4_IRQHandler                         0x08000277   Thumb Code     0  startup_stm32f407xx.o(.text)
    UART5_IRQHandler                         0x08000277   Thumb Code     0  startup_stm32f407xx.o(.text)
    USART1_IRQHandler                        0x08000277   Thumb Code     0  startup_stm32f407xx.o(.text)
    USART2_IRQHandler                        0x08000277   Thumb Code     0  startup_stm32f407xx.o(.text)
    USART3_IRQHandler                        0x08000277   Thumb Code     0  startup_stm32f407xx.o(.text)
    USART6_IRQHandler                        0x08000277   Thumb Code     0  startup_stm32f407xx.o(.text)
    WWDG_IRQHandler                          0x08000277   Thumb Code     0  startup_stm32f407xx.o(.text)
    arm_add_f32                              0x08000281   Thumb Code   210  arm_add_f32.o(.text)
    arm_scale_f32                            0x08000355   Thumb Code   152  arm_scale_f32.o(.text)
    arm_sub_f32                              0x080003ed   Thumb Code   210  arm_sub_f32.o(.text)
    arm_cos_f32                              0x080004c1   Thumb Code   108  arm_cos_f32.o(.text)
    arm_cmplx_mag_squared_f32                0x08000539   Thumb Code   246  arm_cmplx_mag_squared_f32.o(.text)
    arm_fir_f32                              0x08000631   Thumb Code  1330  arm_fir_f32.o(.text)
    arm_fir_init_f32                         0x08000b63   Thumb Code    28  arm_fir_init_f32.o(.text)
    arm_cfft_radix8by2_f32                   0x08000b81   Thumb Code   398  arm_cfft_f32.o(.text)
    arm_cfft_radix8by4_f32                   0x08000d0f   Thumb Code  1098  arm_cfft_f32.o(.text)
    arm_cfft_f32                             0x08001159   Thumb Code   330  arm_cfft_f32.o(.text)
    arm_max_f32                              0x080012a5   Thumb Code   216  arm_max_f32.o(.text)
    arm_radix8_butterfly_f32                 0x0800137d   Thumb Code  1244  arm_cfft_radix8_f32.o(.text)
    __aeabi_uldivmod                         0x08001859   Thumb Code    98  uldiv.o(.text)
    __aeabi_memcpy                           0x080018bb   Thumb Code    36  memcpya.o(.text)
    __aeabi_memcpy4                          0x080018bb   Thumb Code     0  memcpya.o(.text)
    __aeabi_memcpy8                          0x080018bb   Thumb Code     0  memcpya.o(.text)
    __aeabi_memset                           0x080018df   Thumb Code    14  memseta.o(.text)
    __aeabi_memset4                          0x080018df   Thumb Code     0  memseta.o(.text)
    __aeabi_memset8                          0x080018df   Thumb Code     0  memseta.o(.text)
    __aeabi_memclr                           0x080018ed   Thumb Code     4  memseta.o(.text)
    __aeabi_memclr4                          0x080018ed   Thumb Code     0  memseta.o(.text)
    __aeabi_memclr8                          0x080018ed   Thumb Code     0  memseta.o(.text)
    _memset$wrapper                          0x080018f1   Thumb Code    18  memseta.o(.text)
    strcat                                   0x08001903   Thumb Code    24  strcat.o(.text)
    strlen                                   0x0800191b   Thumb Code    14  strlen.o(.text)
    strcpy                                   0x08001929   Thumb Code    18  strcpy.o(.text)
    __aeabi_dmul                             0x0800193b   Thumb Code   228  dmul.o(.text)
    __aeabi_ddiv                             0x08001a1f   Thumb Code   222  ddiv.o(.text)
    __aeabi_ui2d                             0x08001afd   Thumb Code    26  dfltui.o(.text)
    __aeabi_d2iz                             0x08001b17   Thumb Code    62  dfixi.o(.text)
    __aeabi_d2uiz                            0x08001b55   Thumb Code    50  dfixui.o(.text)
    __aeabi_f2d                              0x08001b87   Thumb Code    38  f2d.o(.text)
    __aeabi_d2f                              0x08001bad   Thumb Code    56  d2f.o(.text)
    __aeabi_uidiv                            0x08001be5   Thumb Code     0  uidiv.o(.text)
    __aeabi_uidivmod                         0x08001be5   Thumb Code    44  uidiv.o(.text)
    __aeabi_llsl                             0x08001c11   Thumb Code    30  llshl.o(.text)
    _ll_shift_l                              0x08001c11   Thumb Code     0  llshl.o(.text)
    __aeabi_llsr                             0x08001c2f   Thumb Code    32  llushr.o(.text)
    _ll_ushift_r                             0x08001c2f   Thumb Code     0  llushr.o(.text)
    __I$use$fp                               0x08001c4f   Thumb Code     0  iusefp.o(.text)
    _float_round                             0x08001c4f   Thumb Code    18  fepilogue.o(.text)
    _float_epilogue                          0x08001c61   Thumb Code    92  fepilogue.o(.text)
    _double_round                            0x08001cbd   Thumb Code    30  depilogue.o(.text)
    _double_epilogue                         0x08001cdb   Thumb Code   156  depilogue.o(.text)
    __aeabi_dadd                             0x08001d77   Thumb Code   322  dadd.o(.text)
    __aeabi_dsub                             0x08001eb9   Thumb Code     6  dadd.o(.text)
    __aeabi_drsub                            0x08001ebf   Thumb Code     6  dadd.o(.text)
    _drnd                                    0x08001ec5   Thumb Code   132  drnd.o(.text)
    __aeabi_d2ulz                            0x08001f4d   Thumb Code    48  dfixul.o(.text)
    __aeabi_cdcmpeq                          0x08001f7d   Thumb Code     0  cdcmple.o(.text)
    __aeabi_cdcmple                          0x08001f7d   Thumb Code    48  cdcmple.o(.text)
    __aeabi_cdrcmple                         0x08001fad   Thumb Code    48  cdrcmple.o(.text)
    __fp_status                              0x08001fdd   Thumb Code     4  fpstat.o(.text)
    __ieee_status                            0x08001fdd   Thumb Code     0  fpstat.o(.text)
    __scatterload                            0x08001fe1   Thumb Code    28  init.o(.text)
    __scatterload_rt2                        0x08001fe1   Thumb Code     0  init.o(.text)
    __aeabi_lasr                             0x08002005   Thumb Code    36  llsshr.o(.text)
    _ll_sshift_r                             0x08002005   Thumb Code     0  llsshr.o(.text)
    BusFault_Handler                         0x08002029   Thumb Code     2  stm32f4xx_it.o(i.BusFault_Handler)
    DMA1_Stream0_IRQHandler                  0x0800202d   Thumb Code     6  stm32f4xx_it.o(i.DMA1_Stream0_IRQHandler)
    DMA1_Stream5_IRQHandler                  0x08002039   Thumb Code     6  stm32f4xx_it.o(i.DMA1_Stream5_IRQHandler)
    DebugMon_Handler                         0x080020e9   Thumb Code     2  stm32f4xx_it.o(i.DebugMon_Handler)
    ENCODER_Init                             0x080020ed   Thumb Code    16  encoder.o(i.ENCODER_Init)
    ENCODER_Rotated                          0x08002105   Thumb Code   226  encoder.o(i.ENCODER_Rotated)
    ENCODER_checkRotate                      0x080021fd   Thumb Code    74  encoder.o(i.ENCODER_checkRotate)
    EXTI2_IRQHandler                         0x08002251   Thumb Code    26  stm32f4xx_it.o(i.EXTI2_IRQHandler)
    EXTI4_IRQHandler                         0x08002271   Thumb Code    34  stm32f4xx_it.o(i.EXTI4_IRQHandler)
    EXTI9_5_IRQHandler                       0x08002299   Thumb Code    16  stm32f4xx_it.o(i.EXTI9_5_IRQHandler)
    FFT_doFFT                                0x080022a9   Thumb Code   300  fft.o(i.FFT_doFFT)
    FFT_printFFT                             0x080023f5   Thumb Code   420  fft.o(i.FFT_printFFT)
    FPGA_Init                                0x080025c1   Thumb Code    14  fpga.o(i.FPGA_Init)
    FPGA_fpgadata_clock                      0x080025d1   Thumb Code   112  fpga.o(i.FPGA_fpgadata_clock)
    FPGA_fpgadata_getiq                      0x0800264d   Thumb Code   332  fpga.o(i.FPGA_fpgadata_getiq)
    FPGA_fpgadata_getparam                   0x080027b9   Thumb Code    32  fpga.o(i.FPGA_fpgadata_getparam)
    FPGA_fpgadata_sendiq                     0x080027e5   Thumb Code   220  fpga.o(i.FPGA_fpgadata_sendiq)
    FPGA_fpgadata_sendparam                  0x080028d9   Thumb Code   214  fpga.o(i.FPGA_fpgadata_sendparam)
    FPGA_readPacket                          0x080029c5   Thumb Code    40  fpga.o(i.FPGA_readPacket)
    FPGA_start_audio_clock                   0x080029f1   Thumb Code    44  fpga.o(i.FPGA_start_audio_clock)
    FPGA_stop_audio_clock                    0x08002a25   Thumb Code    44  fpga.o(i.FPGA_stop_audio_clock)
    FPGA_testbus                             0x08002a59   Thumb Code   206  fpga.o(i.FPGA_testbus)
    FPGA_writePacket                         0x08002b89   Thumb Code    44  fpga.o(i.FPGA_writePacket)
    FSMC_NORSRAM_Extended_Timing_Init        0x08002bb9   Thumb Code    60  stm32f4xx_ll_fsmc.o(i.FSMC_NORSRAM_Extended_Timing_Init)
    FSMC_NORSRAM_Init                        0x08002bf9   Thumb Code    80  stm32f4xx_ll_fsmc.o(i.FSMC_NORSRAM_Init)
    FSMC_NORSRAM_Timing_Init                 0x08002c4d   Thumb Code    64  stm32f4xx_ll_fsmc.o(i.FSMC_NORSRAM_Timing_Init)
    Flash_Read_Data                          0x08002c91   Thumb Code    70  settings.o(i.Flash_Read_Data)
    Flash_Sector_Erase                       0x08002ce9   Thumb Code    92  settings.o(i.Flash_Sector_Erase)
    Flash_Write_Data                         0x08002d51   Thumb Code   104  settings.o(i.Flash_Write_Data)
    Get_Touch                                0x08002dc9   Thumb Code    32  xpt2046_spi.o(i.Get_Touch)
    Get_Touch_XY                             0x08002de9   Thumb Code   190  xpt2046_spi.o(i.Get_Touch_XY)
    HAL_DMA_Abort                            0x08002ead   Thumb Code   142  stm32f4xx_hal_dma.o(i.HAL_DMA_Abort)
    HAL_DMA_GetState                         0x08002f3b   Thumb Code     6  stm32f4xx_hal_dma.o(i.HAL_DMA_GetState)
    HAL_DMA_IRQHandler                       0x08002f41   Thumb Code   412  stm32f4xx_hal_dma.o(i.HAL_DMA_IRQHandler)
    HAL_DMA_Init                             0x080030e1   Thumb Code   206  stm32f4xx_hal_dma.o(i.HAL_DMA_Init)
    HAL_DMA_PollForTransfer                  0x080031b5   Thumb Code   292  stm32f4xx_hal_dma.o(i.HAL_DMA_PollForTransfer)
    HAL_DMA_Start                            0x080032d9   Thumb Code    70  stm32f4xx_hal_dma.o(i.HAL_DMA_Start)
    HAL_DMA_Start_IT                         0x0800331f   Thumb Code   120  stm32f4xx_hal_dma.o(i.HAL_DMA_Start_IT)
    HAL_Delay                                0x08003399   Thumb Code    32  stm32f4xx_hal.o(i.HAL_Delay)
    HAL_GPIO_EXTI_Callback                   0x08003425   Thumb Code     2  stm32f4xx_hal_gpio.o(i.HAL_GPIO_EXTI_Callback)
    HAL_GPIO_EXTI_IRQHandler                 0x08003429   Thumb Code    18  stm32f4xx_hal_gpio.o(i.HAL_GPIO_EXTI_IRQHandler)
    HAL_GPIO_Init                            0x08003441   Thumb Code   388  stm32f4xx_hal_gpio.o(i.HAL_GPIO_Init)
    HAL_GPIO_ReadPin                         0x080035f1   Thumb Code    10  stm32f4xx_hal_gpio.o(i.HAL_GPIO_ReadPin)
    HAL_GPIO_WritePin                        0x080035fb   Thumb Code    10  stm32f4xx_hal_gpio.o(i.HAL_GPIO_WritePin)
    HAL_GetTick                              0x08003605   Thumb Code     6  stm32f4xx_hal.o(i.HAL_GetTick)
    HAL_I2SEx_FullDuplex_IRQHandler          0x08003611   Thumb Code   476  stm32f4xx_hal_i2s_ex.o(i.HAL_I2SEx_FullDuplex_IRQHandler)
    HAL_I2SEx_TransmitReceive_DMA            0x080037f5   Thumb Code   390  stm32f4xx_hal_i2s_ex.o(i.HAL_I2SEx_TransmitReceive_DMA)
    HAL_I2SEx_TxRxCpltCallback               0x08003991   Thumb Code    40  wm8731.o(i.HAL_I2SEx_TxRxCpltCallback)
    HAL_I2SEx_TxRxHalfCpltCallback           0x080039c9   Thumb Code    44  wm8731.o(i.HAL_I2SEx_TxRxHalfCpltCallback)
    HAL_I2S_ErrorCallback                    0x08003a05   Thumb Code     2  stm32f4xx_hal_i2s.o(i.HAL_I2S_ErrorCallback)
    HAL_I2S_GetState                         0x08003a07   Thumb Code     6  stm32f4xx_hal_i2s.o(i.HAL_I2S_GetState)
    HAL_I2S_Init                             0x08003a0d   Thumb Code   366  stm32f4xx_hal_i2s.o(i.HAL_I2S_Init)
    HAL_I2S_MspInit                          0x08003b8d   Thumb Code   260  stm32f4xx_hal_msp.o(i.HAL_I2S_MspInit)
    HAL_I2S_RxCpltCallback                   0x08003ccd   Thumb Code     2  stm32f4xx_hal_i2s.o(i.HAL_I2S_RxCpltCallback)
    HAL_I2S_TxCpltCallback                   0x08003ccf   Thumb Code     2  stm32f4xx_hal_i2s.o(i.HAL_I2S_TxCpltCallback)
    HAL_IncTick                              0x08003cd1   Thumb Code    12  stm32f4xx_hal.o(i.HAL_IncTick)
    HAL_Init                                 0x08003ce1   Thumb Code    48  stm32f4xx_hal.o(i.HAL_Init)
    HAL_InitTick                             0x08003d15   Thumb Code    54  stm32f4xx_hal.o(i.HAL_InitTick)
    HAL_MspInit                              0x08003d55   Thumb Code   126  stm32f4xx_hal_msp.o(i.HAL_MspInit)
    HAL_NVIC_EnableIRQ                       0x08003dd9   Thumb Code    22  stm32f4xx_hal_cortex.o(i.HAL_NVIC_EnableIRQ)
    HAL_NVIC_SetPriority                     0x08003df1   Thumb Code    60  stm32f4xx_hal_cortex.o(i.HAL_NVIC_SetPriority)
    HAL_NVIC_SetPriorityGrouping             0x08003e31   Thumb Code    26  stm32f4xx_hal_cortex.o(i.HAL_NVIC_SetPriorityGrouping)
    HAL_RCCEx_GetPeriphCLKFreq               0x08003e55   Thumb Code    76  stm32f4xx_hal_rcc_ex.o(i.HAL_RCCEx_GetPeriphCLKFreq)
    HAL_RCC_ClockConfig                      0x08003eb1   Thumb Code   286  stm32f4xx_hal_rcc.o(i.HAL_RCC_ClockConfig)
    HAL_RCC_DeInit                           0x08003fe1   Thumb Code   282  stm32f4xx_hal_rcc_ex.o(i.HAL_RCC_DeInit)
    HAL_RCC_GetHCLKFreq                      0x08004111   Thumb Code     6  stm32f4xx_hal_rcc.o(i.HAL_RCC_GetHCLKFreq)
    HAL_RCC_GetPCLK1Freq                     0x0800411d   Thumb Code    20  stm32f4xx_hal_rcc.o(i.HAL_RCC_GetPCLK1Freq)
    HAL_RCC_GetPCLK2Freq                     0x0800413d   Thumb Code    20  stm32f4xx_hal_rcc.o(i.HAL_RCC_GetPCLK2Freq)
    HAL_RCC_GetSysClockFreq                  0x0800415d   Thumb Code    88  stm32f4xx_hal_rcc.o(i.HAL_RCC_GetSysClockFreq)
    HAL_RCC_OscConfig                        0x080041bd   Thumb Code   770  stm32f4xx_hal_rcc.o(i.HAL_RCC_OscConfig)
    HAL_SPI_Init                             0x080044d9   Thumb Code   128  stm32f4xx_hal_spi.o(i.HAL_SPI_Init)
    HAL_SPI_MspInit                          0x08004559   Thumb Code    88  stm32f4xx_hal_msp.o(i.HAL_SPI_MspInit)
    HAL_SPI_Receive                          0x080045c1   Thumb Code   336  stm32f4xx_hal_spi.o(i.HAL_SPI_Receive)
    HAL_SPI_Transmit                         0x08004711   Thumb Code   360  stm32f4xx_hal_spi.o(i.HAL_SPI_Transmit)
    HAL_SPI_TransmitReceive                  0x08004879   Thumb Code   472  stm32f4xx_hal_spi.o(i.HAL_SPI_TransmitReceive)
    HAL_SRAM_Init                            0x08004a51   Thumb Code    86  stm32f4xx_hal_sram.o(i.HAL_SRAM_Init)
    HAL_SRAM_MspInit                         0x08004aa7   Thumb Code     4  stm32f4xx_hal_msp.o(i.HAL_SRAM_MspInit)
    HAL_SYSTICK_CLKSourceConfig              0x08004aab   Thumb Code    24  stm32f4xx_hal_cortex.o(i.HAL_SYSTICK_CLKSourceConfig)
    HAL_SYSTICK_Callback                     0x08004ac3   Thumb Code     2  stm32f4xx_hal_cortex.o(i.HAL_SYSTICK_Callback)
    HAL_SYSTICK_Config                       0x08004ac5   Thumb Code    40  stm32f4xx_hal_cortex.o(i.HAL_SYSTICK_Config)
    HAL_SYSTICK_IRQHandler                   0x08004aed   Thumb Code     8  stm32f4xx_hal_cortex.o(i.HAL_SYSTICK_IRQHandler)
    HAL_TIMEx_BreakCallback                  0x08004af5   Thumb Code     2  stm32f4xx_hal_tim_ex.o(i.HAL_TIMEx_BreakCallback)
    HAL_TIMEx_CommutationCallback            0x08004af7   Thumb Code     2  stm32f4xx_hal_tim_ex.o(i.HAL_TIMEx_CommutationCallback)
    HAL_TIMEx_MasterConfigSynchronization    0x08004af9   Thumb Code    80  stm32f4xx_hal_tim_ex.o(i.HAL_TIMEx_MasterConfigSynchronization)
    HAL_TIM_Base_Init                        0x08004b49   Thumb Code    54  stm32f4xx_hal_tim.o(i.HAL_TIM_Base_Init)
    HAL_TIM_Base_MspInit                     0x08004b81   Thumb Code   158  stm32f4xx_hal_msp.o(i.HAL_TIM_Base_MspInit)
    HAL_TIM_Base_Start                       0x08004c35   Thumb Code    26  stm32f4xx_hal_tim.o(i.HAL_TIM_Base_Start)
    HAL_TIM_Base_Start_IT                    0x08004c4f   Thumb Code    24  stm32f4xx_hal_tim.o(i.HAL_TIM_Base_Start_IT)
    HAL_TIM_ConfigClockSource                0x08004c67   Thumb Code   242  stm32f4xx_hal_tim.o(i.HAL_TIM_ConfigClockSource)
    HAL_TIM_IC_CaptureCallback               0x08004d59   Thumb Code     2  stm32f4xx_hal_tim.o(i.HAL_TIM_IC_CaptureCallback)
    HAL_TIM_IRQHandler                       0x08004d5b   Thumb Code   358  stm32f4xx_hal_tim.o(i.HAL_TIM_IRQHandler)
    HAL_TIM_OC_DelayElapsedCallback          0x08004ec1   Thumb Code     2  stm32f4xx_hal_tim.o(i.HAL_TIM_OC_DelayElapsedCallback)
    HAL_TIM_PWM_PulseFinishedCallback        0x08004ec3   Thumb Code     2  stm32f4xx_hal_tim.o(i.HAL_TIM_PWM_PulseFinishedCallback)
    HAL_TIM_PeriodElapsedCallback            0x08004ec5   Thumb Code     2  stm32f4xx_hal_tim.o(i.HAL_TIM_PeriodElapsedCallback)
    HAL_TIM_TriggerCallback                  0x08004ec7   Thumb Code     2  stm32f4xx_hal_tim.o(i.HAL_TIM_TriggerCallback)
    HAL_UART_Init                            0x08004ec9   Thumb Code    98  stm32f4xx_hal_uart.o(i.HAL_UART_Init)
    HAL_UART_MspInit                         0x08004f2d   Thumb Code    64  stm32f4xx_hal_msp.o(i.HAL_UART_MspInit)
    HAL_UART_Transmit                        0x08004f79   Thumb Code   186  stm32f4xx_hal_uart.o(i.HAL_UART_Transmit)
    HardFault_Handler                        0x08005033   Thumb Code     2  stm32f4xx_it.o(i.HardFault_Handler)
    I2SEx_Fix                                0x08005035   Thumb Code    24  wm8731.o(i.I2SEx_Fix)
    ILI9341_DrawPixel                        0x0800537d   Thumb Code    14  ma_ili9341.o(i.ILI9341_DrawPixel)
    ILI9341_Fill                             0x08005391   Thumb Code    60  ma_ili9341.o(i.ILI9341_Fill)
    ILI9341_Fill_RectWH                      0x080053d5   Thumb Code    16  ma_ili9341.o(i.ILI9341_Fill_RectWH)
    ILI9341_Fill_RectXY                      0x080053e5   Thumb Code    50  ma_ili9341.o(i.ILI9341_Fill_RectXY)
    ILI9341_GetCurrentXOffset                0x0800541d   Thumb Code    18  ma_ili9341.o(i.ILI9341_GetCurrentXOffset)
    ILI9341_Init                             0x08005435   Thumb Code   186  ma_ili9341.o(i.ILI9341_Init)
    ILI9341_SetCursorAreaPosition            0x080054f5   Thumb Code    58  ma_ili9341.o(i.ILI9341_SetCursorAreaPosition)
    ILI9341_SetCursorPosition                0x08005539   Thumb Code    54  ma_ili9341.o(i.ILI9341_SetCursorPosition)
    ILI9341_drawChar                         0x08005579   Thumb Code   212  ma_ili9341.o(i.ILI9341_drawChar)
    ILI9341_drawFastHLine                    0x08005655   Thumb Code    30  ma_ili9341.o(i.ILI9341_drawFastHLine)
    ILI9341_drawFastVLine                    0x08005673   Thumb Code    32  ma_ili9341.o(i.ILI9341_drawFastVLine)
    ILI9341_drawRectXY                       0x08005693   Thumb Code    84  ma_ili9341.o(i.ILI9341_drawRectXY)
    ILI9341_printText                        0x080056e9   Thumb Code    64  ma_ili9341.o(i.ILI9341_printText)
    ILI9341_setRotation                      0x08005729   Thumb Code    76  ma_ili9341.o(i.ILI9341_setRotation)
    Init_XPT2046                             0x0800577d   Thumb Code    32  xpt2046_spi.o(i.Init_XPT2046)
    JumpToBootloader                         0x0800579d   Thumb Code    48  bootloader.o(i.JumpToBootloader)
    LCD_Init                                 0x080057d5   Thumb Code    42  lcd.o(i.LCD_Init)
    LCD_checkTouchPad                        0x08005805   Thumb Code  1302  lcd.o(i.LCD_checkTouchPad)
    LCD_displayFreqInfo                      0x08005d1d   Thumb Code   454  lcd.o(i.LCD_displayFreqInfo)
    LCD_displayMainMenu                      0x08005f05   Thumb Code   436  lcd.o(i.LCD_displayMainMenu)
    LCD_displayStatusInfoBar                 0x08006105   Thumb Code   246  lcd.o(i.LCD_displayStatusInfoBar)
    LCD_displayStatusInfoGUI                 0x0800622d   Thumb Code   206  lcd.o(i.LCD_displayStatusInfoGUI)
    LCD_displayTopButtons                    0x0800632d   Thumb Code  1662  lcd.o(i.LCD_displayTopButtons)
    LCD_doEvents                             0x080069b1   Thumb Code    38  lcd.o(i.LCD_doEvents)
    LCD_redraw                               0x080069dd   Thumb Code    52  lcd.o(i.LCD_redraw)
    LoadSettings                             0x08006a15   Thumb Code    46  settings.o(i.LoadSettings)
    MemManage_Handler                        0x08006ee1   Thumb Code     2  stm32f4xx_it.o(i.MemManage_Handler)
    NMI_Handler                              0x08006ee3   Thumb Code     2  stm32f4xx_it.o(i.NMI_Handler)
    PendSV_Handler                           0x08006f05   Thumb Code     2  stm32f4xx_it.o(i.PendSV_Handler)
    RxAgcWdsp                                0x08006f09   Thumb Code   940  agc.o(i.RxAgcWdsp)
    SVC_Handler                              0x08007383   Thumb Code     2  stm32f4xx_it.o(i.SVC_Handler)
    SaveSettings                             0x08007385   Thumb Code    32  settings.o(i.SaveSettings)
    SetupAgcWdsp                             0x080073ad   Thumb Code   886  agc.o(i.SetupAgcWdsp)
    Spi_Master_Transmit                      0x0800776d   Thumb Code    34  xpt2046_spi.o(i.Spi_Master_Transmit)
    SysTick_Handler                          0x08007795   Thumb Code    14  stm32f4xx_it.o(i.SysTick_Handler)
    SystemClock_Config                       0x080077a5   Thumb Code   152  main_1.o(i.SystemClock_Config)
    SystemInit                               0x08007845   Thumb Code    66  system_stm32f4xx_1.o(i.SystemInit)
    TIM4_IRQHandler                          0x08007899   Thumb Code    26  stm32f4xx_it.o(i.TIM4_IRQHandler)
    TIM5_IRQHandler                          0x080078bd   Thumb Code    54  stm32f4xx_it.o(i.TIM5_IRQHandler)
    TIM6_DAC_IRQHandler                      0x08007901   Thumb Code   114  stm32f4xx_it.o(i.TIM6_DAC_IRQHandler)
    TIM7_IRQHandler                          0x080079a5   Thumb Code    26  stm32f4xx_it.o(i.TIM7_IRQHandler)
    TIM_Base_SetConfig                       0x080079c9   Thumb Code   148  stm32f4xx_hal_tim.o(i.TIM_Base_SetConfig)
    TRX_Init                                 0x08007af5   Thumb Code    22  trx_manager.o(i.TRX_Init)
    TRX_getFrequency                         0x08007b15   Thumb Code     6  trx_manager.o(i.TRX_getFrequency)
    TRX_getMode                              0x08007b21   Thumb Code     6  trx_manager.o(i.TRX_getMode)
    TRX_ptt_change                           0x08007b2d   Thumb Code    54  trx_manager.o(i.TRX_ptt_change)
    TRX_setFrequency                         0x08007b71   Thumb Code    60  trx_manager.o(i.TRX_setFrequency)
    TRX_setMode                              0x08007bb9   Thumb Code    18  trx_manager.o(i.TRX_setMode)
    Touch_Set_Coef                           0x08007bd5   Thumb Code    88  xpt2046_spi.o(i.Touch_Set_Coef)
    UsageFault_Handler                       0x08007f8d   Thumb Code     2  stm32f4xx_it.o(i.UsageFault_Handler)
    WM8731_Init                              0x08007f91   Thumb Code    74  wm8731.o(i.WM8731_Init)
    WM8731_RX_mode                           0x08007ff1   Thumb Code    54  wm8731.o(i.WM8731_RX_mode)
    WM8731_SendI2CCommand                    0x08008027   Thumb Code    60  wm8731.o(i.WM8731_SendI2CCommand)
    WM8731_TXRX_mode                         0x08008063   Thumb Code    54  wm8731.o(i.WM8731_TXRX_mode)
    WM8731_TX_mode                           0x08008099   Thumb Code    54  wm8731.o(i.WM8731_TX_mode)
    _Error_Handler                           0x080080cf   Thumb Code     2  main_1.o(i._Error_Handler)
    __0sprintf                               0x080080d1   Thumb Code    34  printfa.o(i.__0sprintf)
    __1sprintf                               0x080080d1   Thumb Code     0  printfa.o(i.__0sprintf)
    __2sprintf                               0x080080d1   Thumb Code     0  printfa.o(i.__0sprintf)
    __c89sprintf                             0x080080d1   Thumb Code     0  printfa.o(i.__0sprintf)
    sprintf                                  0x080080d1   Thumb Code     0  printfa.o(i.__0sprintf)
    __ARM_fpclassifyf                        0x080080f9   Thumb Code    38  fpclassifyf.o(i.__ARM_fpclassifyf)
    __hardfp_ceil                            0x08008121   Thumb Code   252  ceil.o(i.__hardfp_ceil)
    __hardfp_expf                            0x08008239   Thumb Code   426  expf.o(i.__hardfp_expf)
    __mathlib_expf                           0x08008239   Thumb Code     0  expf.o(i.__hardfp_expf)
    __hardfp_frexpf                          0x08008421   Thumb Code    80  frexpf.o(i.__hardfp_frexpf)
    __hardfp_log10f                          0x08008475   Thumb Code   332  log10f.o(i.__hardfp_log10f)
    __hardfp_powf                            0x080085f5   Thumb Code  1606  powf.o(i.__hardfp_powf)
    __mathlib_powf                           0x080085f5   Thumb Code     0  powf.o(i.__hardfp_powf)
    __hardfp_round                           0x08008c59   Thumb Code   194  round.o(i.__hardfp_round)
    __mathlib_flt_divzero                    0x08008d39   Thumb Code    14  funder.o(i.__mathlib_flt_divzero)
    __mathlib_flt_infnan                     0x08008d4d   Thumb Code     6  funder.o(i.__mathlib_flt_infnan)
    __mathlib_flt_infnan2                    0x08008d53   Thumb Code     6  funder.o(i.__mathlib_flt_infnan2)
    __mathlib_flt_invalid                    0x08008d59   Thumb Code    10  funder.o(i.__mathlib_flt_invalid)
    __mathlib_flt_overflow                   0x08008d69   Thumb Code    10  funder.o(i.__mathlib_flt_overflow)
    __mathlib_flt_underflow                  0x08008d79   Thumb Code    10  funder.o(i.__mathlib_flt_underflow)
    __scatterload_copy                       0x08008d89   Thumb Code    14  handlers.o(i.__scatterload_copy)
    __scatterload_null                       0x08008d97   Thumb Code     2  handlers.o(i.__scatterload_null)
    __scatterload_zeroinit                   0x08008d99   Thumb Code    14  handlers.o(i.__scatterload_zeroinit)
    __set_errno                              0x08008da9   Thumb Code     6  errno.o(i.__set_errno)
    addSymbols                               0x08009671   Thumb Code    96  functions.o(i.addSymbols)
    checkBootloaderButton                    0x080096d1   Thumb Code    74  bootloader.o(i.checkBootloaderButton)
    delay_us                                 0x08009725   Thumb Code    52  functions.o(i.delay_us)
    getFFTColor                              0x08009769   Thumb Code    76  fft.o(i.getFFTColor)
    getModeFromFreq                          0x080097b5   Thumb Code   118  bands.o(i.getModeFromFreq)
    getPhraseFromFrequency                   0x08009839   Thumb Code    50  functions.o(i.getPhraseFromFrequency)
    i2c_begin                                0x0800987d   Thumb Code    54  wire.o(i.i2c_begin)
    i2c_beginTransmission_u8                 0x080098b9   Thumb Code    16  wire.o(i.i2c_beginTransmission_u8)
    i2c_endTransmission                      0x080098cd   Thumb Code   106  wire.o(i.i2c_endTransmission)
    i2c_get_ack                              0x08009941   Thumb Code   208  wire.o(i.i2c_get_ack)
    i2c_shift_out                            0x08009a15   Thumb Code   156  wire.o(i.i2c_shift_out)
    i2c_start                                0x08009ab5   Thumb Code    78  wire.o(i.i2c_start)
    i2c_stop                                 0x08009b09   Thumb Code   136  wire.o(i.i2c_stop)
    i2c_writeOneByte                         0x08009b95   Thumb Code    20  wire.o(i.i2c_writeOneByte)
    i2c_write_u8                             0x08009ba9   Thumb Code    24  wire.o(i.i2c_write_u8)
    initAudioProcessor                       0x08009bc9   Thumb Code    82  audio_processor.o(i.initAudioProcessor)
    isTouch                                  0x08009c59   Thumb Code    20  xpt2046_spi.o(i.isTouch)
    log10f_fast                              0x08009c71   Thumb Code    74  functions.o(i.log10f_fast)
    logToUART1_num                           0x08009cd1   Thumb Code    34  functions.o(i.logToUART1_num)
    logToUART1_str                           0x08009cfd   Thumb Code    26  functions.o(i.logToUART1_str)
    main                                     0x08009d1d   Thumb Code   318  main_1.o(i.main)
    processRxAudio                           0x08009e91   Thumb Code   744  audio_processor.o(i.processRxAudio)
    processTxAudio                           0x0800a1c1   Thumb Code   526  audio_processor.o(i.processTxAudio)
    readHalfFromCircleBuffer32               0x0800a415   Thumb Code    64  functions.o(i.readHalfFromCircleBuffer32)
    readHalfFromCircleBufferU32              0x0800a455   Thumb Code    64  functions.o(i.readHalfFromCircleBufferU32)
    rgb888torgb565                           0x0800a495   Thumb Code    16  ma_ili9341.o(i.rgb888torgb565)
    start_i2s                                0x0800a4a5   Thumb Code    86  wm8731.o(i.start_i2s)
    i_rx_3k6_coeffs                          0x0800a52c   Data         356  audio_filters.o(.constdata)
    q_rx_3k6_coeffs                          0x0800a690   Data         356  audio_filters.o(.constdata)
    i_tx_coeffs                              0x0800a7f4   Data         804  audio_filters.o(.constdata)
    q_tx_coeffs                              0x0800ab18   Data         804  audio_filters.o(.constdata)
    FIR_RX_SSB_LPF_2k7_coeffs                0x0800ae3c   Data         356  audio_filters.o(.constdata)
    BANDS                                    0x0800b198   Data         180  bands.o(.constdata)
    AHBPrescTable                            0x0800b254   Data          16  system_stm32f4xx_1.o(.constdata)
    APBPrescTable                            0x0800b264   Data           8  system_stm32f4xx_1.o(.constdata)
    arm_cfft_sR_f32_len256                   0x0800b76c   Data          16  arm_const_structs.o(.constdata)
    twiddleCoef_256                          0x0800b77c   Data        2048  arm_common_tables.o(.constdata)
    armBitRevIndexTable256                   0x0800bf7c   Data         880  arm_common_tables.o(.constdata)
    sinTable_f32                             0x0800c2ec   Data        2052  arm_common_tables.o(.constdata)
    Region$$Table$$Base                      0x0800ccc8   Number         0  anon$$obj.o(Region$$Table)
    Region$$Table$$Limit                     0x0800cce8   Number         0  anon$$obj.o(Region$$Table)
    ENCODER_ALast                            0x20000000   Data           4  encoder.o(.data)
    ENCODER_AVal                             0x20000004   Data           4  encoder.o(.data)
    ENCODER_slowler                          0x20000008   Data           4  encoder.o(.data)
    FFT_buff_index                           0x2000000c   Data           4  fft.o(.data)
    FFTInputBufferInProgress                 0x20000010   Data           1  fft.o(.data)
    FFT_need_fft                             0x20000011   Data           1  fft.o(.data)
    height                                   0x20000012   Data           2  fft.o(.data)
    maxValueErrors                           0x20000014   Data           2  fft.o(.data)
    tmp                                      0x20000016   Data           2  fft.o(.data)
    maxIndex                                 0x2000001c   Data           4  fft.o(.data)
    maxValue                                 0x20000020   Data           4  fft.o(.data)
    FPGA_fpgadata_in_tmp8                    0x20000024   Data           1  fpga.o(.data)
    FPGA_fpgadata_out_tmp8                   0x20000025   Data           1  fpga.o(.data)
    FPGA_busy                                0x20000026   Data           1  fpga.o(.data)
    FPGA_Audio_Buffer_State                  0x20000027   Data           1  fpga.o(.data)
    FPGA_NeedSendParams                      0x20000028   Data           1  fpga.o(.data)
    FPGA_NeedGetParams                       0x20000029   Data           1  fpga.o(.data)
    FPGA_fpgadata_in_tmp16                   0x2000002a   Data           2  fpga.o(.data)
    FPGA_fpgadata_out_tmp16                  0x2000002c   Data           2  fpga.o(.data)
    FPGA_fpgadata_in_inttmp16                0x2000002e   Data           2  fpga.o(.data)
    FPGA_Audio_Buffer_Index                  0x20000030   Data           2  fpga.o(.data)
    FPGA_samples                             0x20000034   Data           4  fpga.o(.data)
    LCD_bandMenuOpened                       0x20000038   Data           1  lcd.o(.data)
    LCD_modeMenuOpened                       0x20000039   Data           1  lcd.o(.data)
    LCD_mainMenuOpened                       0x2000003a   Data           1  lcd.o(.data)
    LCD_menu_main_index                      0x2000003b   Data           1  lcd.o(.data)
    LCD_needRedrawMainMenu                   0x2000003c   Data           1  lcd.o(.data)
    LCD_busy                                 0x2000003d   Data           1  lcd.o(.data)
    LCD_pressed                              0x2000003e   Data           1  lcd.o(.data)
    LCD_last_showed_freq                     0x20000040   Data           4  lcd.o(.data)
    LCD_last_s_meter                         0x20000044   Data           4  lcd.o(.data)
    LCD_freq_string_hz                       0x20000048   Data           6  lcd.o(.data)
    LCD_freq_string_khz                      0x2000004e   Data           6  lcd.o(.data)
    LCD_freq_string_mhz                      0x20000054   Data           6  lcd.o(.data)
    TRX_ptt                                  0x2000005c   Data           1  trx_manager.o(.data)
    TRX_tune                                 0x2000005d   Data           1  trx_manager.o(.data)
    TRX_freq_phrase                          0x20000060   Data           4  trx_manager.o(.data)
    TRX_inited                               0x20000064   Data           1  trx_manager.o(.data)
    TRX_s_meter                              0x20000068   Data           4  trx_manager.o(.data)
    TRX_agc_wdsp_action                      0x2000006c   Data           1  trx_manager.o(.data)
    TRX_ADC_OTR                              0x2000006d   Data           1  trx_manager.o(.data)
    WM8731_SampleMode                        0x2000006e   Data           1  wm8731.o(.data)
    WM8731_DMA_state                         0x20000070   Data           1  wm8731.o(.data)
    WM8731_Buffer_underrun                   0x20000071   Data           1  wm8731.o(.data)
    WM8731_DMA_samples                       0x20000074   Data           4  wm8731.o(.data)
    i2c_rx_buf_idx                           0x20000078   Data           1  wire.o(.data)
    i2c_rx_buf_len                           0x20000079   Data           1  wire.o(.data)
    i2c_tx_addr                              0x2000007a   Data           1  wire.o(.data)
    i2c_tx_buf_idx                           0x2000007b   Data           1  wire.o(.data)
    i2c_tx_buf_overflow                      0x2000007c   Data           1  wire.o(.data)
    Processor_AudioBuffer_ReadyBuffer        0x20000080   Data           1  audio_processor.o(.data)
    Processor_NeedBuffer                     0x20000081   Data           1  audio_processor.o(.data)
    block                                    0x20000082   Data           2  audio_processor.o(.data)
    AUDIOPROC_samples                        0x20000084   Data           4  audio_processor.o(.data)
    AUDIOPROC_TXA_samples                    0x20000088   Data           4  audio_processor.o(.data)
    AUDIOPROC_TXB_samples                    0x2000008c   Data           4  audio_processor.o(.data)
    Processor_AVG_amplitude                  0x20000090   Data           4  audio_processor.o(.data)
    ampl_val_i                               0x20000094   Data           4  audio_processor.o(.data)
    ampl_val_q                               0x20000098   Data           4  audio_processor.o(.data)
    agc_initialised                          0x2000009c   Data           1  agc.o(.data)
    agc_wdsp_tau_decay                       0x2000009e   Data          12  agc.o(.data)
    Write_Enable                             0x200000aa   Data           1  settings.o(.data)
    Erase_Chip                               0x200000ab   Data           1  settings.o(.data)
    Sector_Erase                             0x200000ac   Data           1  settings.o(.data)
    Page_Program                             0x200000ad   Data           1  settings.o(.data)
    Read_Data                                0x200000ae   Data           1  settings.o(.data)
    NeedSaveSettings                         0x200000af   Data           1  settings.o(.data)
    Address                                  0x200000b0   Data           3  settings.o(.data)
    ms100_counter                            0x200000b4   Data           4  stm32f4xx_it.o(.data)
    uwTickFreq                               0x200000c0   Data           1  stm32f4xx_hal.o(.data)
    uwTickPrio                               0x200000c4   Data           4  stm32f4xx_hal.o(.data)
    uwTick                                   0x200000c8   Data           4  stm32f4xx_hal.o(.data)
    SystemCoreClock                          0x200000cc   Data           4  system_stm32f4xx_1.o(.data)
    bx                                       0x200000d4   Data           2  xpt2046_spi.o(.data)
    by                                       0x200000d6   Data           2  xpt2046_spi.o(.data)
    ax                                       0x200000d8   Data           4  xpt2046_spi.o(.data)
    ay                                       0x200000dc   Data           4  xpt2046_spi.o(.data)
    FFTInput_A                               0x200000fc   Data        2048  fft.o(.bss)
    FFTInput_B                               0x200008fc   Data        2048  fft.o(.bss)
    wtf_buffer                               0x200010fc   Data       25600  fft.o(.bss)
    FFTOutput                                0x200074fc   Data        1024  fft.o(.bss)
    FPGA_Audio_Buffer_Q                      0x200078fc   Data         256  fpga.o(.bss)
    FPGA_Audio_Buffer_I                      0x200079fc   Data         256  fpga.o(.bss)
    CODEC_Audio_Buffer_RX                    0x20007afc   Data         512  wm8731.o(.bss)
    CODEC_Audio_Buffer_TX                    0x20007cfc   Data         512  wm8731.o(.bss)
    i2c_rx_buf                               0x20007efc   Data         101  wire.o(.bss)
    i2c_tx_buf                               0x20007f61   Data         101  wire.o(.bss)
    Processor_AudioBuffer_A                  0x20007fc8   Data         256  audio_processor.o(.bss)
    Processor_AudioBuffer_B                  0x200080c8   Data         256  audio_processor.o(.bss)
    FPGA_Audio_Buffer_Q_tmp                  0x200081c8   Data         128  audio_processor.o(.bss)
    FPGA_Audio_Buffer_I_tmp                  0x20008248   Data         128  audio_processor.o(.bss)
    FIR_RX_Hilbert_I                         0x200082c8   Data          12  audio_filters.o(.bss)
    FIR_RX_Hilbert_Q                         0x200082d4   Data          12  audio_filters.o(.bss)
    FIR_TX_Hilbert_I                         0x200082e0   Data          12  audio_filters.o(.bss)
    FIR_TX_Hilbert_Q                         0x200082ec   Data          12  audio_filters.o(.bss)
    FIR_RX_SSB_LPF                           0x200082f8   Data          12  audio_filters.o(.bss)
    Fir_Rx_Hilbert_State_I                   0x20008304   Data         484  audio_filters.o(.bss)
    Fir_Rx_Hilbert_State_Q                   0x200084e8   Data         484  audio_filters.o(.bss)
    Fir_Tx_Hilbert_State_I                   0x200086cc   Data         932  audio_filters.o(.bss)
    Fir_Tx_Hilbert_State_Q                   0x20008a70   Data         932  audio_filters.o(.bss)
    FIR_RX_SSB_LPF_State                     0x20008e14   Data         612  audio_filters.o(.bss)
    agc_wdsp                                 0x20009078   Data        4788  agc.o(.bss)
    TRX                                      0x2000a32c   Data          16  settings.o(.bss)
    hi2s3                                    0x2000a33c   Data          72  main_1.o(.bss)
    hspi1                                    0x2000a384   Data          88  main_1.o(.bss)
    hspi2                                    0x2000a3dc   Data          88  main_1.o(.bss)
    htim4                                    0x2000a434   Data          60  main_1.o(.bss)
    htim5                                    0x2000a470   Data          60  main_1.o(.bss)
    htim6                                    0x2000a4ac   Data          60  main_1.o(.bss)
    htim7                                    0x2000a4e8   Data          60  main_1.o(.bss)
    huart1                                   0x2000a524   Data          64  main_1.o(.bss)
    hdma_memtomem_dma2_stream0               0x2000a564   Data          96  main_1.o(.bss)
    hdma_memtomem_dma2_stream1               0x2000a5c4   Data          96  main_1.o(.bss)
    hsram1                                   0x2000a624   Data          80  main_1.o(.bss)
    hdma_i2s3_ext_rx                         0x2000a674   Data          96  main_1.o(.bss)
    hdma_spi3_tx                             0x2000a6d4   Data          96  main_1.o(.bss)
    __initial_sp                             0x2000af38   Data           0  startup_stm32f407xx.o(STACK)



==============================================================================

Memory Map of the image

  Image Entry point : 0x08000249

  Load Region LR_IROM1 (Base: 0x08000000, Size: 0x0000cde4, Max: 0x00080000, ABSOLUTE)

    Execution Region ER_IROM1 (Exec base: 0x08000000, Load base: 0x08000000, Size: 0x0000cce8, Max: 0x00080000, ABSOLUTE)

    Exec Addr    Load Addr    Size         Type   Attr      Idx    E Section Name        Object

    0x08000000   0x08000000   0x00000188   Data   RO            3    RESET               startup_stm32f407xx.o
    0x08000188   0x08000188   0x000000c0   Code   RO         5312    . text              arm_cortexM4lf_math.lib(arm_bitreversal2.o)
    0x08000248   0x08000248   0x00000000   Code   RO         5456  * .ARM.Collect$$$$00000000  mc_w.l(entry.o)
    0x08000248   0x08000248   0x00000004   Code   RO         5766    .ARM.Collect$$$$00000001  mc_w.l(entry2.o)
    0x0800024c   0x0800024c   0x00000004   Code   RO         5769    .ARM.Collect$$$$00000004  mc_w.l(entry5.o)
    0x08000250   0x08000250   0x00000000   Code   RO         5771    .ARM.Collect$$$$00000008  mc_w.l(entry7b.o)
    0x08000250   0x08000250   0x00000000   Code   RO         5773    .ARM.Collect$$$$0000000A  mc_w.l(entry8b.o)
    0x08000250   0x08000250   0x00000008   Code   RO         5774    .ARM.Collect$$$$0000000B  mc_w.l(entry9a.o)
    0x08000258   0x08000258   0x00000000   Code   RO         5776    .ARM.Collect$$$$0000000D  mc_w.l(entry10a.o)
    0x08000258   0x08000258   0x00000000   Code   RO         5778    .ARM.Collect$$$$0000000F  mc_w.l(entry11a.o)
    0x08000258   0x08000258   0x00000004   Code   RO         5767    .ARM.Collect$$$$00002712  mc_w.l(entry2.o)
    0x0800025c   0x0800025c   0x00000024   Code   RO            4    .text               startup_stm32f407xx.o
    0x08000280   0x08000280   0x000000d2   Code   RO         4914    .text               arm_cortexM4lf_math.lib(arm_add_f32.o)
    0x08000352   0x08000352   0x00000002   PAD
    0x08000354   0x08000354   0x00000098   Code   RO         4960    .text               arm_cortexM4lf_math.lib(arm_scale_f32.o)
    0x080003ec   0x080003ec   0x000000d2   Code   RO         4984    .text               arm_cortexM4lf_math.lib(arm_sub_f32.o)
    0x080004be   0x080004be   0x00000002   PAD
    0x080004c0   0x080004c0   0x00000078   Code   RO         5008    .text               arm_cortexM4lf_math.lib(arm_cos_f32.o)
    0x08000538   0x08000538   0x000000f6   Code   RO         5036    .text               arm_cortexM4lf_math.lib(arm_cmplx_mag_squared_f32.o)
    0x0800062e   0x0800062e   0x00000002   PAD
    0x08000630   0x08000630   0x00000532   Code   RO         5060    .text               arm_cortexM4lf_math.lib(arm_fir_f32.o)
    0x08000b62   0x08000b62   0x0000001c   Code   RO         5084    .text               arm_cortexM4lf_math.lib(arm_fir_init_f32.o)
    0x08000b7e   0x08000b7e   0x00000002   PAD
    0x08000b80   0x08000b80   0x00000722   Code   RO         5108    .text               arm_cortexM4lf_math.lib(arm_cfft_f32.o)
    0x080012a2   0x080012a2   0x00000002   PAD
    0x080012a4   0x080012a4   0x000000d8   Code   RO         5132    .text               arm_cortexM4lf_math.lib(arm_max_f32.o)
    0x0800137c   0x0800137c   0x000004dc   Code   RO         5291    .text               arm_cortexM4lf_math.lib(arm_cfft_radix8_f32.o)
    0x08001858   0x08001858   0x00000062   Code   RO         5459    .text               mc_w.l(uldiv.o)
    0x080018ba   0x080018ba   0x00000024   Code   RO         5461    .text               mc_w.l(memcpya.o)
    0x080018de   0x080018de   0x00000024   Code   RO         5463    .text               mc_w.l(memseta.o)
    0x08001902   0x08001902   0x00000018   Code   RO         5465    .text               mc_w.l(strcat.o)
    0x0800191a   0x0800191a   0x0000000e   Code   RO         5467    .text               mc_w.l(strlen.o)
    0x08001928   0x08001928   0x00000012   Code   RO         5469    .text               mc_w.l(strcpy.o)
    0x0800193a   0x0800193a   0x000000e4   Code   RO         5736    .text               mf_w.l(dmul.o)
    0x08001a1e   0x08001a1e   0x000000de   Code   RO         5738    .text               mf_w.l(ddiv.o)
    0x08001afc   0x08001afc   0x0000001a   Code   RO         5740    .text               mf_w.l(dfltui.o)
    0x08001b16   0x08001b16   0x0000003e   Code   RO         5742    .text               mf_w.l(dfixi.o)
    0x08001b54   0x08001b54   0x00000032   Code   RO         5744    .text               mf_w.l(dfixui.o)
    0x08001b86   0x08001b86   0x00000026   Code   RO         5746    .text               mf_w.l(f2d.o)
    0x08001bac   0x08001bac   0x00000038   Code   RO         5748    .text               mf_w.l(d2f.o)
    0x08001be4   0x08001be4   0x0000002c   Code   RO         5783    .text               mc_w.l(uidiv.o)
    0x08001c10   0x08001c10   0x0000001e   Code   RO         5785    .text               mc_w.l(llshl.o)
    0x08001c2e   0x08001c2e   0x00000020   Code   RO         5787    .text               mc_w.l(llushr.o)
    0x08001c4e   0x08001c4e   0x00000000   Code   RO         5826    .text               mc_w.l(iusefp.o)
    0x08001c4e   0x08001c4e   0x0000006e   Code   RO         5827    .text               mf_w.l(fepilogue.o)
    0x08001cbc   0x08001cbc   0x000000ba   Code   RO         5829    .text               mf_w.l(depilogue.o)
    0x08001d76   0x08001d76   0x0000014e   Code   RO         5831    .text               mf_w.l(dadd.o)
    0x08001ec4   0x08001ec4   0x00000088   Code   RO         5833    .text               mf_w.l(drnd.o)
    0x08001f4c   0x08001f4c   0x00000030   Code   RO         5835    .text               mf_w.l(dfixul.o)
    0x08001f7c   0x08001f7c   0x00000030   Code   RO         5837    .text               mf_w.l(cdcmple.o)
    0x08001fac   0x08001fac   0x00000030   Code   RO         5839    .text               mf_w.l(cdrcmple.o)
    0x08001fdc   0x08001fdc   0x00000004   Code   RO         5841    .text               mf_w.l(fpstat.o)
    0x08001fe0   0x08001fe0   0x00000024   Code   RO         5843    .text               mc_w.l(init.o)
    0x08002004   0x08002004   0x00000024   Code   RO         5846    .text               mc_w.l(llsshr.o)
    0x08002028   0x08002028   0x00000002   Code   RO         1290    i.BusFault_Handler  stm32f4xx_it.o
    0x0800202a   0x0800202a   0x00000002   PAD
    0x0800202c   0x0800202c   0x0000000c   Code   RO         1291    i.DMA1_Stream0_IRQHandler  stm32f4xx_it.o
    0x08002038   0x08002038   0x0000000c   Code   RO         1292    i.DMA1_Stream5_IRQHandler  stm32f4xx_it.o
    0x08002044   0x08002044   0x00000028   Code   RO         4020    i.DMA_CalcBaseAndBitshift  stm32f4xx_hal_dma.o
    0x0800206c   0x0800206c   0x00000054   Code   RO         4021    i.DMA_CheckFifoParam  stm32f4xx_hal_dma.o
    0x080020c0   0x080020c0   0x00000028   Code   RO         4022    i.DMA_SetConfig     stm32f4xx_hal_dma.o
    0x080020e8   0x080020e8   0x00000002   Code   RO         1293    i.DebugMon_Handler  stm32f4xx_it.o
    0x080020ea   0x080020ea   0x00000002   PAD
    0x080020ec   0x080020ec   0x00000018   Code   RO          155    i.ENCODER_Init      encoder.o
    0x08002104   0x08002104   0x000000f8   Code   RO          156    i.ENCODER_Rotated   encoder.o
    0x080021fc   0x080021fc   0x00000054   Code   RO          157    i.ENCODER_checkRotate  encoder.o
    0x08002250   0x08002250   0x00000020   Code   RO         1294    i.EXTI2_IRQHandler  stm32f4xx_it.o
    0x08002270   0x08002270   0x00000028   Code   RO         1295    i.EXTI4_IRQHandler  stm32f4xx_it.o
    0x08002298   0x08002298   0x00000010   Code   RO         1296    i.EXTI9_5_IRQHandler  stm32f4xx_it.o
    0x080022a8   0x080022a8   0x0000014c   Code   RO          239    i.FFT_doFFT         fft.o
    0x080023f4   0x080023f4   0x000001cc   Code   RO          240    i.FFT_printFFT      fft.o
    0x080025c0   0x080025c0   0x0000000e   Code   RO          296    i.FPGA_Init         fpga.o
    0x080025ce   0x080025ce   0x00000002   PAD
    0x080025d0   0x080025d0   0x0000007c   Code   RO          297    i.FPGA_fpgadata_clock  fpga.o
    0x0800264c   0x0800264c   0x0000016c   Code   RO          298    i.FPGA_fpgadata_getiq  fpga.o
    0x080027b8   0x080027b8   0x0000002c   Code   RO          299    i.FPGA_fpgadata_getparam  fpga.o
    0x080027e4   0x080027e4   0x000000f4   Code   RO          300    i.FPGA_fpgadata_sendiq  fpga.o
    0x080028d8   0x080028d8   0x000000ec   Code   RO          301    i.FPGA_fpgadata_sendparam  fpga.o
    0x080029c4   0x080029c4   0x0000002c   Code   RO          371    i.FPGA_readPacket   fpga.o
    0x080029f0   0x080029f0   0x00000034   Code   RO          302    i.FPGA_start_audio_clock  fpga.o
    0x08002a24   0x08002a24   0x00000034   Code   RO          303    i.FPGA_stop_audio_clock  fpga.o
    0x08002a58   0x08002a58   0x00000130   Code   RO          304    i.FPGA_testbus      fpga.o
    0x08002b88   0x08002b88   0x00000030   Code   RO          366    i.FPGA_writePacket  fpga.o
    0x08002bb8   0x08002bb8   0x00000040   Code   RO         1547    i.FSMC_NORSRAM_Extended_Timing_Init  stm32f4xx_ll_fsmc.o
    0x08002bf8   0x08002bf8   0x00000054   Code   RO         1548    i.FSMC_NORSRAM_Init  stm32f4xx_ll_fsmc.o
    0x08002c4c   0x08002c4c   0x00000044   Code   RO         1549    i.FSMC_NORSRAM_Timing_Init  stm32f4xx_ll_fsmc.o
    0x08002c90   0x08002c90   0x00000058   Code   RO         1063    i.Flash_Read_Data   settings.o
    0x08002ce8   0x08002ce8   0x00000068   Code   RO         1064    i.Flash_Sector_Erase  settings.o
    0x08002d50   0x08002d50   0x00000078   Code   RO         1065    i.Flash_Write_Data  settings.o
    0x08002dc8   0x08002dc8   0x00000020   Code   RO         4843    i.Get_Touch         xpt2046_spi.o
    0x08002de8   0x08002de8   0x000000c4   Code   RO         4844    i.Get_Touch_XY      xpt2046_spi.o
    0x08002eac   0x08002eac   0x0000008e   Code   RO         4023    i.HAL_DMA_Abort     stm32f4xx_hal_dma.o
    0x08002f3a   0x08002f3a   0x00000006   Code   RO         4027    i.HAL_DMA_GetState  stm32f4xx_hal_dma.o
    0x08002f40   0x08002f40   0x000001a0   Code   RO         4028    i.HAL_DMA_IRQHandler  stm32f4xx_hal_dma.o
    0x080030e0   0x080030e0   0x000000d4   Code   RO         4029    i.HAL_DMA_Init      stm32f4xx_hal_dma.o
    0x080031b4   0x080031b4   0x00000124   Code   RO         4030    i.HAL_DMA_PollForTransfer  stm32f4xx_hal_dma.o
    0x080032d8   0x080032d8   0x00000046   Code   RO         4032    i.HAL_DMA_Start     stm32f4xx_hal_dma.o
    0x0800331e   0x0800331e   0x00000078   Code   RO         4033    i.HAL_DMA_Start_IT  stm32f4xx_hal_dma.o
    0x08003396   0x08003396   0x00000002   PAD
    0x08003398   0x08003398   0x00000024   Code   RO         4442    i.HAL_Delay         stm32f4xx_hal.o
    0x080033bc   0x080033bc   0x00000068   Code   RO         1447    i.HAL_FSMC_MspInit  stm32f4xx_hal_msp.o
    0x08003424   0x08003424   0x00000002   Code   RO         3914    i.HAL_GPIO_EXTI_Callback  stm32f4xx_hal_gpio.o
    0x08003426   0x08003426   0x00000002   PAD
    0x08003428   0x08003428   0x00000018   Code   RO         3915    i.HAL_GPIO_EXTI_IRQHandler  stm32f4xx_hal_gpio.o
    0x08003440   0x08003440   0x000001b0   Code   RO         3916    i.HAL_GPIO_Init     stm32f4xx_hal_gpio.o
    0x080035f0   0x080035f0   0x0000000a   Code   RO         3918    i.HAL_GPIO_ReadPin  stm32f4xx_hal_gpio.o
    0x080035fa   0x080035fa   0x0000000a   Code   RO         3920    i.HAL_GPIO_WritePin  stm32f4xx_hal_gpio.o
    0x08003604   0x08003604   0x0000000c   Code   RO         4448    i.HAL_GetTick       stm32f4xx_hal.o
    0x08003610   0x08003610   0x000001e4   Code   RO         1964    i.HAL_I2SEx_FullDuplex_IRQHandler  stm32f4xx_hal_i2s_ex.o
    0x080037f4   0x080037f4   0x0000019c   Code   RO         1966    i.HAL_I2SEx_TransmitReceive_DMA  stm32f4xx_hal_i2s_ex.o
    0x08003990   0x08003990   0x00000038   Code   RO          680    i.HAL_I2SEx_TxRxCpltCallback  wm8731.o
    0x080039c8   0x080039c8   0x0000003c   Code   RO          681    i.HAL_I2SEx_TxRxHalfCpltCallback  wm8731.o
    0x08003a04   0x08003a04   0x00000002   Code   RO         1789    i.HAL_I2S_ErrorCallback  stm32f4xx_hal_i2s.o
    0x08003a06   0x08003a06   0x00000006   Code   RO         1791    i.HAL_I2S_GetState  stm32f4xx_hal_i2s.o
    0x08003a0c   0x08003a0c   0x00000180   Code   RO         1793    i.HAL_I2S_Init      stm32f4xx_hal_i2s.o
    0x08003b8c   0x08003b8c   0x00000140   Code   RO         1449    i.HAL_I2S_MspInit   stm32f4xx_hal_msp.o
    0x08003ccc   0x08003ccc   0x00000002   Code   RO         1799    i.HAL_I2S_RxCpltCallback  stm32f4xx_hal_i2s.o
    0x08003cce   0x08003cce   0x00000002   Code   RO         1804    i.HAL_I2S_TxCpltCallback  stm32f4xx_hal_i2s.o
    0x08003cd0   0x08003cd0   0x00000010   Code   RO         4452    i.HAL_IncTick       stm32f4xx_hal.o
    0x08003ce0   0x08003ce0   0x00000034   Code   RO         4453    i.HAL_Init          stm32f4xx_hal.o
    0x08003d14   0x08003d14   0x00000040   Code   RO         4454    i.HAL_InitTick      stm32f4xx_hal.o
    0x08003d54   0x08003d54   0x00000084   Code   RO         1450    i.HAL_MspInit       stm32f4xx_hal_msp.o
    0x08003dd8   0x08003dd8   0x00000016   Code   RO         4305    i.HAL_NVIC_EnableIRQ  stm32f4xx_hal_cortex.o
    0x08003dee   0x08003dee   0x00000002   PAD
    0x08003df0   0x08003df0   0x00000040   Code   RO         4311    i.HAL_NVIC_SetPriority  stm32f4xx_hal_cortex.o
    0x08003e30   0x08003e30   0x00000024   Code   RO         4312    i.HAL_NVIC_SetPriorityGrouping  stm32f4xx_hal_cortex.o
    0x08003e54   0x08003e54   0x0000005c   Code   RO         3666    i.HAL_RCCEx_GetPeriphCLKFreq  stm32f4xx_hal_rcc_ex.o
    0x08003eb0   0x08003eb0   0x00000130   Code   RO         3562    i.HAL_RCC_ClockConfig  stm32f4xx_hal_rcc.o
    0x08003fe0   0x08003fe0   0x00000130   Code   RO         3668    i.HAL_RCC_DeInit    stm32f4xx_hal_rcc_ex.o
    0x08004110   0x08004110   0x0000000c   Code   RO         3567    i.HAL_RCC_GetHCLKFreq  stm32f4xx_hal_rcc.o
    0x0800411c   0x0800411c   0x00000020   Code   RO         3569    i.HAL_RCC_GetPCLK1Freq  stm32f4xx_hal_rcc.o
    0x0800413c   0x0800413c   0x00000020   Code   RO         3570    i.HAL_RCC_GetPCLK2Freq  stm32f4xx_hal_rcc.o
    0x0800415c   0x0800415c   0x00000060   Code   RO         3571    i.HAL_RCC_GetSysClockFreq  stm32f4xx_hal_rcc.o
    0x080041bc   0x080041bc   0x0000031c   Code   RO         3574    i.HAL_RCC_OscConfig  stm32f4xx_hal_rcc.o
    0x080044d8   0x080044d8   0x00000080   Code   RO         2059    i.HAL_SPI_Init      stm32f4xx_hal_spi.o
    0x08004558   0x08004558   0x00000068   Code   RO         1452    i.HAL_SPI_MspInit   stm32f4xx_hal_msp.o
    0x080045c0   0x080045c0   0x00000150   Code   RO         2062    i.HAL_SPI_Receive   stm32f4xx_hal_spi.o
    0x08004710   0x08004710   0x00000168   Code   RO         2067    i.HAL_SPI_Transmit  stm32f4xx_hal_spi.o
    0x08004878   0x08004878   0x000001d8   Code   RO         2068    i.HAL_SPI_TransmitReceive  stm32f4xx_hal_spi.o
    0x08004a50   0x08004a50   0x00000056   Code   RO         1669    i.HAL_SRAM_Init     stm32f4xx_hal_sram.o
    0x08004aa6   0x08004aa6   0x00000004   Code   RO         1454    i.HAL_SRAM_MspInit  stm32f4xx_hal_msp.o
    0x08004aaa   0x08004aaa   0x00000018   Code   RO         4314    i.HAL_SYSTICK_CLKSourceConfig  stm32f4xx_hal_cortex.o
    0x08004ac2   0x08004ac2   0x00000002   Code   RO         4315    i.HAL_SYSTICK_Callback  stm32f4xx_hal_cortex.o
    0x08004ac4   0x08004ac4   0x00000028   Code   RO         4316    i.HAL_SYSTICK_Config  stm32f4xx_hal_cortex.o
    0x08004aec   0x08004aec   0x00000008   Code   RO         4317    i.HAL_SYSTICK_IRQHandler  stm32f4xx_hal_cortex.o
    0x08004af4   0x08004af4   0x00000002   Code   RO         2996    i.HAL_TIMEx_BreakCallback  stm32f4xx_hal_tim_ex.o
    0x08004af6   0x08004af6   0x00000002   Code   RO         2997    i.HAL_TIMEx_CommutationCallback  stm32f4xx_hal_tim_ex.o
    0x08004af8   0x08004af8   0x00000050   Code   RO         3013    i.HAL_TIMEx_MasterConfigSynchronization  stm32f4xx_hal_tim_ex.o
    0x08004b48   0x08004b48   0x00000036   Code   RO         2367    i.HAL_TIM_Base_Init  stm32f4xx_hal_tim.o
    0x08004b7e   0x08004b7e   0x00000002   PAD
    0x08004b80   0x08004b80   0x000000b4   Code   RO         1456    i.HAL_TIM_Base_MspInit  stm32f4xx_hal_msp.o
    0x08004c34   0x08004c34   0x0000001a   Code   RO         2370    i.HAL_TIM_Base_Start  stm32f4xx_hal_tim.o
    0x08004c4e   0x08004c4e   0x00000018   Code   RO         2372    i.HAL_TIM_Base_Start_IT  stm32f4xx_hal_tim.o
    0x08004c66   0x08004c66   0x000000f2   Code   RO         2376    i.HAL_TIM_ConfigClockSource  stm32f4xx_hal_tim.o
    0x08004d58   0x08004d58   0x00000002   Code   RO         2396    i.HAL_TIM_IC_CaptureCallback  stm32f4xx_hal_tim.o
    0x08004d5a   0x08004d5a   0x00000166   Code   RO         2409    i.HAL_TIM_IRQHandler  stm32f4xx_hal_tim.o
    0x08004ec0   0x08004ec0   0x00000002   Code   RO         2412    i.HAL_TIM_OC_DelayElapsedCallback  stm32f4xx_hal_tim.o
    0x08004ec2   0x08004ec2   0x00000002   Code   RO         2439    i.HAL_TIM_PWM_PulseFinishedCallback  stm32f4xx_hal_tim.o
    0x08004ec4   0x08004ec4   0x00000002   Code   RO         2446    i.HAL_TIM_PeriodElapsedCallback  stm32f4xx_hal_tim.o
    0x08004ec6   0x08004ec6   0x00000002   Code   RO         2450    i.HAL_TIM_TriggerCallback  stm32f4xx_hal_tim.o
    0x08004ec8   0x08004ec8   0x00000062   Code   RO         3260    i.HAL_UART_Init     stm32f4xx_hal_uart.o
    0x08004f2a   0x08004f2a   0x00000002   PAD
    0x08004f2c   0x08004f2c   0x0000004c   Code   RO         1458    i.HAL_UART_MspInit  stm32f4xx_hal_msp.o
    0x08004f78   0x08004f78   0x000000ba   Code   RO         3268    i.HAL_UART_Transmit  stm32f4xx_hal_uart.o
    0x08005032   0x08005032   0x00000002   Code   RO         1297    i.HardFault_Handler  stm32f4xx_it.o
    0x08005034   0x08005034   0x00000020   Code   RO          682    i.I2SEx_Fix         wm8731.o
    0x08005054   0x08005054   0x00000088   Code   RO         1970    i.I2SEx_FullDuplexRx_IT  stm32f4xx_hal_i2s_ex.o
    0x080050dc   0x080050dc   0x00000084   Code   RO         1971    i.I2SEx_FullDuplexTx_IT  stm32f4xx_hal_i2s_ex.o
    0x08005160   0x08005160   0x000000cc   Code   RO         1973    i.I2SEx_TxRxDMACplt  stm32f4xx_hal_i2s_ex.o
    0x0800522c   0x0800522c   0x00000054   Code   RO         1974    i.I2SEx_TxRxDMAError  stm32f4xx_hal_i2s_ex.o
    0x08005280   0x08005280   0x0000000a   Code   RO         1975    i.I2SEx_TxRxDMAHalfCplt  stm32f4xx_hal_i2s_ex.o
    0x0800528a   0x0800528a   0x000000f0   Code   RO         1811    i.I2S_IRQHandler    stm32f4xx_hal_i2s.o
    0x0800537a   0x0800537a   0x00000002   PAD
    0x0800537c   0x0800537c   0x00000014   Code   RO         4644    i.ILI9341_DrawPixel  ma_ili9341.o
    0x08005390   0x08005390   0x00000044   Code   RO         4645    i.ILI9341_Fill      ma_ili9341.o
    0x080053d4   0x080053d4   0x00000010   Code   RO         4646    i.ILI9341_Fill_RectWH  ma_ili9341.o
    0x080053e4   0x080053e4   0x00000038   Code   RO         4647    i.ILI9341_Fill_RectXY  ma_ili9341.o
    0x0800541c   0x0800541c   0x00000018   Code   RO         4648    i.ILI9341_GetCurrentXOffset  ma_ili9341.o
    0x08005434   0x08005434   0x000000c0   Code   RO         4649    i.ILI9341_Init      ma_ili9341.o
    0x080054f4   0x080054f4   0x00000044   Code   RO         4655    i.ILI9341_SetCursorAreaPosition  ma_ili9341.o
    0x08005538   0x08005538   0x00000040   Code   RO         4656    i.ILI9341_SetCursorPosition  ma_ili9341.o
    0x08005578   0x08005578   0x000000dc   Code   RO         4657    i.ILI9341_drawChar  ma_ili9341.o
    0x08005654   0x08005654   0x0000001e   Code   RO         4659    i.ILI9341_drawFastHLine  ma_ili9341.o
    0x08005672   0x08005672   0x00000020   Code   RO         4660    i.ILI9341_drawFastVLine  ma_ili9341.o
    0x08005692   0x08005692   0x00000054   Code   RO         4662    i.ILI9341_drawRectXY  ma_ili9341.o
    0x080056e6   0x080056e6   0x00000002   PAD
    0x080056e8   0x080056e8   0x00000040   Code   RO         4667    i.ILI9341_printText  ma_ili9341.o
    0x08005728   0x08005728   0x00000054   Code   RO         4668    i.ILI9341_setRotation  ma_ili9341.o
    0x0800577c   0x0800577c   0x00000020   Code   RO         4845    i.Init_XPT2046      xpt2046_spi.o
    0x0800579c   0x0800579c   0x00000038   Code   RO           13    i.JumpToBootloader  bootloader.o
    0x080057d4   0x080057d4   0x00000030   Code   RO          536    i.LCD_Init          lcd.o
    0x08005804   0x08005804   0x00000516   Code   RO          537    i.LCD_checkTouchPad  lcd.o
    0x08005d1a   0x08005d1a   0x00000002   PAD
    0x08005d1c   0x08005d1c   0x000001e8   Code   RO          538    i.LCD_displayFreqInfo  lcd.o
    0x08005f04   0x08005f04   0x00000200   Code   RO          539    i.LCD_displayMainMenu  lcd.o
    0x08006104   0x08006104   0x00000128   Code   RO          540    i.LCD_displayStatusInfoBar  lcd.o
    0x0800622c   0x0800622c   0x00000100   Code   RO          541    i.LCD_displayStatusInfoGUI  lcd.o
    0x0800632c   0x0800632c   0x00000684   Code   RO          542    i.LCD_displayTopButtons  lcd.o
    0x080069b0   0x080069b0   0x0000002c   Code   RO          543    i.LCD_doEvents      lcd.o
    0x080069dc   0x080069dc   0x00000038   Code   RO          544    i.LCD_redraw        lcd.o
    0x08006a14   0x08006a14   0x00000038   Code   RO         1066    i.LoadSettings      settings.o
    0x08006a4c   0x08006a4c   0x000000bc   Code   RO         1161    i.MX_DMA_Init       main_1.o
    0x08006b08   0x08006b08   0x00000078   Code   RO         1162    i.MX_FSMC_Init      main_1.o
    0x08006b80   0x08006b80   0x00000200   Code   RO         1163    i.MX_GPIO_Init      main_1.o
    0x08006d80   0x08006d80   0x00000038   Code   RO         1164    i.MX_I2S3_Init      main_1.o
    0x08006db8   0x08006db8   0x00000040   Code   RO         1165    i.MX_SPI1_Init      main_1.o
    0x08006df8   0x08006df8   0x00000040   Code   RO         1166    i.MX_SPI2_Init      main_1.o
    0x08006e38   0x08006e38   0x00000054   Code   RO         1167    i.MX_TIM4_Init      main_1.o
    0x08006e8c   0x08006e8c   0x00000054   Code   RO         1168    i.MX_TIM5_Init      main_1.o
    0x08006ee0   0x08006ee0   0x00000002   Code   RO         1298    i.MemManage_Handler  stm32f4xx_it.o
    0x08006ee2   0x08006ee2   0x00000002   Code   RO         1299    i.NMI_Handler       stm32f4xx_it.o
    0x08006ee4   0x08006ee4   0x00000020   Code   RO         4318    i.NVIC_SetPriority  stm32f4xx_hal_cortex.o
    0x08006f04   0x08006f04   0x00000002   Code   RO         1300    i.PendSV_Handler    stm32f4xx_it.o
    0x08006f06   0x08006f06   0x00000002   PAD
    0x08006f08   0x08006f08   0x000003c4   Code   RO         1025    i.RxAgcWdsp         agc.o
    0x080072cc   0x080072cc   0x00000020   Code   RO         2083    i.SPI_CheckFlag_BSY  stm32f4xx_hal_spi.o
    0x080072ec   0x080072ec   0x00000096   Code   RO         2101    i.SPI_WaitFlagStateUntilTimeout  stm32f4xx_hal_spi.o
    0x08007382   0x08007382   0x00000002   Code   RO         1301    i.SVC_Handler       stm32f4xx_it.o
    0x08007384   0x08007384   0x00000028   Code   RO         1067    i.SaveSettings      settings.o
    0x080073ac   0x080073ac   0x000003c0   Code   RO         1026    i.SetupAgcWdsp      agc.o
    0x0800776c   0x0800776c   0x00000028   Code   RO         4846    i.Spi_Master_Transmit  xpt2046_spi.o
    0x08007794   0x08007794   0x0000000e   Code   RO         1302    i.SysTick_Handler   stm32f4xx_it.o
    0x080077a2   0x080077a2   0x00000002   PAD
    0x080077a4   0x080077a4   0x000000a0   Code   RO         1169    i.SystemClock_Config  main_1.o
    0x08007844   0x08007844   0x00000054   Code   RO         4607    i.SystemInit        system_stm32f4xx_1.o
    0x08007898   0x08007898   0x00000024   Code   RO         1303    i.TIM4_IRQHandler   stm32f4xx_it.o
    0x080078bc   0x080078bc   0x00000044   Code   RO         1304    i.TIM5_IRQHandler   stm32f4xx_it.o
    0x08007900   0x08007900   0x000000a4   Code   RO         1305    i.TIM6_DAC_IRQHandler  stm32f4xx_it.o
    0x080079a4   0x080079a4   0x00000024   Code   RO         1306    i.TIM7_IRQHandler   stm32f4xx_it.o
    0x080079c8   0x080079c8   0x000000c0   Code   RO         2451    i.TIM_Base_SetConfig  stm32f4xx_hal_tim.o
    0x08007a88   0x08007a88   0x00000014   Code   RO         2458    i.TIM_ETR_SetConfig  stm32f4xx_hal_tim.o
    0x08007a9c   0x08007a9c   0x00000010   Code   RO         2459    i.TIM_ITRx_SetConfig  stm32f4xx_hal_tim.o
    0x08007aac   0x08007aac   0x00000022   Code   RO         2465    i.TIM_TI1_ConfigInputStage  stm32f4xx_hal_tim.o
    0x08007ace   0x08007ace   0x00000024   Code   RO         2467    i.TIM_TI2_ConfigInputStage  stm32f4xx_hal_tim.o
    0x08007af2   0x08007af2   0x00000002   PAD
    0x08007af4   0x08007af4   0x00000020   Code   RO          614    i.TRX_Init          trx_manager.o
    0x08007b14   0x08007b14   0x0000000c   Code   RO          615    i.TRX_getFrequency  trx_manager.o
    0x08007b20   0x08007b20   0x0000000c   Code   RO          616    i.TRX_getMode       trx_manager.o
    0x08007b2c   0x08007b2c   0x00000044   Code   RO          617    i.TRX_ptt_change    trx_manager.o
    0x08007b70   0x08007b70   0x00000048   Code   RO          618    i.TRX_setFrequency  trx_manager.o
    0x08007bb8   0x08007bb8   0x0000001c   Code   RO          619    i.TRX_setMode       trx_manager.o
    0x08007bd4   0x08007bd4   0x0000009c   Code   RO         4848    i.Touch_Set_Coef    xpt2046_spi.o
    0x08007c70   0x08007c70   0x00000006   Code   RO          683    i.UA3REO_I2SEx_TxRxDMACplt  wm8731.o
    0x08007c76   0x08007c76   0x00000006   Code   RO          684    i.UA3REO_I2SEx_TxRxDMAHalfCplt  wm8731.o
    0x08007c7c   0x08007c7c   0x000002ac   Code   RO         3286    i.UART_SetConfig    stm32f4xx_hal_uart.o
    0x08007f28   0x08007f28   0x00000064   Code   RO         3288    i.UART_WaitOnFlagUntilTimeout  stm32f4xx_hal_uart.o
    0x08007f8c   0x08007f8c   0x00000002   Code   RO         1307    i.UsageFault_Handler  stm32f4xx_it.o
    0x08007f8e   0x08007f8e   0x00000002   PAD
    0x08007f90   0x08007f90   0x00000060   Code   RO          685    i.WM8731_Init       wm8731.o
    0x08007ff0   0x08007ff0   0x00000036   Code   RO          686    i.WM8731_RX_mode    wm8731.o
    0x08008026   0x08008026   0x0000003c   Code   RO          687    i.WM8731_SendI2CCommand  wm8731.o
    0x08008062   0x08008062   0x00000036   Code   RO          688    i.WM8731_TXRX_mode  wm8731.o
    0x08008098   0x08008098   0x00000036   Code   RO          689    i.WM8731_TX_mode    wm8731.o
    0x080080ce   0x080080ce   0x00000002   Code   RO         1170    i._Error_Handler    main_1.o
    0x080080d0   0x080080d0   0x00000028   Code   RO         5708    i.__0sprintf        mc_w.l(printfa.o)
    0x080080f8   0x080080f8   0x00000026   Code   RO         5750    i.__ARM_fpclassifyf  m_wm.l(fpclassifyf.o)
    0x0800811e   0x0800811e   0x00000002   PAD
    0x08008120   0x08008120   0x00000118   Code   RO         5398    i.__hardfp_ceil     m_wm.l(ceil.o)
    0x08008238   0x08008238   0x000001e8   Code   RO         5404    i.__hardfp_expf     m_wm.l(expf.o)
    0x08008420   0x08008420   0x00000054   Code   RO         5418    i.__hardfp_frexpf   m_wm.l(frexpf.o)
    0x08008474   0x08008474   0x00000180   Code   RO         5424    i.__hardfp_log10f   m_wm.l(log10f.o)
    0x080085f4   0x080085f4   0x00000664   Code   RO         5438    i.__hardfp_powf     m_wm.l(powf.o)
    0x08008c58   0x08008c58   0x000000e0   Code   RO         5452    i.__hardfp_round    m_wm.l(round.o)
    0x08008d38   0x08008d38   0x00000014   Code   RO         5752    i.__mathlib_flt_divzero  m_wm.l(funder.o)
    0x08008d4c   0x08008d4c   0x00000006   Code   RO         5753    i.__mathlib_flt_infnan  m_wm.l(funder.o)
    0x08008d52   0x08008d52   0x00000006   Code   RO         5754    i.__mathlib_flt_infnan2  m_wm.l(funder.o)
    0x08008d58   0x08008d58   0x00000010   Code   RO         5755    i.__mathlib_flt_invalid  m_wm.l(funder.o)
    0x08008d68   0x08008d68   0x00000010   Code   RO         5756    i.__mathlib_flt_overflow  m_wm.l(funder.o)
    0x08008d78   0x08008d78   0x00000010   Code   RO         5758    i.__mathlib_flt_underflow  m_wm.l(funder.o)
    0x08008d88   0x08008d88   0x0000000e   Code   RO         5853    i.__scatterload_copy  mc_w.l(handlers.o)
    0x08008d96   0x08008d96   0x00000002   Code   RO         5854    i.__scatterload_null  mc_w.l(handlers.o)
    0x08008d98   0x08008d98   0x0000000e   Code   RO         5855    i.__scatterload_zeroinit  mc_w.l(handlers.o)
    0x08008da6   0x08008da6   0x00000002   PAD
    0x08008da8   0x08008da8   0x0000000c   Code   RO         5819    i.__set_errno       mc_w.l(errno.o)
    0x08008db4   0x08008db4   0x00000184   Code   RO         5713    i._fp_digits        mc_w.l(printfa.o)
    0x08008f38   0x08008f38   0x000006dc   Code   RO         5714    i._printf_core      mc_w.l(printfa.o)
    0x08009614   0x08009614   0x00000024   Code   RO         5715    i._printf_post_padding  mc_w.l(printfa.o)
    0x08009638   0x08009638   0x0000002e   Code   RO         5716    i._printf_pre_padding  mc_w.l(printfa.o)
    0x08009666   0x08009666   0x0000000a   Code   RO         5718    i._sputc            mc_w.l(printfa.o)
    0x08009670   0x08009670   0x00000060   Code   RO          405    i.addSymbols        functions.o
    0x080096d0   0x080096d0   0x00000054   Code   RO           14    i.checkBootloaderButton  bootloader.o
    0x08009724   0x08009724   0x00000044   Code   RO          406    i.delay_us          functions.o
    0x08009768   0x08009768   0x0000004c   Code   RO          241    i.getFFTColor       fft.o
    0x080097b4   0x080097b4   0x00000084   Code   RO         1124    i.getModeFromFreq   bands.o
    0x08009838   0x08009838   0x00000044   Code   RO          408    i.getPhraseFromFrequency  functions.o
    0x0800987c   0x0800987c   0x0000003c   Code   RO          772    i.i2c_begin         wire.o
    0x080098b8   0x080098b8   0x00000014   Code   RO          774    i.i2c_beginTransmission_u8  wire.o
    0x080098cc   0x080098cc   0x00000074   Code   RO          775    i.i2c_endTransmission  wire.o
    0x08009940   0x08009940   0x000000d4   Code   RO          776    i.i2c_get_ack       wire.o
    0x08009a14   0x08009a14   0x000000a0   Code   RO          784    i.i2c_shift_out     wire.o
    0x08009ab4   0x08009ab4   0x00000054   Code   RO          785    i.i2c_start         wire.o
    0x08009b08   0x08009b08   0x0000008c   Code   RO          786    i.i2c_stop          wire.o
    0x08009b94   0x08009b94   0x00000014   Code   RO          787    i.i2c_writeOneByte  wire.o
    0x08009ba8   0x08009ba8   0x00000020   Code   RO          791    i.i2c_write_u8      wire.o
    0x08009bc8   0x08009bc8   0x00000090   Code   RO          923    i.initAudioProcessor  audio_processor.o
    0x08009c58   0x08009c58   0x00000018   Code   RO         4849    i.isTouch           xpt2046_spi.o
    0x08009c70   0x08009c70   0x00000060   Code   RO          410    i.log10f_fast       functions.o
    0x08009cd0   0x08009cd0   0x0000002c   Code   RO          414    i.logToUART1_num    functions.o
    0x08009cfc   0x08009cfc   0x00000020   Code   RO          418    i.logToUART1_str    functions.o
    0x08009d1c   0x08009d1c   0x00000174   Code   RO         1171    i.main              main_1.o
    0x08009e90   0x08009e90   0x00000330   Code   RO          924    i.processRxAudio    audio_processor.o
    0x0800a1c0   0x0800a1c0   0x00000254   Code   RO          925    i.processTxAudio    audio_processor.o
    0x0800a414   0x0800a414   0x00000040   Code   RO          419    i.readHalfFromCircleBuffer32  functions.o
    0x0800a454   0x0800a454   0x00000040   Code   RO          421    i.readHalfFromCircleBufferU32  functions.o
    0x0800a494   0x0800a494   0x00000010   Code   RO         4672    i.rgb888torgb565    ma_ili9341.o
    0x0800a4a4   0x0800a4a4   0x00000088   Code   RO          690    i.start_i2s         wm8731.o
    0x0800a52c   0x0800a52c   0x00000164   Data   RO          997    .constdata          audio_filters.o
    0x0800a690   0x0800a690   0x00000164   Data   RO          998    .constdata          audio_filters.o
    0x0800a7f4   0x0800a7f4   0x00000324   Data   RO          999    .constdata          audio_filters.o
    0x0800ab18   0x0800ab18   0x00000324   Data   RO         1000    .constdata          audio_filters.o
    0x0800ae3c   0x0800ae3c   0x00000164   Data   RO         1001    .constdata          audio_filters.o
    0x0800afa0   0x0800afa0   0x00000024   Data   RO         1125    .constdata          bands.o
    0x0800afc4   0x0800afc4   0x00000024   Data   RO         1126    .constdata          bands.o
    0x0800afe8   0x0800afe8   0x0000003c   Data   RO         1127    .constdata          bands.o
    0x0800b024   0x0800b024   0x00000018   Data   RO         1128    .constdata          bands.o
    0x0800b03c   0x0800b03c   0x0000003c   Data   RO         1129    .constdata          bands.o
    0x0800b078   0x0800b078   0x00000030   Data   RO         1130    .constdata          bands.o
    0x0800b0a8   0x0800b0a8   0x00000030   Data   RO         1131    .constdata          bands.o
    0x0800b0d8   0x0800b0d8   0x0000003c   Data   RO         1132    .constdata          bands.o
    0x0800b114   0x0800b114   0x00000084   Data   RO         1133    .constdata          bands.o
    0x0800b198   0x0800b198   0x000000b4   Data   RO         1134    .constdata          bands.o
    0x0800b24c   0x0800b24c   0x00000008   Data   RO         4035    .constdata          stm32f4xx_hal_dma.o
    0x0800b254   0x0800b254   0x00000010   Data   RO         4608    .constdata          system_stm32f4xx_1.o
    0x0800b264   0x0800b264   0x00000008   Data   RO         4609    .constdata          system_stm32f4xx_1.o
    0x0800b26c   0x0800b26c   0x00000500   Data   RO         4673    .constdata          ma_ili9341.o
    0x0800b76c   0x0800b76c   0x00000010   Data   RO         5160    .constdata          arm_cortexM4lf_math.lib(arm_const_structs.o)
    0x0800b77c   0x0800b77c   0x00000800   Data   RO         5324    .constdata          arm_cortexM4lf_math.lib(arm_common_tables.o)
    0x0800bf7c   0x0800bf7c   0x00000370   Data   RO         5353    .constdata          arm_cortexM4lf_math.lib(arm_common_tables.o)
    0x0800c2ec   0x0800c2ec   0x00000804   Data   RO         5375    .constdata          arm_cortexM4lf_math.lib(arm_common_tables.o)
    0x0800caf0   0x0800caf0   0x00000030   Data   RO         5407    .constdata          m_wm.l(expf.o)
    0x0800cb20   0x0800cb20   0x00000040   Data   RO         5427    .constdata          m_wm.l(log10f.o)
    0x0800cb60   0x0800cb60   0x00000140   Data   RO         5441    .constdata          m_wm.l(powf.o)
    0x0800cca0   0x0800cca0   0x00000028   Data   RO         1135    .conststring        bands.o
    0x0800ccc8   0x0800ccc8   0x00000020   Data   RO         5851    Region$$Table       anon$$obj.o


    Execution Region RW_IRAM1 (Exec base: 0x20000000, Load base: 0x0800cce8, Size: 0x0000af38, Max: 0x00020000, ABSOLUTE)

    Exec Addr    Load Addr    Size         Type   Attr      Idx    E Section Name        Object

    0x20000000   0x0800cce8   0x0000000c   Data   RW          158    .data               encoder.o
    0x2000000c   0x0800ccf4   0x00000004   Data   RW          243    .data               fft.o
    0x20000010   0x0800ccf8   0x00000014   Data   RW          244    .data               fft.o
    0x20000024   0x0800cd0c   0x00000014   Data   RW          307    .data               fpga.o
    0x20000038   0x0800cd20   0x00000022   Data   RW          545    .data               lcd.o
    0x2000005a   0x0800cd42   0x00000002   PAD
    0x2000005c   0x0800cd44   0x00000008   Data   RW          620    .data               trx_manager.o
    0x20000064   0x0800cd4c   0x00000001   Data   RW          621    .data               trx_manager.o
    0x20000065   0x0800cd4d   0x00000003   PAD
    0x20000068   0x0800cd50   0x00000004   Data   RW          622    .data               trx_manager.o
    0x2000006c   0x0800cd54   0x00000001   Data   RW          623    .data               trx_manager.o
    0x2000006d   0x0800cd55   0x00000001   Data   RW          624    .data               trx_manager.o
    0x2000006e   0x0800cd56   0x00000001   Data   RW          692    .data               wm8731.o
    0x2000006f   0x0800cd57   0x00000001   PAD
    0x20000070   0x0800cd58   0x00000008   Data   RW          693    .data               wm8731.o
    0x20000078   0x0800cd60   0x00000005   Data   RW          794    .data               wire.o
    0x2000007d   0x0800cd65   0x00000003   PAD
    0x20000080   0x0800cd68   0x0000001c   Data   RW          928    .data               audio_processor.o
    0x2000009c   0x0800cd84   0x0000000e   Data   RW         1028    .data               agc.o
    0x200000aa   0x0800cd92   0x00000009   Data   RW         1069    .data               settings.o
    0x200000b3   0x0800cd9b   0x00000001   PAD
    0x200000b4   0x0800cd9c   0x00000004   Data   RW         1308    .data               stm32f4xx_it.o
    0x200000b8   0x0800cda0   0x00000008   Data   RW         1459    .data               stm32f4xx_hal_msp.o
    0x200000c0   0x0800cda8   0x0000000c   Data   RW         4460    .data               stm32f4xx_hal.o
    0x200000cc   0x0800cdb4   0x00000004   Data   RW         4610    .data               system_stm32f4xx_1.o
    0x200000d0   0x0800cdb8   0x00000004   Data   RW         4674    .data               ma_ili9341.o
    0x200000d4   0x0800cdbc   0x00000024   Data   RW         4853    .data               xpt2046_spi.o
    0x200000f8   0x0800cde0   0x00000004   Data   RW         5820    .data               mc_w.l(errno.o)
    0x200000fc        -       0x00007800   Zero   RW          242    .bss                fft.o
    0x200078fc        -       0x00000200   Zero   RW          305    .bss                fpga.o
    0x20007afc        -       0x00000400   Zero   RW          691    .bss                wm8731.o
    0x20007efc        -       0x000000ca   Zero   RW          793    .bss                wire.o
    0x20007fc6   0x0800cde4   0x00000002   PAD
    0x20007fc8        -       0x00000300   Zero   RW          926    .bss                audio_processor.o
    0x200082c8        -       0x0000000c   Zero   RW          987    .bss                audio_filters.o
    0x200082d4        -       0x0000000c   Zero   RW          988    .bss                audio_filters.o
    0x200082e0        -       0x0000000c   Zero   RW          989    .bss                audio_filters.o
    0x200082ec        -       0x0000000c   Zero   RW          990    .bss                audio_filters.o
    0x200082f8        -       0x0000000c   Zero   RW          991    .bss                audio_filters.o
    0x20008304        -       0x000001e4   Zero   RW          992    .bss                audio_filters.o
    0x200084e8        -       0x000001e4   Zero   RW          993    .bss                audio_filters.o
    0x200086cc        -       0x000003a4   Zero   RW          994    .bss                audio_filters.o
    0x20008a70        -       0x000003a4   Zero   RW          995    .bss                audio_filters.o
    0x20008e14        -       0x00000264   Zero   RW          996    .bss                audio_filters.o
    0x20009078        -       0x000012b4   Zero   RW         1027    .bss                agc.o
    0x2000a32c        -       0x00000010   Zero   RW         1068    .bss                settings.o
    0x2000a33c        -       0x00000338   Zero   RW         1172    .bss                main_1.o
    0x2000a674        -       0x00000060   Zero   RW         1173    .bss                main_1.o
    0x2000a6d4        -       0x00000060   Zero   RW         1174    .bss                main_1.o
    0x2000a734   0x0800cde4   0x00000004   PAD
    0x2000a738        -       0x00000800   Zero   RW            1    STACK               startup_stm32f407xx.o


==============================================================================

Image component sizes


      Code (inc. data)   RO Data    RW Data    ZI Data      Debug   Object Name

      1924        110          0         14       4788       5405   agc.o
         0          0       2676          0       3504       1588   audio_filters.o
      1556        214          0         28        768      17888   audio_processor.o
       132         14        724          0          0       1278   bands.o
       140         18          0          0          0     709107   bootloader.o
       356         40          0         12          0      15380   encoder.o
       868         72          0         24      30720       3734   fft.o
      1526        224          0         20        512       7902   fpga.o
       532         72          0          0          0       5948   functions.o
      4670        478          0         34          0       8833   lcd.o
      1038         68       1280          4          0      15782   ma_ili9341.o
      1706        162          0          0       1016       8743   main_1.o
       408         64          0          9         16       4403   settings.o
        36          8        392          0       2048        840   startup_stm32f407xx.o
       180         28          0         12          0       4605   stm32f4xx_hal.o
       228         14          0          0          0      32181   stm32f4xx_hal_cortex.o
      1422         16          8          0          0       9600   stm32f4xx_hal_dma.o
       478         50          0          0          0       4283   stm32f4xx_hal_gpio.o
       636         18          0          0          0       4800   stm32f4xx_hal_i2s.o
      1462         66          0          0          0       6414   stm32f4xx_hal_i2s_ex.o
       920        132          0          8          0       5471   stm32f4xx_hal_msp.o
      1272         82          0          0          0       5652   stm32f4xx_hal_rcc.o
       396         38          0          0          0       1758   stm32f4xx_hal_rcc_ex.o
      1478          0          0          0          0       6946   stm32f4xx_hal_spi.o
        86          0          0          0          0       1220   stm32f4xx_hal_sram.o
      1012         44          0          0          0      11096   stm32f4xx_hal_tim.o
        84          0          0          0          0       2430   stm32f4xx_hal_tim_ex.o
      1068          8          0          0          0       4156   stm32f4xx_hal_uart.o
       446        108          0          4          0       9209   stm32f4xx_it.o
       216         12          0          0          0       2719   stm32f4xx_ll_fsmc.o
        84         18         24          4          0       1167   system_stm32f4xx_1.o
       224         58          0         15          0       4718   trx_manager.o
       844         46          0          5        202       7381   wire.o
       614        112          0          9       1024       6828   wm8731.o
       480         84          0         36          0       4877   xpt2046_spi.o

    ----------------------------------------------------------------------
     28552       2478       5136        248      44604     944342   Object Totals
         0          0         32          0          0          0   (incl. Generated)
        30          0          0         10          6          0   (incl. Padding)

    ----------------------------------------------------------------------

      Code (inc. data)   RO Data    RW Data    ZI Data      Debug   Library Member Name

       210          0          0          0          0      17566   arm_add_f32.o
       192          0          0          0          0        572   arm_bitreversal2.o
      1826          0          0          0          0       4025   arm_cfft_f32.o
      1244          4          0          0          0       3123   arm_cfft_radix8_f32.o
       246          0          0          0          0       1340   arm_cmplx_mag_squared_f32.o
         0          0       4980          0          0       4704   arm_common_tables.o
         0          0         16          0          0       4212   arm_const_structs.o
       120         12          0          0          0        746   arm_cos_f32.o
      1330          6          0          0          0       3678   arm_fir_f32.o
        28          0          0          0          0       1107   arm_fir_init_f32.o
       216          0          0          0          0       1742   arm_max_f32.o
       152          0          0          0          0       1084   arm_scale_f32.o
       210          0          0          0          0       1142   arm_sub_f32.o
       280         28          0          0          0        156   ceil.o
       488         62         48          0          0        236   expf.o
        38          0          0          0          0        116   fpclassifyf.o
        84          4          0          0          0        116   frexpf.o
        80         24          0          0          0        696   funder.o
       384         52         64          0          0        140   log10f.o
      1636        110        320          0          0        372   powf.o
       224         30          0          0          0        172   round.o
         0          0          0          0          0          0   entry.o
         0          0          0          0          0          0   entry10a.o
         0          0          0          0          0          0   entry11a.o
         8          4          0          0          0          0   entry2.o
         4          0          0          0          0          0   entry5.o
         0          0          0          0          0          0   entry7b.o
         0          0          0          0          0          0   entry8b.o
         8          4          0          0          0          0   entry9a.o
        12          6          0          4          0         68   errno.o
        30          0          0          0          0          0   handlers.o
        36          8          0          0          0         68   init.o
         0          0          0          0          0          0   iusefp.o
        30          0          0          0          0         68   llshl.o
        36          0          0          0          0         68   llsshr.o
        32          0          0          0          0         68   llushr.o
        36          0          0          0          0         68   memcpya.o
        36          0          0          0          0        108   memseta.o
      2276         86          0          0          0        520   printfa.o
        24          0          0          0          0         68   strcat.o
        18          0          0          0          0         68   strcpy.o
        14          0          0          0          0         68   strlen.o
        44          0          0          0          0         80   uidiv.o
        98          0          0          0          0         92   uldiv.o
        48          0          0          0          0         68   cdcmple.o
        48          0          0          0          0         68   cdrcmple.o
        56          0          0          0          0         88   d2f.o
       334          0          0          0          0        148   dadd.o
       222          0          0          0          0        100   ddiv.o
       186          0          0          0          0        176   depilogue.o
        62          0          0          0          0         80   dfixi.o
        50          0          0          0          0         76   dfixui.o
        48          0          0          0          0         68   dfixul.o
        26          0          0          0          0         76   dfltui.o
       228          0          0          0          0         96   dmul.o
       136          4          0          0          0         92   drnd.o
        38          0          0          0          0         68   f2d.o
       110          0          0          0          0        168   fepilogue.o
         4          0          0          0          0         68   fpstat.o

    ----------------------------------------------------------------------
     13340        444       5428          4          0      49897   Library Totals
        14          0          0          0          0          0   (incl. Padding)

    ----------------------------------------------------------------------

      Code (inc. data)   RO Data    RW Data    ZI Data      Debug   Library Name

      5774         22       4996          0          0      45041   arm_cortexM4lf_math.lib
      3214        310        432          0          0       2004   m_wm.l
      2742        108          0          4          0       1412   mc_w.l
      1596          4          0          0          0       1440   mf_w.l

    ----------------------------------------------------------------------
     13340        444       5428          4          0      49897   Library Totals

    ----------------------------------------------------------------------

==============================================================================


      Code (inc. data)   RO Data    RW Data    ZI Data      Debug   

     41892       2922      10564        252      44604     970483   Grand Totals
     41892       2922      10564        252      44604     970483   ELF Image Totals
     41892       2922      10564        252          0          0   ROM Totals

==============================================================================

    Total RO  Size (Code + RO Data)                52456 (  51.23kB)
    Total RW  Size (RW Data + ZI Data)             44856 (  43.80kB)
    Total ROM Size (Code + RO Data + RW Data)      52708 (  51.47kB)

==============================================================================

