------------------------------------------------------------
TimeQuest Timing Analyzer Summary
------------------------------------------------------------

Type  : Slow 1200mV 85C Model Setup 'SECOND_PLL|altpll_component|auto_generated|pll1|clk[0]'
Slack : 9.584
TNS   : 0.000

Type  : Slow 1200mV 85C Model Setup 'SECOND_PLL|altpll_component|auto_generated|pll1|clk[1]'
Slack : 17.286
TNS   : 0.000

Type  : Slow 1200mV 85C Model Hold 'SECOND_PLL|altpll_component|auto_generated|pll1|clk[0]'
Slack : 0.402
TNS   : 0.000

Type  : Slow 1200mV 85C Model Hold 'SECOND_PLL|altpll_component|auto_generated|pll1|clk[1]'
Slack : 0.501
TNS   : 0.000

Type  : Slow 1200mV 85C Model Minimum Pulse Width 'clk_sys'
Slack : 9.927
TNS   : 0.000

Type  : Slow 1200mV 85C Model Minimum Pulse Width 'SECOND_PLL|altpll_component|auto_generated|pll1|clk[0]'
Slack : 9.974
TNS   : 0.000

Type  : Slow 1200mV 85C Model Minimum Pulse Width 'SECOND_PLL|altpll_component|auto_generated|pll1|clk[1]'
Slack : 260.110
TNS   : 0.000

Type  : Slow 1200mV 0C Model Setup 'SECOND_PLL|altpll_component|auto_generated|pll1|clk[0]'
Slack : 10.449
TNS   : 0.000

Type  : Slow 1200mV 0C Model Setup 'SECOND_PLL|altpll_component|auto_generated|pll1|clk[1]'
Slack : 17.520
TNS   : 0.000

Type  : Slow 1200mV 0C Model Hold 'SECOND_PLL|altpll_component|auto_generated|pll1|clk[0]'
Slack : 0.385
TNS   : 0.000

Type  : Slow 1200mV 0C Model Hold 'SECOND_PLL|altpll_component|auto_generated|pll1|clk[1]'
Slack : 0.470
TNS   : 0.000

Type  : Slow 1200mV 0C Model Minimum Pulse Width 'clk_sys'
Slack : 9.937
TNS   : 0.000

Type  : Slow 1200mV 0C Model Minimum Pulse Width 'SECOND_PLL|altpll_component|auto_generated|pll1|clk[0]'
Slack : 9.987
TNS   : 0.000

Type  : Slow 1200mV 0C Model Minimum Pulse Width 'SECOND_PLL|altpll_component|auto_generated|pll1|clk[1]'
Slack : 260.111
TNS   : 0.000

Type  : Fast 1200mV 0C Model Setup 'SECOND_PLL|altpll_component|auto_generated|pll1|clk[0]'
Slack : 15.731
TNS   : 0.000

Type  : Fast 1200mV 0C Model Setup 'SECOND_PLL|altpll_component|auto_generated|pll1|clk[1]'
Slack : 19.204
TNS   : 0.000

Type  : Fast 1200mV 0C Model Hold 'SECOND_PLL|altpll_component|auto_generated|pll1|clk[0]'
Slack : 0.137
TNS   : 0.000

Type  : Fast 1200mV 0C Model Hold 'SECOND_PLL|altpll_component|auto_generated|pll1|clk[1]'
Slack : 0.191
TNS   : 0.000

Type  : Fast 1200mV 0C Model Minimum Pulse Width 'clk_sys'
Slack : 9.585
TNS   : 0.000

Type  : Fast 1200mV 0C Model Minimum Pulse Width 'SECOND_PLL|altpll_component|auto_generated|pll1|clk[0]'
Slack : 10.164
TNS   : 0.000

Type  : Fast 1200mV 0C Model Minimum Pulse Width 'SECOND_PLL|altpll_component|auto_generated|pll1|clk[1]'
Slack : 260.200
TNS   : 0.000

------------------------------------------------------------
