------------------------------------------------------------
TimeQuest Timing Analyzer Summary
------------------------------------------------------------

Type  : Slow 1200mV 85C Model Setup 'SECOND_PLL|altpll_component|auto_generated|pll1|clk[0]'
Slack : 8.594
TNS   : 0.000

Type  : Slow 1200mV 85C Model Setup 'SECOND_PLL|altpll_component|auto_generated|pll1|clk[1]'
Slack : 16.042
TNS   : 0.000

Type  : Slow 1200mV 85C Model Hold 'SECOND_PLL|altpll_component|auto_generated|pll1|clk[0]'
Slack : 0.402
TNS   : 0.000

Type  : Slow 1200mV 85C Model Hold 'SECOND_PLL|altpll_component|auto_generated|pll1|clk[1]'
Slack : 0.500
TNS   : 0.000

Type  : Slow 1200mV 85C Model Minimum Pulse Width 'clk_sys'
Slack : 9.927
TNS   : 0.000

Type  : Slow 1200mV 85C Model Minimum Pulse Width 'SECOND_PLL|altpll_component|auto_generated|pll1|clk[0]'
Slack : 9.973
TNS   : 0.000

Type  : Slow 1200mV 85C Model Minimum Pulse Width 'SECOND_PLL|altpll_component|auto_generated|pll1|clk[1]'
Slack : 260.109
TNS   : 0.000

Type  : Slow 1200mV 0C Model Setup 'SECOND_PLL|altpll_component|auto_generated|pll1|clk[0]'
Slack : 9.521
TNS   : 0.000

Type  : Slow 1200mV 0C Model Setup 'SECOND_PLL|altpll_component|auto_generated|pll1|clk[1]'
Slack : 16.320
TNS   : 0.000

Type  : Slow 1200mV 0C Model Hold 'SECOND_PLL|altpll_component|auto_generated|pll1|clk[0]'
Slack : 0.385
TNS   : 0.000

Type  : Slow 1200mV 0C Model Hold 'SECOND_PLL|altpll_component|auto_generated|pll1|clk[1]'
Slack : 0.470
TNS   : 0.000

Type  : Slow 1200mV 0C Model Minimum Pulse Width 'clk_sys'
Slack : 9.937
TNS   : 0.000

Type  : Slow 1200mV 0C Model Minimum Pulse Width 'SECOND_PLL|altpll_component|auto_generated|pll1|clk[0]'
Slack : 9.987
TNS   : 0.000

Type  : Slow 1200mV 0C Model Minimum Pulse Width 'SECOND_PLL|altpll_component|auto_generated|pll1|clk[1]'
Slack : 260.111
TNS   : 0.000

Type  : Fast 1200mV 0C Model Setup 'SECOND_PLL|altpll_component|auto_generated|pll1|clk[0]'
Slack : 15.271
TNS   : 0.000

Type  : Fast 1200mV 0C Model Setup 'SECOND_PLL|altpll_component|auto_generated|pll1|clk[1]'
Slack : 18.599
TNS   : 0.000

Type  : Fast 1200mV 0C Model Hold 'SECOND_PLL|altpll_component|auto_generated|pll1|clk[0]'
Slack : 0.135
TNS   : 0.000

Type  : Fast 1200mV 0C Model Hold 'SECOND_PLL|altpll_component|auto_generated|pll1|clk[1]'
Slack : 0.191
TNS   : 0.000

Type  : Fast 1200mV 0C Model Minimum Pulse Width 'clk_sys'
Slack : 9.585
TNS   : 0.000

Type  : Fast 1200mV 0C Model Minimum Pulse Width 'SECOND_PLL|altpll_component|auto_generated|pll1|clk[0]'
Slack : 10.164
TNS   : 0.000

Type  : Fast 1200mV 0C Model Minimum Pulse Width 'SECOND_PLL|altpll_component|auto_generated|pll1|clk[1]'
Slack : 260.200
TNS   : 0.000

------------------------------------------------------------
