Partition Merge report for UA3REO
Tue Oct 23 19:44:27 2018
Quartus Prime Version 17.1.1 Internal Build 593 12/11/2017 SJ Standard Edition


---------------------
; Table of Contents ;
---------------------
  1. Legal Notice
  2. Partition Merge Summary
  3. Partition Merge Netlist Types Used
  4. Partition Merge Partition Statistics
  5. Partition Merge Partition Pin Processing
  6. Partition Merge Resource Usage Summary
  7. Partition Merge RAM Summary
  8. Partition Merge DSP Block Usage Summary
  9. Partition Merge Messages



----------------
; Legal Notice ;
----------------
Copyright (C) 2017  Intel Corporation. All rights reserved.
Your use of Intel Corporation's design tools, logic functions 
and other software and tools, and its AMPP partner logic 
functions, and any output files from any of the foregoing 
(including device programming or simulation files), and any 
associated documentation or information are expressly subject 
to the terms and conditions of the Intel Program License 
Subscription Agreement, the Intel Quartus Prime License Agreement,
the Intel FPGA IP License Agreement, or other applicable license
agreement, including, without limitation, that your use is for
the sole purpose of programming logic devices manufactured by
Intel and sold by Intel or its authorized distributors.  Please
refer to the applicable agreement for further details.



+-----------------------------------------------------------------------------------------------+
; Partition Merge Summary                                                                       ;
+------------------------------------+----------------------------------------------------------+
; Partition Merge Status             ; Successful - Tue Oct 23 19:44:27 2018                    ;
; Quartus Prime Version              ; 17.1.1 Internal Build 593 12/11/2017 SJ Standard Edition ;
; Revision Name                      ; UA3REO                                                   ;
; Top-level Entity Name              ; UA3REO                                                   ;
; Family                             ; Cyclone IV E                                             ;
; Total logic elements               ; 8,024 / 22,320 ( 36 % )                                  ;
;     Total combinational functions  ; 5,350 / 22,320 ( 24 % )                                  ;
;     Dedicated logic registers      ; 6,305 / 22,320 ( 28 % )                                  ;
; Total registers                    ; 6305                                                     ;
; Total pins                         ; 41 / 80 ( 51 % )                                         ;
; Total virtual pins                 ; 0                                                        ;
; Total memory bits                  ; 77,040 / 608,256 ( 13 % )                                ;
; Embedded Multiplier 9-bit elements ; 20 / 132 ( 15 % )                                        ;
; Total PLLs                         ; 1 / 4 ( 25 % )                                           ;
+------------------------------------+----------------------------------------------------------+


+-------------------------------------------------------------------------------------------------------------------------------+
; Partition Merge Netlist Types Used                                                                                            ;
+--------------------------------+----------------+-------------------+------------------------+--------------------------------+
; Partition Name                 ; Partition Type ; Netlist Type Used ; Netlist Type Requested ; Partition Contents             ;
+--------------------------------+----------------+-------------------+------------------------+--------------------------------+
; Top                            ; User-created   ; Post-Fit          ; Post-Fit               ;                                ;
; hard_block:auto_generated_inst ; Auto-generated ; Source File       ; Source File            ; hard_block:auto_generated_inst ;
+--------------------------------+----------------+-------------------+------------------------+--------------------------------+


+------------------------------------------------------------------------------------------------------+
; Partition Merge Partition Statistics                                                                 ;
+---------------------------------------------+-----------------------+--------------------------------+
; Statistic                                   ; Top                   ; hard_block:auto_generated_inst ;
+---------------------------------------------+-----------------------+--------------------------------+
; Estimated Total logic elements              ; 8024 / 22320 ( 36 % ) ; 0 / 22320 ( 0 % )              ;
;                                             ;                       ;                                ;
; Total combinational functions               ; 5350                  ; 0                              ;
; Logic element usage by number of LUT inputs ;                       ;                                ;
;     -- 4 input functions                    ; 1356                  ; 0                              ;
;     -- 3 input functions                    ; 3359                  ; 0                              ;
;     -- <=2 input functions                  ; 635                   ; 0                              ;
;                                             ;                       ;                                ;
; Logic elements by mode                      ;                       ;                                ;
;     -- normal mode                          ; 2016                  ; 0                              ;
;     -- arithmetic mode                      ; 3334                  ; 0                              ;
;                                             ;                       ;                                ;
; Total registers                             ; 6305                  ; 0                              ;
;     -- Dedicated logic registers            ; 6305 / 22320 ( 28 % ) ; 0 / 22320 ( 0 % )              ;
;     -- I/O registers                        ; 0                     ; 0                              ;
;                                             ;                       ;                                ;
; Virtual pins                                ; 0                     ; 0                              ;
; I/O pins                                    ; 41                    ; 0                              ;
; Embedded Multiplier 9-bit elements          ; 20 / 132 ( 15 % )     ; 0 / 132 ( 0 % )                ;
; Total memory bits                           ; 77040                 ; 0                              ;
; Total RAM block bits                        ; 211968                ; 0                              ;
; PLL                                         ; 0 / 4 ( 0 % )         ; 1 / 4 ( 25 % )                 ;
; M9K                                         ; 23 / 66 ( 34 % )      ; 0 / 66 ( 0 % )                 ;
;                                             ;                       ;                                ;
; Connections                                 ;                       ;                                ;
;     -- Input Connections                    ; 6250                  ; 1                              ;
;     -- Registered Input Connections         ; 6244                  ; 0                              ;
;     -- Output Connections                   ; 1                     ; 6250                           ;
;     -- Registered Output Connections        ; 0                     ; 0                              ;
;                                             ;                       ;                                ;
; Internal Connections                        ;                       ;                                ;
;     -- Total Connections                    ; 42409                 ; 6252                           ;
;     -- Registered Connections               ; 23659                 ; 0                              ;
;                                             ;                       ;                                ;
; External Connections                        ;                       ;                                ;
;     -- Top                                  ; 0                     ; 6251                           ;
;     -- hard_block:auto_generated_inst       ; 6251                  ; 0                              ;
;                                             ;                       ;                                ;
; Partition Interface                         ;                       ;                                ;
;     -- Input Ports                          ; 20                    ; 1                              ;
;     -- Output Ports                         ; 21                    ; 2                              ;
;     -- Bidir Ports                          ; 0                     ; 0                              ;
;                                             ;                       ;                                ;
; Registered Ports                            ;                       ;                                ;
;     -- Registered Input Ports               ; 0                     ; 0                              ;
;     -- Registered Output Ports              ; 0                     ; 0                              ;
;                                             ;                       ;                                ;
; Port Connectivity                           ;                       ;                                ;
;     -- Input Ports driven by GND            ; 0                     ; 0                              ;
;     -- Output Ports driven by GND           ; 0                     ; 0                              ;
;     -- Input Ports driven by VCC            ; 0                     ; 0                              ;
;     -- Output Ports driven by VCC           ; 0                     ; 0                              ;
;     -- Input Ports with no Source           ; 0                     ; 0                              ;
;     -- Output Ports with no Source          ; 0                     ; 0                              ;
;     -- Input Ports with no Fanout           ; 0                     ; 0                              ;
;     -- Output Ports with no Fanout          ; 0                     ; 0                              ;
+---------------------------------------------+-----------------------+--------------------------------+
Note: Resource usage numbers presented for Partitions containing post-synthesis logic are estimates.  For Partitions containing post-fit logic, resource usage numbers are accurate based on previous placement information.  Actual Fitter results may vary depending on current Fitter Preservation Level assignments.


+--------------------------------------------------------------------------------------------------------------------------------+
; Partition Merge Partition Pin Processing                                                                                       ;
+---------------------------------+-----------+---------------+--------------------+---------------------------------------------+
; Name                            ; Partition ; Type          ; Location           ; Status                                      ;
+---------------------------------+-----------+---------------+--------------------+---------------------------------------------+
; ADC_CLK                         ; Top       ; Output Port   ; n/a                ;                                             ;
;     -- ADC_CLK                  ; Top       ; Output Pad    ; IOPAD_X1_Y34_N0    ; Preserved from Post-Fit or Imported Netlist ;
;     -- ADC_CLK~output           ; Top       ; Output Buffer ; IOOBUF_X1_Y34_N2   ; Preserved from Post-Fit or Imported Netlist ;
;                                 ;           ;               ;                    ;                                             ;
; ADC_INPUT[0]                    ; Top       ; Input Port    ; n/a                ;                                             ;
;     -- ADC_INPUT[0]             ; Top       ; Input Pad     ; IOPAD_X0_Y23_N14   ; Preserved from Post-Fit or Imported Netlist ;
;     -- ADC_INPUT[0]~input       ; Top       ; Input Buffer  ; IOIBUF_X0_Y23_N15  ; Preserved from Post-Fit or Imported Netlist ;
;                                 ;           ;               ;                    ;                                             ;
; ADC_INPUT[10]                   ; Top       ; Input Port    ; n/a                ;                                             ;
;     -- ADC_INPUT[10]            ; Top       ; Input Pad     ; IOPAD_X25_Y34_N21  ; Preserved from Post-Fit or Imported Netlist ;
;     -- ADC_INPUT[10]~input      ; Top       ; Input Buffer  ; IOIBUF_X25_Y34_N22 ; Preserved from Post-Fit or Imported Netlist ;
;                                 ;           ;               ;                    ;                                             ;
; ADC_INPUT[11]                   ; Top       ; Input Port    ; n/a                ;                                             ;
;     -- ADC_INPUT[11]            ; Top       ; Input Pad     ; IOPAD_X25_Y34_N14  ; Preserved from Post-Fit or Imported Netlist ;
;     -- ADC_INPUT[11]~input      ; Top       ; Input Buffer  ; IOIBUF_X25_Y34_N15 ; Preserved from Post-Fit or Imported Netlist ;
;                                 ;           ;               ;                    ;                                             ;
; ADC_INPUT[1]                    ; Top       ; Input Port    ; n/a                ;                                             ;
;     -- ADC_INPUT[1]             ; Top       ; Input Pad     ; IOPAD_X0_Y23_N21   ; Preserved from Post-Fit or Imported Netlist ;
;     -- ADC_INPUT[1]~input       ; Top       ; Input Buffer  ; IOIBUF_X0_Y23_N22  ; Preserved from Post-Fit or Imported Netlist ;
;                                 ;           ;               ;                    ;                                             ;
; ADC_INPUT[2]                    ; Top       ; Input Port    ; n/a                ;                                             ;
;     -- ADC_INPUT[2]             ; Top       ; Input Pad     ; IOPAD_X0_Y26_N14   ; Preserved from Post-Fit or Imported Netlist ;
;     -- ADC_INPUT[2]~input       ; Top       ; Input Buffer  ; IOIBUF_X0_Y26_N15  ; Preserved from Post-Fit or Imported Netlist ;
;                                 ;           ;               ;                    ;                                             ;
; ADC_INPUT[3]                    ; Top       ; Input Port    ; n/a                ;                                             ;
;     -- ADC_INPUT[3]             ; Top       ; Input Pad     ; IOPAD_X3_Y34_N0    ; Preserved from Post-Fit or Imported Netlist ;
;     -- ADC_INPUT[3]~input       ; Top       ; Input Buffer  ; IOIBUF_X3_Y34_N1   ; Preserved from Post-Fit or Imported Netlist ;
;                                 ;           ;               ;                    ;                                             ;
; ADC_INPUT[4]                    ; Top       ; Input Port    ; n/a                ;                                             ;
;     -- ADC_INPUT[4]             ; Top       ; Input Pad     ; IOPAD_X7_Y34_N14   ; Preserved from Post-Fit or Imported Netlist ;
;     -- ADC_INPUT[4]~input       ; Top       ; Input Buffer  ; IOIBUF_X7_Y34_N15  ; Preserved from Post-Fit or Imported Netlist ;
;                                 ;           ;               ;                    ;                                             ;
; ADC_INPUT[5]                    ; Top       ; Input Port    ; n/a                ;                                             ;
;     -- ADC_INPUT[5]             ; Top       ; Input Pad     ; IOPAD_X16_Y34_N14  ; Preserved from Post-Fit or Imported Netlist ;
;     -- ADC_INPUT[5]~input       ; Top       ; Input Buffer  ; IOIBUF_X16_Y34_N15 ; Preserved from Post-Fit or Imported Netlist ;
;                                 ;           ;               ;                    ;                                             ;
; ADC_INPUT[6]                    ; Top       ; Input Port    ; n/a                ;                                             ;
;     -- ADC_INPUT[6]             ; Top       ; Input Pad     ; IOPAD_X18_Y34_N21  ; Preserved from Post-Fit or Imported Netlist ;
;     -- ADC_INPUT[6]~input       ; Top       ; Input Buffer  ; IOIBUF_X18_Y34_N22 ; Preserved from Post-Fit or Imported Netlist ;
;                                 ;           ;               ;                    ;                                             ;
; ADC_INPUT[7]                    ; Top       ; Input Port    ; n/a                ;                                             ;
;     -- ADC_INPUT[7]             ; Top       ; Input Pad     ; IOPAD_X18_Y34_N0   ; Preserved from Post-Fit or Imported Netlist ;
;     -- ADC_INPUT[7]~input       ; Top       ; Input Buffer  ; IOIBUF_X18_Y34_N1  ; Preserved from Post-Fit or Imported Netlist ;
;                                 ;           ;               ;                    ;                                             ;
; ADC_INPUT[8]                    ; Top       ; Input Port    ; n/a                ;                                             ;
;     -- ADC_INPUT[8]             ; Top       ; Input Pad     ; IOPAD_X20_Y34_N14  ; Preserved from Post-Fit or Imported Netlist ;
;     -- ADC_INPUT[8]~input       ; Top       ; Input Buffer  ; IOIBUF_X20_Y34_N15 ; Preserved from Post-Fit or Imported Netlist ;
;                                 ;           ;               ;                    ;                                             ;
; ADC_INPUT[9]                    ; Top       ; Input Port    ; n/a                ;                                             ;
;     -- ADC_INPUT[9]             ; Top       ; Input Pad     ; IOPAD_X20_Y34_N7   ; Preserved from Post-Fit or Imported Netlist ;
;     -- ADC_INPUT[9]~input       ; Top       ; Input Buffer  ; IOIBUF_X20_Y34_N8  ; Preserved from Post-Fit or Imported Netlist ;
;                                 ;           ;               ;                    ;                                             ;
; ADC_OTR                         ; Top       ; Input Port    ; n/a                ;                                             ;
;     -- ADC_OTR                  ; Top       ; Input Pad     ; IOPAD_X29_Y34_N14  ; Preserved from Post-Fit or Imported Netlist ;
;     -- ADC_OTR~input            ; Top       ; Input Buffer  ; IOIBUF_X29_Y34_N15 ; Preserved from Post-Fit or Imported Netlist ;
;                                 ;           ;               ;                    ;                                             ;
; DAC_CLK                         ; Top       ; Output Port   ; n/a                ;                                             ;
;     -- DAC_CLK                  ; Top       ; Output Pad    ; IOPAD_X49_Y0_N7    ; Preserved from Post-Fit or Imported Netlist ;
;     -- DAC_CLK~output           ; Top       ; Output Buffer ; IOOBUF_X49_Y0_N9   ; Preserved from Post-Fit or Imported Netlist ;
;                                 ;           ;               ;                    ;                                             ;
; DAC_OUTPUT[0]                   ; Top       ; Output Port   ; n/a                ;                                             ;
;     -- DAC_OUTPUT[0]            ; Top       ; Output Pad    ; IOPAD_X53_Y21_N21  ; Preserved from Post-Fit or Imported Netlist ;
;     -- DAC_OUTPUT[0]~output     ; Top       ; Output Buffer ; IOOBUF_X53_Y21_N23 ; Preserved from Post-Fit or Imported Netlist ;
;                                 ;           ;               ;                    ;                                             ;
; DAC_OUTPUT[10]                  ; Top       ; Output Port   ; n/a                ;                                             ;
;     -- DAC_OUTPUT[10]           ; Top       ; Output Pad    ; IOPAD_X34_Y0_N0    ; Preserved from Post-Fit or Imported Netlist ;
;     -- DAC_OUTPUT[10]~output    ; Top       ; Output Buffer ; IOOBUF_X34_Y0_N2   ; Preserved from Post-Fit or Imported Netlist ;
;                                 ;           ;               ;                    ;                                             ;
; DAC_OUTPUT[11]                  ; Top       ; Output Port   ; n/a                ;                                             ;
;     -- DAC_OUTPUT[11]           ; Top       ; Output Pad    ; IOPAD_X34_Y0_N21   ; Preserved from Post-Fit or Imported Netlist ;
;     -- DAC_OUTPUT[11]~output    ; Top       ; Output Buffer ; IOOBUF_X34_Y0_N23  ; Preserved from Post-Fit or Imported Netlist ;
;                                 ;           ;               ;                    ;                                             ;
; DAC_OUTPUT[12]                  ; Top       ; Output Port   ; n/a                ;                                             ;
;     -- DAC_OUTPUT[12]           ; Top       ; Output Pad    ; IOPAD_X20_Y0_N0    ; Preserved from Post-Fit or Imported Netlist ;
;     -- DAC_OUTPUT[12]~output    ; Top       ; Output Buffer ; IOOBUF_X20_Y0_N2   ; Preserved from Post-Fit or Imported Netlist ;
;                                 ;           ;               ;                    ;                                             ;
; DAC_OUTPUT[13]                  ; Top       ; Output Port   ; n/a                ;                                             ;
;     -- DAC_OUTPUT[13]           ; Top       ; Output Pad    ; IOPAD_X20_Y0_N7    ; Preserved from Post-Fit or Imported Netlist ;
;     -- DAC_OUTPUT[13]~output    ; Top       ; Output Buffer ; IOOBUF_X20_Y0_N9   ; Preserved from Post-Fit or Imported Netlist ;
;                                 ;           ;               ;                    ;                                             ;
; DAC_OUTPUT[1]                   ; Top       ; Output Port   ; n/a                ;                                             ;
;     -- DAC_OUTPUT[1]            ; Top       ; Output Pad    ; IOPAD_X53_Y20_N14  ; Preserved from Post-Fit or Imported Netlist ;
;     -- DAC_OUTPUT[1]~output     ; Top       ; Output Buffer ; IOOBUF_X53_Y20_N16 ; Preserved from Post-Fit or Imported Netlist ;
;                                 ;           ;               ;                    ;                                             ;
; DAC_OUTPUT[2]                   ; Top       ; Output Port   ; n/a                ;                                             ;
;     -- DAC_OUTPUT[2]            ; Top       ; Output Pad    ; IOPAD_X49_Y0_N0    ; Preserved from Post-Fit or Imported Netlist ;
;     -- DAC_OUTPUT[2]~output     ; Top       ; Output Buffer ; IOOBUF_X49_Y0_N2   ; Preserved from Post-Fit or Imported Netlist ;
;                                 ;           ;               ;                    ;                                             ;
; DAC_OUTPUT[3]                   ; Top       ; Output Port   ; n/a                ;                                             ;
;     -- DAC_OUTPUT[3]            ; Top       ; Output Pad    ; IOPAD_X47_Y0_N21   ; Preserved from Post-Fit or Imported Netlist ;
;     -- DAC_OUTPUT[3]~output     ; Top       ; Output Buffer ; IOOBUF_X47_Y0_N23  ; Preserved from Post-Fit or Imported Netlist ;
;                                 ;           ;               ;                    ;                                             ;
; DAC_OUTPUT[4]                   ; Top       ; Output Port   ; n/a                ;                                             ;
;     -- DAC_OUTPUT[4]            ; Top       ; Output Pad    ; IOPAD_X45_Y0_N14   ; Preserved from Post-Fit or Imported Netlist ;
;     -- DAC_OUTPUT[4]~output     ; Top       ; Output Buffer ; IOOBUF_X45_Y0_N16  ; Preserved from Post-Fit or Imported Netlist ;
;                                 ;           ;               ;                    ;                                             ;
; DAC_OUTPUT[5]                   ; Top       ; Output Port   ; n/a                ;                                             ;
;     -- DAC_OUTPUT[5]            ; Top       ; Output Pad    ; IOPAD_X43_Y0_N14   ; Preserved from Post-Fit or Imported Netlist ;
;     -- DAC_OUTPUT[5]~output     ; Top       ; Output Buffer ; IOOBUF_X43_Y0_N16  ; Preserved from Post-Fit or Imported Netlist ;
;                                 ;           ;               ;                    ;                                             ;
; DAC_OUTPUT[6]                   ; Top       ; Output Port   ; n/a                ;                                             ;
;     -- DAC_OUTPUT[6]            ; Top       ; Output Pad    ; IOPAD_X43_Y0_N21   ; Preserved from Post-Fit or Imported Netlist ;
;     -- DAC_OUTPUT[6]~output     ; Top       ; Output Buffer ; IOOBUF_X43_Y0_N23  ; Preserved from Post-Fit or Imported Netlist ;
;                                 ;           ;               ;                    ;                                             ;
; DAC_OUTPUT[7]                   ; Top       ; Output Port   ; n/a                ;                                             ;
;     -- DAC_OUTPUT[7]            ; Top       ; Output Pad    ; IOPAD_X38_Y0_N0    ; Preserved from Post-Fit or Imported Netlist ;
;     -- DAC_OUTPUT[7]~output     ; Top       ; Output Buffer ; IOOBUF_X38_Y0_N2   ; Preserved from Post-Fit or Imported Netlist ;
;                                 ;           ;               ;                    ;                                             ;
; DAC_OUTPUT[8]                   ; Top       ; Output Port   ; n/a                ;                                             ;
;     -- DAC_OUTPUT[8]            ; Top       ; Output Pad    ; IOPAD_X38_Y0_N7    ; Preserved from Post-Fit or Imported Netlist ;
;     -- DAC_OUTPUT[8]~output     ; Top       ; Output Buffer ; IOOBUF_X38_Y0_N9   ; Preserved from Post-Fit or Imported Netlist ;
;                                 ;           ;               ;                    ;                                             ;
; DAC_OUTPUT[9]                   ; Top       ; Output Port   ; n/a                ;                                             ;
;     -- DAC_OUTPUT[9]            ; Top       ; Output Pad    ; IOPAD_X36_Y0_N21   ; Preserved from Post-Fit or Imported Netlist ;
;     -- DAC_OUTPUT[9]~output     ; Top       ; Output Buffer ; IOOBUF_X36_Y0_N23  ; Preserved from Post-Fit or Imported Netlist ;
;                                 ;           ;               ;                    ;                                             ;
; PREAMP                          ; Top       ; Output Port   ; n/a                ;                                             ;
;     -- PREAMP                   ; Top       ; Output Pad    ; IOPAD_X53_Y22_N7   ; Preserved from Post-Fit or Imported Netlist ;
;     -- PREAMP~output            ; Top       ; Output Buffer ; IOOBUF_X53_Y22_N9  ; Preserved from Post-Fit or Imported Netlist ;
;                                 ;           ;               ;                    ;                                             ;
; STM32_CLK                       ; Top       ; Input Port    ; n/a                ;                                             ;
;     -- STM32_CLK                ; Top       ; Input Pad     ; IOPAD_X0_Y11_N0    ; Preserved from Post-Fit or Imported Netlist ;
;     -- STM32_CLK~input          ; Top       ; Input Buffer  ; IOIBUF_X0_Y11_N1   ; Preserved from Post-Fit or Imported Netlist ;
;                                 ;           ;               ;                    ;                                             ;
; STM32_DATA_IN[0]                ; Top       ; Input Port    ; n/a                ;                                             ;
;     -- STM32_DATA_IN[0]         ; Top       ; Input Pad     ; IOPAD_X0_Y10_N21   ; Preserved from Post-Fit or Imported Netlist ;
;     -- STM32_DATA_IN[0]~input   ; Top       ; Input Buffer  ; IOIBUF_X0_Y10_N22  ; Preserved from Post-Fit or Imported Netlist ;
;                                 ;           ;               ;                    ;                                             ;
; STM32_DATA_IN[1]                ; Top       ; Input Port    ; n/a                ;                                             ;
;     -- STM32_DATA_IN[1]         ; Top       ; Input Pad     ; IOPAD_X0_Y7_N7     ; Preserved from Post-Fit or Imported Netlist ;
;     -- STM32_DATA_IN[1]~input   ; Top       ; Input Buffer  ; IOIBUF_X0_Y7_N8    ; Preserved from Post-Fit or Imported Netlist ;
;                                 ;           ;               ;                    ;                                             ;
; STM32_DATA_IN[2]                ; Top       ; Input Port    ; n/a                ;                                             ;
;     -- STM32_DATA_IN[2]         ; Top       ; Input Pad     ; IOPAD_X0_Y6_N14    ; Preserved from Post-Fit or Imported Netlist ;
;     -- STM32_DATA_IN[2]~input   ; Top       ; Input Buffer  ; IOIBUF_X0_Y6_N15   ; Preserved from Post-Fit or Imported Netlist ;
;                                 ;           ;               ;                    ;                                             ;
; STM32_DATA_IN[3]                ; Top       ; Input Port    ; n/a                ;                                             ;
;     -- STM32_DATA_IN[3]         ; Top       ; Input Pad     ; IOPAD_X1_Y0_N7     ; Preserved from Post-Fit or Imported Netlist ;
;     -- STM32_DATA_IN[3]~input   ; Top       ; Input Buffer  ; IOIBUF_X1_Y0_N8    ; Preserved from Post-Fit or Imported Netlist ;
;                                 ;           ;               ;                    ;                                             ;
; STM32_DATA_OUT[0]               ; Top       ; Output Port   ; n/a                ;                                             ;
;     -- STM32_DATA_OUT[0]        ; Top       ; Output Pad    ; IOPAD_X3_Y0_N0     ; Preserved from Post-Fit or Imported Netlist ;
;     -- STM32_DATA_OUT[0]~output ; Top       ; Output Buffer ; IOOBUF_X3_Y0_N2    ; Preserved from Post-Fit or Imported Netlist ;
;                                 ;           ;               ;                    ;                                             ;
; STM32_DATA_OUT[1]               ; Top       ; Output Port   ; n/a                ;                                             ;
;     -- STM32_DATA_OUT[1]        ; Top       ; Output Pad    ; IOPAD_X5_Y0_N21    ; Preserved from Post-Fit or Imported Netlist ;
;     -- STM32_DATA_OUT[1]~output ; Top       ; Output Buffer ; IOOBUF_X5_Y0_N23   ; Preserved from Post-Fit or Imported Netlist ;
;                                 ;           ;               ;                    ;                                             ;
; STM32_DATA_OUT[2]               ; Top       ; Output Port   ; n/a                ;                                             ;
;     -- STM32_DATA_OUT[2]        ; Top       ; Output Pad    ; IOPAD_X5_Y0_N14    ; Preserved from Post-Fit or Imported Netlist ;
;     -- STM32_DATA_OUT[2]~output ; Top       ; Output Buffer ; IOOBUF_X5_Y0_N16   ; Preserved from Post-Fit or Imported Netlist ;
;                                 ;           ;               ;                    ;                                             ;
; STM32_DATA_OUT[3]               ; Top       ; Output Port   ; n/a                ;                                             ;
;     -- STM32_DATA_OUT[3]        ; Top       ; Output Pad    ; IOPAD_X11_Y0_N21   ; Preserved from Post-Fit or Imported Netlist ;
;     -- STM32_DATA_OUT[3]~output ; Top       ; Output Buffer ; IOOBUF_X11_Y0_N23  ; Preserved from Post-Fit or Imported Netlist ;
;                                 ;           ;               ;                    ;                                             ;
; STM32_SYNC                      ; Top       ; Input Port    ; n/a                ;                                             ;
;     -- STM32_SYNC               ; Top       ; Input Pad     ; IOPAD_X0_Y14_N0    ; Preserved from Post-Fit or Imported Netlist ;
;     -- STM32_SYNC~input         ; Top       ; Input Buffer  ; IOIBUF_X0_Y14_N1   ; Preserved from Post-Fit or Imported Netlist ;
;                                 ;           ;               ;                    ;                                             ;
; clk_sys                         ; Top       ; Input Port    ; n/a                ;                                             ;
;     -- clk_sys                  ; Top       ; Input Pad     ; IOPAD_X0_Y16_N7    ; Preserved from Post-Fit or Imported Netlist ;
;     -- clk_sys~input            ; Top       ; Input Buffer  ; IOIBUF_X0_Y16_N8   ; Preserved from Post-Fit or Imported Netlist ;
;                                 ;           ;               ;                    ;                                             ;
+---------------------------------+-----------+---------------+--------------------+---------------------------------------------+


+-----------------------------------------------------------------------------------------------------------------------------------------------+
; Partition Merge Resource Usage Summary                                                                                                        ;
+---------------------------------------------+-------------------------------------------------------------------------------------------------+
; Resource                                    ; Usage                                                                                           ;
+---------------------------------------------+-------------------------------------------------------------------------------------------------+
; Estimated Total logic elements              ; 8,024 / 22,320 ( 35 % )                                                                         ;
;                                             ;                                                                                                 ;
; Total combinational functions               ; 5350                                                                                            ;
; Logic element usage by number of LUT inputs ;                                                                                                 ;
;     -- 4 input functions                    ; 1356                                                                                            ;
;     -- 3 input functions                    ; 3359                                                                                            ;
;     -- <=2 input functions                  ; 635                                                                                             ;
;                                             ;                                                                                                 ;
; Logic elements by mode                      ;                                                                                                 ;
;     -- normal mode                          ; 2016                                                                                            ;
;     -- arithmetic mode                      ; 3334                                                                                            ;
;                                             ;                                                                                                 ;
; Total registers                             ; 6305                                                                                            ;
;     -- Dedicated logic registers            ; 6305                                                                                            ;
;     -- I/O registers                        ; 0                                                                                               ;
;                                             ;                                                                                                 ;
; I/O pins                                    ; 41                                                                                              ;
; Total memory bits                           ; 77040                                                                                           ;
;                                             ;                                                                                                 ;
; Embedded Multiplier 9-bit elements          ; 20                                                                                              ;
;                                             ;                                                                                                 ;
; Total PLLs                                  ; 1                                                                                               ;
;     -- PLLs                                 ; 1                                                                                               ;
;                                             ;                                                                                                 ;
; Maximum fan-out node                        ; SECOND_PLL:SECOND_PLL|altpll:altpll_component|SECOND_PLL_altpll:auto_generated|wire_pll1_clk[0] ;
; Maximum fan-out                             ; 6237                                                                                            ;
; Total fan-out                               ; 41836                                                                                           ;
; Average fan-out                             ; 3.20                                                                                            ;
+---------------------------------------------+-------------------------------------------------------------------------------------------------+


+------------------------------------------------------------------------------------------------------------------------------------------------------------------------------------------------------------------------------------------------------------------------------------------------------------------------------------------------+
; Partition Merge RAM Summary                                                                                                                                                                                                                                                                                                                    ;
+-------------------------------------------------------------------------------------------------------------------------------------------------------------------------------------------------------------------------+------+------------------+--------------+--------------+--------------+--------------+-------+------------------------+
; Name                                                                                                                                                                                                                    ; Type ; Mode             ; Port A Depth ; Port A Width ; Port B Depth ; Port B Width ; Size  ; MIF                    ;
+-------------------------------------------------------------------------------------------------------------------------------------------------------------------------------------------------------------------------+------+------------------+--------------+--------------+--------------+--------------+-------+------------------------+
; cic:CIC_I|cic_cic_ii_0:cic_ii_0|alt_cic_core:core|alt_cic_dec_siso:dec_one|auk_dspip_channel_buffer:fifo_regulator|scfifo:buffer_FIFO|scfifo_rm51:auto_generated|a_dpfifo_6ku:dpfifo|altsyncram_n7h1:FIFOram|ALTSYNCRAM ; AUTO ; Simple Dual Port ; 4            ; 78           ; 4            ; 78           ; 312   ; None                   ;
; cic:CIC_I|cic_cic_ii_0:cic_ii_0|alt_cic_core:core|auk_dspip_avalon_streaming_sink:input_sink|scfifo:sink_FIFO|scfifo_ff71:auto_generated|a_dpfifo_0lv:dpfifo|altsyncram_j7h1:FIFOram|ALTSYNCRAM                         ; AUTO ; Simple Dual Port ; 8            ; 26           ; 8            ; 26           ; 208   ; None                   ;
; cic:CIC_I|cic_cic_ii_0:cic_ii_0|alt_cic_core:core|auk_dspip_avalon_streaming_source:output_source_0|scfifo:source_FIFO|scfifo_ci71:auto_generated|a_dpfifo_9qv:dpfifo|altsyncram_hah1:FIFOram|ALTSYNCRAM                ; AUTO ; Simple Dual Port ; 32           ; 17           ; 32           ; 17           ; 544   ; None                   ;
; cic:CIC_Q|cic_cic_ii_0:cic_ii_0|alt_cic_core:core|alt_cic_dec_siso:dec_one|auk_dspip_channel_buffer:fifo_regulator|scfifo:buffer_FIFO|scfifo_rm51:auto_generated|a_dpfifo_6ku:dpfifo|altsyncram_n7h1:FIFOram|ALTSYNCRAM ; AUTO ; Simple Dual Port ; 4            ; 78           ; 4            ; 78           ; 312   ; None                   ;
; cic:CIC_Q|cic_cic_ii_0:cic_ii_0|alt_cic_core:core|auk_dspip_avalon_streaming_sink:input_sink|scfifo:sink_FIFO|scfifo_ff71:auto_generated|a_dpfifo_0lv:dpfifo|altsyncram_j7h1:FIFOram|ALTSYNCRAM                         ; AUTO ; Simple Dual Port ; 8            ; 26           ; 8            ; 26           ; 208   ; None                   ;
; cic:CIC_Q|cic_cic_ii_0:cic_ii_0|alt_cic_core:core|auk_dspip_avalon_streaming_source:output_source_0|scfifo:source_FIFO|scfifo_ci71:auto_generated|a_dpfifo_9qv:dpfifo|altsyncram_hah1:FIFOram|ALTSYNCRAM                ; AUTO ; Simple Dual Port ; 32           ; 17           ; 32           ; 17           ; 544   ; None                   ;
; nco:NCO|nco_nco_ii_0:nco_ii_0|asj_nco_as_m_cen:ux0122|altsyncram:altsyncram_component0|altsyncram_fu91:auto_generated|ALTSYNCRAM                                                                                        ; AUTO ; ROM              ; 2048         ; 12           ; --           ; --           ; 24576 ; nco_nco_ii_0_sin_f.hex ;
; nco:NCO|nco_nco_ii_0:nco_ii_0|asj_nco_as_m_cen:ux0123|altsyncram:altsyncram_component0|altsyncram_au91:auto_generated|ALTSYNCRAM                                                                                        ; AUTO ; ROM              ; 2048         ; 12           ; --           ; --           ; 24576 ; nco_nco_ii_0_cos_f.hex ;
; nco:NCO|nco_nco_ii_0:nco_ii_0|asj_nco_as_m_dp_cen:ux0220|altsyncram:altsyncram_component|altsyncram_h982:auto_generated|ALTSYNCRAM                                                                                      ; AUTO ; True Dual Port   ; 2048         ; 12           ; 2048         ; 12           ; 24576 ; nco_nco_ii_0_sin_c.hex ;
; tx_cic:TX_CIC_I|tx_cic_cic_ii_0:cic_ii_0|alt_cic_core:core|auk_dspip_avalon_streaming_sink:input_sink|scfifo:sink_FIFO|scfifo_gf71:auto_generated|a_dpfifo_1lv:dpfifo|altsyncram_l7h1:FIFOram|ALTSYNCRAM                ; AUTO ; Simple Dual Port ; 8            ; 18           ; 8            ; 18           ; 144   ; None                   ;
; tx_cic:TX_CIC_I|tx_cic_cic_ii_0:cic_ii_0|alt_cic_core:core|auk_dspip_avalon_streaming_source:output_source_0|scfifo:source_FIFO|scfifo_ci71:auto_generated|a_dpfifo_9qv:dpfifo|altsyncram_hah1:FIFOram|ALTSYNCRAM       ; AUTO ; Simple Dual Port ; 32           ; 17           ; 32           ; 17           ; 544   ; None                   ;
; tx_cic:TX_CIC_Q|tx_cic_cic_ii_0:cic_ii_0|alt_cic_core:core|auk_dspip_avalon_streaming_sink:input_sink|scfifo:sink_FIFO|scfifo_gf71:auto_generated|a_dpfifo_1lv:dpfifo|altsyncram_l7h1:FIFOram|ALTSYNCRAM                ; AUTO ; Simple Dual Port ; 8            ; 18           ; 8            ; 18           ; 144   ; None                   ;
; tx_cic:TX_CIC_Q|tx_cic_cic_ii_0:cic_ii_0|alt_cic_core:core|auk_dspip_avalon_streaming_source:output_source_0|scfifo:source_FIFO|scfifo_ci71:auto_generated|a_dpfifo_9qv:dpfifo|altsyncram_hah1:FIFOram|ALTSYNCRAM       ; AUTO ; Simple Dual Port ; 32           ; 17           ; 32           ; 17           ; 544   ; None                   ;
+-------------------------------------------------------------------------------------------------------------------------------------------------------------------------------------------------------------------------+------+------------------+--------------+--------------+--------------+--------------+-------+------------------------+


+-----------------------------------------------------------------------------------------------+
; Partition Merge DSP Block Usage Summary                                                       ;
+---------------------------------------+-------------+---------------------+-------------------+
; Statistic                             ; Number Used ; Available per Block ; Maximum Available ;
+---------------------------------------+-------------+---------------------+-------------------+
; Simple Multipliers (9-bit)            ; 0           ; 2                   ; 132               ;
; Simple Multipliers (18-bit)           ; 10          ; 1                   ; 66                ;
; Embedded Multiplier Blocks            ; 10          ; --                  ; 66                ;
; Embedded Multiplier 9-bit elements    ; 20          ; 2                   ; 132               ;
; Signed Embedded Multipliers           ; 10          ; --                  ; --                ;
; Unsigned Embedded Multipliers         ; 0           ; --                  ; --                ;
; Mixed Sign Embedded Multipliers       ; 0           ; --                  ; --                ;
; Variable Sign Embedded Multipliers    ; 0           ; --                  ; --                ;
; Dedicated Input Shift Register Chains ; 0           ; --                  ; --                ;
+---------------------------------------+-------------+---------------------+-------------------+


+--------------------------+
; Partition Merge Messages ;
+--------------------------+
Info: *******************************************************************
Info: Running Quartus Prime Partition Merge
    Info: Version 17.1.1 Internal Build 593 12/11/2017 SJ Standard Edition
    Info: Processing started: Tue Oct 23 19:44:24 2018
Info: Command: quartus_cdb --read_settings_files=off --write_settings_files=off UA3REO -c UA3REO --merge=on
Info (35006): Using previously generated Fitter netlist for partition "Top"
Info (35002): Resolved and merged 1 partition(s)
Info (16010): Generating hard_block partition "hard_block:auto_generated_inst"
    Info (16011): Adding 1 node(s), including 0 DDIO, 1 PLL, 0 transceiver and 0 LCELL
Info (21057): Implemented 8123 device resources after synthesis - the final resource count might be different
    Info (21058): Implemented 20 input pins
    Info (21059): Implemented 21 output pins
    Info (21061): Implemented 8036 logic cells
    Info (21064): Implemented 23 RAM segments
    Info (21065): Implemented 1 PLLs
    Info (21062): Implemented 20 DSP elements
Info: Quartus Prime Partition Merge was successful. 0 errors, 0 warnings
    Info: Peak virtual memory: 4764 megabytes
    Info: Processing ended: Tue Oct 23 19:44:28 2018
    Info: Elapsed time: 00:00:04
    Info: Total CPU time (on all processors): 00:00:04


