Flow report for UA3REO
Mon Oct 08 21:01:04 2018
Quartus Prime Version 17.1.1 Internal Build 593 12/11/2017 SJ Standard Edition


---------------------
; Table of Contents ;
---------------------
  1. Legal Notice
  2. Flow Summary
  3. Flow Settings
  4. Flow Non-Default Global Settings
  5. Flow Elapsed Time
  6. Flow OS Summary
  7. Flow Log
  8. Flow Messages
  9. Flow Suppressed Messages



----------------
; Legal Notice ;
----------------
Copyright (C) 2017  Intel Corporation. All rights reserved.
Your use of Intel Corporation's design tools, logic functions 
and other software and tools, and its AMPP partner logic 
functions, and any output files from any of the foregoing 
(including device programming or simulation files), and any 
associated documentation or information are expressly subject 
to the terms and conditions of the Intel Program License 
Subscription Agreement, the Intel Quartus Prime License Agreement,
the Intel FPGA IP License Agreement, or other applicable license
agreement, including, without limitation, that your use is for
the sole purpose of programming logic devices manufactured by
Intel and sold by Intel or its authorized distributors.  Please
refer to the applicable agreement for further details.



+-----------------------------------------------------------------------------------------------+
; Flow Summary                                                                                  ;
+------------------------------------+----------------------------------------------------------+
; Flow Status                        ; Analyzed - Mon Oct 08 21:01:04 2018                      ;
; Quartus Prime Version              ; 17.1.1 Internal Build 593 12/11/2017 SJ Standard Edition ;
; Revision Name                      ; UA3REO                                                   ;
; Top-level Entity Name              ; UA3REO                                                   ;
; Family                             ; Cyclone IV E                                             ;
; Device                             ; EP4CE22E22C8                                             ;
; Timing Models                      ; Final                                                    ;
; Total logic elements               ; 8,703 / 22,320 ( 39 % )                                  ;
;     Total combinational functions  ; 4,703 / 22,320 ( 21 % )                                  ;
;     Dedicated logic registers      ; 7,724 / 22,320 ( 35 % )                                  ;
; Total registers                    ; 7724                                                     ;
; Total pins                         ; 41 / 80 ( 51 % )                                         ;
; Total virtual pins                 ; 0                                                        ;
; Total memory bits                  ; 77,184 / 608,256 ( 13 % )                                ;
; Embedded Multiplier 9-bit elements ; 18 / 132 ( 14 % )                                        ;
; Total PLLs                         ; 1 / 4 ( 25 % )                                           ;
+------------------------------------+----------------------------------------------------------+


+-----------------------------------------+
; Flow Settings                           ;
+-------------------+---------------------+
; Option            ; Setting             ;
+-------------------+---------------------+
; Start date & time ; 09/29/2018 11:44:56 ;
; Main task         ; Compilation         ;
; Revision Name     ; UA3REO              ;
+-------------------+---------------------+


+------------------------------------------------------------------------------------------------------------------------------------------------+
; Flow Non-Default Global Settings                                                                                                               ;
+-------------------------------------+----------------------------------------+--------------------------------------+-------------+------------+
; Assignment Name                     ; Value                                  ; Default Value                        ; Entity Name ; Section Id ;
+-------------------------------------+----------------------------------------+--------------------------------------+-------------+------------+
; COMPILER_SIGNATURE_ID               ; 215977245589278.153821069605708        ; --                                   ; --          ; --         ;
; ENABLE_DRC_SETTINGS                 ; On                                     ; Off                                  ; --          ; --         ;
; ENABLE_LOGIC_ANALYZER_INTERFACE     ; Off                                    ; --                                   ; --          ; --         ;
; ENABLE_SIGNALTAP                    ; Off                                    ; --                                   ; --          ; --         ;
; FLOW_ENABLE_IO_ASSIGNMENT_ANALYSIS  ; On                                     ; Off                                  ; --          ; --         ;
; MAX_CORE_JUNCTION_TEMP              ; 85                                     ; --                                   ; --          ; --         ;
; MIN_CORE_JUNCTION_TEMP              ; 0                                      ; --                                   ; --          ; --         ;
; MISC_FILE                           ; ADC_corrector.bsf                      ; --                                   ; --          ; --         ;
; MISC_FILE                           ; sum_tx.bsf                             ; --                                   ; --          ; --         ;
; MISC_FILE                           ; SECOND_PLL.bsf                         ; --                                   ; --          ; --         ;
; MISC_FILE                           ; SECOND_PLL.ppf                         ; --                                   ; --          ; --         ;
; MISC_FILE                           ; pll.bsf                                ; --                                   ; --          ; --         ;
; MISC_FILE                           ; pll.ppf                                ; --                                   ; --          ; --         ;
; MISC_FILE                           ; mux14.bsf                              ; --                                   ; --          ; --         ;
; MISC_FILE                           ; mixer_tx.bsf                           ; --                                   ; --          ; --         ;
; MISC_FILE                           ; mixer.bsf                              ; --                                   ; --          ; --         ;
; MISC_FILE                           ; mux16.bsf                              ; --                                   ; --          ; --         ;
; NUM_PARALLEL_PROCESSORS             ; All                                    ; --                                   ; --          ; --         ;
; OCP_HW_EVAL                         ; Disable                                ; Enable                               ; --          ; --         ;
; OUTPUT_IO_TIMING_FAR_END_VMEAS      ; Half Signal Swing                      ; --                                   ; --          ; --         ;
; OUTPUT_IO_TIMING_FAR_END_VMEAS      ; Half Signal Swing                      ; --                                   ; --          ; --         ;
; OUTPUT_IO_TIMING_NEAR_END_VMEAS     ; Half Vccio                             ; --                                   ; --          ; --         ;
; OUTPUT_IO_TIMING_NEAR_END_VMEAS     ; Half Vccio                             ; --                                   ; --          ; --         ;
; PARTITION_COLOR                     ; -- (Not supported for targeted family) ; --                                   ; --          ; Top        ;
; PARTITION_FITTER_PRESERVATION_LEVEL ; -- (Not supported for targeted family) ; --                                   ; --          ; Top        ;
; PARTITION_NETLIST_TYPE              ; -- (Not supported for targeted family) ; --                                   ; --          ; Top        ;
; POWER_BOARD_THERMAL_MODEL           ; None (CONSERVATIVE)                    ; --                                   ; --          ; --         ;
; POWER_PRESET_COOLING_SOLUTION       ; 23 MM HEAT SINK WITH 200 LFPM AIRFLOW  ; --                                   ; --          ; --         ;
; PROJECT_IP_REGENERATION_POLICY      ; ALWAYS_REGENERATE_IP                   ; SKIP_REGENERATING_IP_IF_HDL_MODIFIED ; --          ; --         ;
; PROJECT_OUTPUT_DIRECTORY            ; output_files                           ; --                                   ; --          ; --         ;
; SAVE_DISK_SPACE                     ; Off                                    ; On                                   ; --          ; --         ;
; SMART_RECOMPILE                     ; On                                     ; Off                                  ; --          ; --         ;
; USE_LOGIC_ANALYZER_INTERFACE_FILE   ; debugger1.lai                          ; --                                   ; --          ; --         ;
; USE_SIGNALTAP_FILE                  ; stp1.stp                               ; --                                   ; --          ; --         ;
+-------------------------------------+----------------------------------------+--------------------------------------+-------------+------------+


+-------------------------------------------------------------------------------------------------------------------------------+
; Flow Elapsed Time                                                                                                             ;
+---------------------------+--------------+-------------------------+---------------------+------------------------------------+
; Module Name               ; Elapsed Time ; Average Processors Used ; Peak Virtual Memory ; Total CPU Time (on all processors) ;
+---------------------------+--------------+-------------------------+---------------------+------------------------------------+
; Analysis & Synthesis      ; 00:01:23     ; 1.0                     ; 4917 MB             ; 00:02:44                           ;
; Partition Merge           ; 00:00:02     ; 1.0                     ; 4710 MB             ; 00:00:02                           ;
; I/O Assignment Analysis   ; 00:00:08     ; 1.0                     ; 4944 MB             ; 00:00:08                           ;
; Fitter                    ; 00:00:21     ; 1.1                     ; 5617 MB             ; 00:00:29                           ;
; Assembler                 ; 00:00:04     ; 1.0                     ; 4713 MB             ; 00:00:04                           ;
; TimeQuest Timing Analyzer ; 00:00:05     ; 1.5                     ; 4836 MB             ; 00:00:06                           ;
; Design Assistant          ; 00:00:02     ; 1.0                     ; 4692 MB             ; 00:00:03                           ;
; Analysis & Synthesis      ; 00:01:23     ; 1.0                     ; 4932 MB             ; 00:02:43                           ;
; Partition Merge           ; 00:00:02     ; 1.0                     ; 4709 MB             ; 00:00:02                           ;
; I/O Assignment Analysis   ; 00:00:07     ; 1.0                     ; 4944 MB             ; 00:00:08                           ;
; Analysis & Synthesis      ; 00:01:26     ; 1.0                     ; 4939 MB             ; 00:02:31                           ;
; Partition Merge           ; 00:00:02     ; 1.0                     ; 4719 MB             ; 00:00:03                           ;
; I/O Assignment Analysis   ; 00:00:10     ; 1.0                     ; 4949 MB             ; 00:00:10                           ;
; Fitter                    ; 00:00:30     ; 1.2                     ; 5656 MB             ; 00:00:43                           ;
; Assembler                 ; 00:00:04     ; 1.0                     ; 4726 MB             ; 00:00:04                           ;
; TimeQuest Timing Analyzer ; 00:00:09     ; 1.4                     ; 4876 MB             ; 00:00:09                           ;
; Design Assistant          ; 00:00:02     ; 1.0                     ; 4725 MB             ; 00:00:03                           ;
; Total                     ; 00:06:00     ; --                      ; --                  ; 00:10:12                           ;
+---------------------------+--------------+-------------------------+---------------------+------------------------------------+


+-----------------------------------------------------------------------------------------+
; Flow OS Summary                                                                         ;
+---------------------------+------------------+------------+------------+----------------+
; Module Name               ; Machine Hostname ; OS Name    ; OS Version ; Processor type ;
+---------------------------+------------------+------------+------------+----------------+
; Analysis & Synthesis      ; GUDRON-DESKTOP   ; Windows 10 ; 10.0       ; x86_64         ;
; Partition Merge           ; GUDRON-DESKTOP   ; Windows 10 ; 10.0       ; x86_64         ;
; I/O Assignment Analysis   ; GUDRON-DESKTOP   ; Windows 10 ; 10.0       ; x86_64         ;
; Fitter                    ; GUDRON-DESKTOP   ; Windows 10 ; 10.0       ; x86_64         ;
; Assembler                 ; GUDRON-DESKTOP   ; Windows 10 ; 10.0       ; x86_64         ;
; TimeQuest Timing Analyzer ; GUDRON-DESKTOP   ; Windows 10 ; 10.0       ; x86_64         ;
; Design Assistant          ; GUDRON-DESKTOP   ; Windows 10 ; 10.0       ; x86_64         ;
; Analysis & Synthesis      ; GUDRON-DESKTOP   ; Windows 10 ; 10.0       ; x86_64         ;
; Partition Merge           ; GUDRON-DESKTOP   ; Windows 10 ; 10.0       ; x86_64         ;
; I/O Assignment Analysis   ; GUDRON-DESKTOP   ; Windows 10 ; 10.0       ; x86_64         ;
; Analysis & Synthesis      ; GUDRON-DESKTOP   ; Windows 10 ; 10.0       ; x86_64         ;
; Partition Merge           ; GUDRON-DESKTOP   ; Windows 10 ; 10.0       ; x86_64         ;
; I/O Assignment Analysis   ; GUDRON-DESKTOP   ; Windows 10 ; 10.0       ; x86_64         ;
; Fitter                    ; GUDRON-DESKTOP   ; Windows 10 ; 10.0       ; x86_64         ;
; Assembler                 ; GUDRON-DESKTOP   ; Windows 10 ; 10.0       ; x86_64         ;
; TimeQuest Timing Analyzer ; GUDRON-DESKTOP   ; Windows 10 ; 10.0       ; x86_64         ;
; Design Assistant          ; GUDRON-DESKTOP   ; Windows 10 ; 10.0       ; x86_64         ;
+---------------------------+------------------+------------+------------+----------------+


------------
; Flow Log ;
------------
quartus_map --read_settings_files=on --write_settings_files=off UA3REO -c UA3REO
quartus_cdb --read_settings_files=off --write_settings_files=off UA3REO -c UA3REO --merge=on
quartus_fit --read_settings_files=off --write_settings_files=off UA3REO -c UA3REO --plan
quartus_fit --read_settings_files=off --write_settings_files=off UA3REO -c UA3REO
quartus_asm --read_settings_files=off --write_settings_files=off UA3REO -c UA3REO
quartus_sta UA3REO -c UA3REO
quartus_drc UA3REO -c UA3REO
quartus_map --read_settings_files=on --write_settings_files=off UA3REO -c UA3REO
quartus_cdb --read_settings_files=off --write_settings_files=off UA3REO -c UA3REO --merge=on
quartus_fit --read_settings_files=off --write_settings_files=off UA3REO -c UA3REO --plan
quartus_map --read_settings_files=on --write_settings_files=off UA3REO -c UA3REO
quartus_cdb --read_settings_files=off --write_settings_files=off UA3REO -c UA3REO --merge=on
quartus_fit --read_settings_files=off --write_settings_files=off UA3REO -c UA3REO --plan
quartus_fit --read_settings_files=off --write_settings_files=off UA3REO -c UA3REO
quartus_asm --read_settings_files=off --write_settings_files=off UA3REO -c UA3REO
quartus_sta UA3REO -c UA3REO
quartus_drc UA3REO -c UA3REO



